07-12 00:58:02.981 12907 12907 F DEBUG   : *** *** *** *** *** *** *** *** *** *** *** *** *** *** *** ***
07-12 00:58:02.981 12907 12907 F DEBUG   : Build fingerprint: 'OPPO/PDEM10/OP4A77:13/TP1A.220905.001/Q.15979d4_5d04-9469c:user/release-keys'
07-12 00:58:02.981 12907 12907 F DEBUG   : Revision: '0'
07-12 00:58:02.981 12907 12907 F DEBUG   : ABI: 'arm64'
07-12 00:58:02.981 12907 12907 F DEBUG   : Timestamp: 2024-07-12 00:58:02.753810392+0800
07-12 00:58:02.981 12907 12907 F DEBUG   : Process uptime: 265s
07-12 00:58:02.981 12907 12907 F DEBUG   : Cmdline: com.example.mymediaplayer
07-12 00:58:02.981 12907 12907 F DEBUG   : pid: 11175, tid: 12900, name: Thread-3  >>> com.example.mymediaplayer <<<
07-12 00:58:02.981 12907 12907 F DEBUG   : uid: 10135
07-12 00:58:02.981 12907 12907 F DEBUG   : signal 6 (SIGABRT), code -1 (SI_QUEUE), fault addr --------
07-12 00:58:02.981 12907 12907 F DEBUG   : Abort message: 'invalid pthread_t 0x1d1d212121262828 passed to pthread_detach'
07-12 00:58:02.981 12907 12907 F DEBUG   :     x0  0000000000000000  x1  0000000000003264  x2  0000000000000006  x3  000000746d438c10
07-12 00:58:02.981 12907 12907 F DEBUG   :     x4  0000000000808080  x5  0000000000808080  x6  0000000000808080  x7  8080808080808080
07-12 00:58:02.981 12907 12907 F DEBUG   :     x8  00000000000000f0  x9  00000075882ece60  x10 0000000000000001  x11 0000007588352a44
07-12 00:58:02.981 12907 12907 F DEBUG   :     x12 0101010101010101  x13 000022d6a4a264da  x14 002930dbf43977b5  x15 0000000000000030
07-12 00:58:02.981 12907 12907 F DEBUG   :     x16 00000075883bc8f0  x17 0000007588396890  x18 000000746c486000  x19 0000000000002ba7
07-12 00:58:02.981 12907 12907 F DEBUG   :     x20 0000000000003264  x21 00000000ffffffff  x22 00000075a38e2cc0  x23 0000000000001070
07-12 00:58:02.981 12907 12907 F DEBUG   :     x24 00000074f7400880  x25 000000746d438e80  x26 000000746d438e84  x27 000000746d438e80
07-12 00:58:02.981 12907 12907 F DEBUG   :     x28 000000746d438d80  x29 000000746d438c90
07-12 00:58:02.981 12907 12907 F DEBUG   :     lr  0000007588343a08  sp  000000746d438bf0  pc  0000007588343a34  pst 0000000000001000
07-12 00:58:02.981 12907 12907 F DEBUG   : backtrace:
07-12 00:58:02.981 12907 12907 F DEBUG   :       #00 pc 000000000007da34  /apex/com.android.runtime/lib64/bionic/libc.so (abort+168) (BuildId: e9653d1f6c173c6b86b171a5be6af6eb)
07-12 00:58:02.981 12907 12907 F DEBUG   :       #01 pc 00000000000e5fe0  /apex/com.android.runtime/lib64/bionic/libc.so (__pthread_internal_find(long, char const*)+200) (BuildId: e9653d1f6c173c6b86b171a5be6af6eb)
07-12 00:58:02.981 12907 12907 F DEBUG   :       #02 pc 00000000000e5a98  /apex/com.android.runtime/lib64/bionic/libc.so (pthread_detach+28) (BuildId: e9653d1f6c173c6b86b171a5be6af6eb)
07-12 00:58:02.981 12907 12907 F DEBUG   :       #03 pc 0000000000027714  /data/app/~~jOmvs9XjIWUYcpDRSnbtEA==/com.example.mymediaplayer-Dlkx1RObITfK_WDZS13uWw==/base.apk!libmymediaplayer.so (AudioChannel::start()+72) (BuildId: 16fa9788b1ecb9e20765fadd7538261556e3abb0)
07-12 00:58:02.981 12907 12907 F DEBUG   :       #04 pc 000000000002df18  /data/app/~~jOmvs9XjIWUYcpDRSnbtEA==/com.example.mymediaplayer-Dlkx1RObITfK_WDZS13uWw==/base.apk!libmymediaplayer.so (MyPlayer::start()+116) (BuildId: 16fa9788b1ecb9e20765fadd7538261556e3abb0)
07-12 00:58:02.981 12907 12907 F DEBUG   :       #05 pc 00000000000319a0  /data/app/~~jOmvs9XjIWUYcpDRSnbtEA==/com.example.mymediaplayer-Dlkx1RObITfK_WDZS13uWw==/base.apk!libmymediaplayer.so (Java_com_example_mymediaplayer_MyPlayer_startNative+60) (BuildId: 16fa9788b1ecb9e20765fadd7538261556e3abb0)
07-12 00:58:02.981 12907 12907 F DEBUG   :       #06 pc 000000000021a354  /apex/com.android.art/lib64/libart.so (art_quick_generic_jni_trampoline+148) (BuildId: ad925d3ca990d57109d46a126adf551e)
07-12 00:58:02.981 12907 12907 F DEBUG   :       #07 pc 000000000020a2b0  /apex/com.android.art/lib64/libart.so (nterp_helper+4016) (BuildId: ad925d3ca990d57109d46a126adf551e)
07-12 00:58:02.981 12907 12907 F DEBUG   :       #08 pc 0000000000001cc0  /data/app/~~jOmvs9XjIWUYcpDRSnbtEA==/com.example.mymediaplayer-Dlkx1RObITfK_WDZS13uWw==/base.apk (com.example.mymediaplayer.MyPlayer.start+0)
07-12 00:58:02.981 12907 12907 F DEBUG   :       #09 pc 000000000020a254  /apex/com.android.art/lib64/libart.so (nterp_helper+3924) (BuildId: ad925d3ca990d57109d46a126adf551e)
07-12 00:58:02.981 12907 12907 F DEBUG   :       #10 pc 000000000000165c  /data/app/~~jOmvs9XjIWUYcpDRSnbtEA==/com.example.mymediaplayer-Dlkx1RObITfK_WDZS13uWw==/base.apk (com.example.mymediaplayer.MainActivity.lambda$onCreate$1$com-example-mymediaplayer-MainActivity+36)
07-12 00:58:02.981 12907 12907 F DEBUG   :       #11 pc 000000000020a254  /apex/com.android.art/lib64/libart.so (nterp_helper+3924) (BuildId: ad925d3ca990d57109d46a126adf551e)
07-12 00:58:02.981 12907 12907 F DEBUG   :       #12 pc 0000000000001228  /data/app/~~jOmvs9XjIWUYcpDRSnbtEA==/com.example.mymediaplayer-Dlkx1RObITfK_WDZS13uWw==/base.apk (com.example.mymediaplayer.MainActivity$$ExternalSyntheticLambda1.onPrepared+4)
07-12 00:58:02.981 12907 12907 F DEBUG   :       #13 pc 000000000020b074  /apex/com.android.art/lib64/libart.so (nterp_helper+7540) (BuildId: ad925d3ca990d57109d46a126adf551e)
07-12 00:58:02.981 12907 12907 F DEBUG   :       #14 pc 0000000000001b9c  /data/app/~~jOmvs9XjIWUYcpDRSnbtEA==/com.example.mymediaplayer-Dlkx1RObITfK_WDZS13uWw==/base.apk (com.example.mymediaplayer.MyPlayer.onPrepared+12)
07-12 00:58:02.981 12907 12907 F DEBUG   :       #15 pc 000000000021096c  /apex/com.android.art/lib64/libart.so (art_quick_invoke_stub+556) (BuildId: ad925d3ca990d57109d46a126adf551e)
07-12 00:58:02.981 12907 12907 F DEBUG   :       #16 pc 000000000027b478  /apex/com.android.art/lib64/libart.so (art::ArtMethod::Invoke(art::Thread*, unsigned int*, unsigned int, art::JValue*, char const*)+188) (BuildId: ad925d3ca990d57109d46a126adf551e)
07-12 00:58:02.981 12907 12907 F DEBUG   :       #17 pc 00000000006144b0  /apex/com.android.art/lib64/libart.so (art::JValue art::InvokeVirtualOrInterfaceWithVarArgs<art::ArtMethod*>(art::ScopedObjectAccessAlreadyRunnable const&, _jobject*, art::ArtMethod*, std::__va_list)+472) (BuildId: ad925d3ca990d57109d46a126adf551e)
07-12 00:58:02.981 12907 12907 F DEBUG   :       #18 pc 0000000000614654  /apex/com.android.art/lib64/libart.so (art::JValue art::InvokeVirtualOrInterfaceWithVarArgs<_jmethodID*>(art::ScopedObjectAccessAlreadyRunnable const&, _jobject*, _jmethodID*, std::__va_list)+96) (BuildId: ad925d3ca990d57109d46a126adf551e)
07-12 00:58:02.981 12907 12907 F DEBUG   :       #19 pc 00000000004daba8  /apex/com.android.art/lib64/libart.so (art::JNI<true>::CallVoidMethodV(_JNIEnv*, _jobject*, _jmethodID*, std::__va_list)+612) (BuildId: ad925d3ca990d57109d46a126adf551e)
07-12 00:58:02.981 12907 12907 F DEBUG   :       #20 pc 000000000044ac24  /apex/com.android.art/lib64/libart.so (art::(anonymous namespace)::CheckJNI::CallMethodV(char const*, _JNIEnv*, _jobject*, _jclass*, _jmethodID*, std::__va_list, art::Primitive::Type, art::InvokeType)+1696) (BuildId: ad925d3ca990d57109d46a126adf551e)
07-12 00:58:02.981 12907 12907 F DEBUG   :       #21 pc 00000000004399d4  /apex/com.android.art/lib64/libart.so (art::(anonymous namespace)::CheckJNI::CallVoidMethodV(_JNIEnv*, _jobject*, _jmethodID*, std::__va_list) (.llvm.53851893617849478)+76) (BuildId: ad925d3ca990d57109d46a126adf551e)
07-12 00:58:02.981 12907 12907 F DEBUG   :       #22 pc 000000000002d20c  /data/app/~~jOmvs9XjIWUYcpDRSnbtEA==/com.example.mymediaplayer-Dlkx1RObITfK_WDZS13uWw==/base.apk!libmymediaplayer.so (_JNIEnv::CallVoidMethod(_jobject*, _jmethodID*, ...)+188) (BuildId: 16fa9788b1ecb9e20765fadd7538261556e3abb0)
07-12 00:58:02.981 12907 12907 F DEBUG   :       #23 pc 000000000002d110  /data/app/~~jOmvs9XjIWUYcpDRSnbtEA==/com.example.mymediaplayer-Dlkx1RObITfK_WDZS13uWw==/base.apk!libmymediaplayer.so (JNICallbackHelper::onPrepared(int)+132) (BuildId: 16fa9788b1ecb9e20765fadd7538261556e3abb0)
07-12 00:58:02.981 12907 12907 F DEBUG   :       #24 pc 000000000002da48  /data/app/~~jOmvs9XjIWUYcpDRSnbtEA==/com.example.mymediaplayer-Dlkx1RObITfK_WDZS13uWw==/base.apk!libmymediaplayer.so (MyPlayer::prepare_()+1184) (BuildId: 16fa9788b1ecb9e20765fadd7538261556e3abb0)
07-12 00:58:02.981 12907 12907 F DEBUG   :       #25 pc 000000000002d594  /data/app/~~jOmvs9XjIWUYcpDRSnbtEA==/com.example.mymediaplayer-Dlkx1RObITfK_WDZS13uWw==/base.apk!libmymediaplayer.so (task_prepare(void*)+28) (BuildId: 16fa9788b1ecb9e20765fadd7538261556e3abb0)
07-12 00:58:02.981 12907 12907 F DEBUG   :       #26 pc 00000000000e5a08  /apex/com.android.runtime/lib64/bionic/libc.so (__pthread_start(void*)+208) (BuildId: e9653d1f6c173c6b86b171a5be6af6eb)
07-12 00:58:02.981 12907 12907 F DEBUG   :       #27 pc 000000000007f27c  /apex/com.android.runtime/lib64/bionic/libc.so (__start_thread+68) (BuildId: e9653d1f6c173c6b86b171a5be6af6eb)
07-12 00:58:45.852 12568 13253 F libc    : Pointer tag for 0x746edfbbf8 was truncated, see 'https://source.android.com/devices/tech/debug/tagged-pointers'.
07-12 00:58:45.853 12568 13253 F libc    : Fatal signal 6 (SIGABRT), code -1 (SI_QUEUE) in tid 13253 (Thread-3), pid 12568 (e.mymediaplayer)
07-12 00:58:46.646 13345 13345 F DEBUG   : Process name is com.example.mymediaplayer, not key_process
07-12 00:58:46.646 13345 13345 F DEBUG   : keyProcess: 0
07-12 00:58:46.646 13345 13345 F DEBUG   : *** *** *** *** *** *** *** *** *** *** *** *** *** *** *** ***
07-12 00:58:46.646 13345 13345 F DEBUG   : Build fingerprint: 'OPPO/PDEM10/OP4A77:13/TP1A.220905.001/Q.15979d4_5d04-9469c:user/release-keys'
07-12 00:58:46.646 13345 13345 F DEBUG   : Revision: '0'
07-12 00:58:46.646 13345 13345 F DEBUG   : ABI: 'arm64'
07-12 00:58:46.646 13345 13345 F DEBUG   : Timestamp: 2024-07-12 00:58:46.012074073+0800
07-12 00:58:46.646 13345 13345 F DEBUG   : Process uptime: 49s
07-12 00:58:46.646 13345 13345 F DEBUG   : Cmdline: com.example.mymediaplayer
07-12 00:58:46.646 13345 13345 F DEBUG   : pid: 12568, tid: 13253, name: Thread-3  >>> com.example.mymediaplayer <<<
07-12 00:58:46.647 13345 13345 F DEBUG   : uid: 10135
07-12 00:58:46.647 13345 13345 F DEBUG   : signal 6 (SIGABRT), code -1 (SI_QUEUE), fault addr --------
07-12 00:58:46.647 13345 13345 F DEBUG   : Abort message: 'Pointer tag for 0x746edfbbf8 was truncated, see 'https://source.android.com/devices/tech/debug/tagged-pointers'.'
07-12 00:58:46.647 13345 13345 F DEBUG   :     x0  0000000000000000  x1  00000000000033c5  x2  0000000000000006  x3  000000746edfba90
07-12 00:58:46.647 13345 13345 F DEBUG   :     x4  8080808080808080  x5  8080808080808080  x6  8080808080808080  x7  8080808080808080
07-12 00:58:46.647 13345 13345 F DEBUG   :     x8  00000000000000f0  x9  00000075882ece60  x10 0000000000000001  x11 0000007588352a44
07-12 00:58:46.647 13345 13345 F DEBUG   :     x12 0101010101010101  x13 000022d6d60657da  x14 00327d3ae3c303b5  x15 0000000000000048
07-12 00:58:46.647 13345 13345 F DEBUG   :     x16 00000075883bc8f0  x17 0000007588396890  x18 000000746b91e000  x19 0000000000003118
07-12 00:58:46.647 13345 13345 F DEBUG   :     x20 00000000000033c5  x21 00000000ffffffff  x22 00000000000033c2  x23 0000000000003118
07-12 00:58:46.647 13345 13345 F DEBUG   :     x24 000000746edfbcb0  x25 000000746edfbcb0  x26 000000746edfbff8  x27 00000000000fc000
07-12 00:58:46.647 13345 13345 F DEBUG   :     x28 00000000000fe000  x29 000000746edfbb10
07-12 00:58:46.647 13345 13345 F DEBUG   :     lr  0000007588343a08  sp  000000746edfba70  pc  0000007588343a34  pst 0000000000001000
07-12 00:58:46.647 13345 13345 F DEBUG   : backtrace:
07-12 00:58:46.647 13345 13345 F DEBUG   :       #00 pc 000000000007da34  /apex/com.android.runtime/lib64/bionic/libc.so (abort+168) (BuildId: e9653d1f6c173c6b86b171a5be6af6eb)
07-12 00:58:46.647 13345 13345 F DEBUG   :       #01 pc 000000000004702c  /apex/com.android.runtime/lib64/bionic/libc.so (free+108) (BuildId: e9653d1f6c173c6b86b171a5be6af6eb)
07-12 00:58:46.647 13345 13345 F DEBUG   :       #02 pc 0000000000031430  /data/app/~~Zn2_dM7dOakVmco73NfMEQ==/com.example.mymediaplayer-KaFhwcJtW35ZHYdbrDgQ2A==/base.apk!libmymediaplayer.so (VideoChannel::video_play()+680) (BuildId: bd09bef20fbadb7ef2afa25e6ceb9ca01afaba1b)
07-12 00:58:46.647 13345 13345 F DEBUG   :       #03 pc 0000000000031174  /data/app/~~Zn2_dM7dOakVmco73NfMEQ==/com.example.mymediaplayer-KaFhwcJtW35ZHYdbrDgQ2A==/base.apk!libmymediaplayer.so (task_video_play(void*)+28) (BuildId: bd09bef20fbadb7ef2afa25e6ceb9ca01afaba1b)
07-12 00:58:46.647 13345 13345 F DEBUG   :       #04 pc 00000000000e5a08  /apex/com.android.runtime/lib64/bionic/libc.so (__pthread_start(void*)+208) (BuildId: e9653d1f6c173c6b86b171a5be6af6eb)
07-12 00:58:46.647 13345 13345 F DEBUG   :       #05 pc 000000000007f27c  /apex/com.android.runtime/lib64/bionic/libc.so (__start_thread+68) (BuildId: e9653d1f6c173c6b86b171a5be6af6eb)
07-12 00:59:09.456 12964 13526 F libc    : Pointer tag for 0x7471811bf8 was truncated, see 'https://source.android.com/devices/tech/debug/tagged-pointers'.
07-12 00:59:09.457 12964 13526 F libc    : Fatal signal 6 (SIGABRT), code -1 (SI_QUEUE) in tid 13526 (Thread-3), pid 12964 (e.mymediaplayer)
07-12 00:59:10.247 13570 13570 F DEBUG   : Process name is com.example.mymediaplayer, not key_process
07-12 00:59:10.247 13570 13570 F DEBUG   : keyProcess: 0
07-12 00:59:10.247 13570 13570 F DEBUG   : *** *** *** *** *** *** *** *** *** *** *** *** *** *** *** ***
07-12 00:59:10.247 13570 13570 F DEBUG   : Build fingerprint: 'OPPO/PDEM10/OP4A77:13/TP1A.220905.001/Q.15979d4_5d04-9469c:user/release-keys'
07-12 00:59:10.247 13570 13570 F DEBUG   : Revision: '0'
07-12 00:59:10.247 13570 13570 F DEBUG   : ABI: 'arm64'
07-12 00:59:10.247 13570 13570 F DEBUG   : Timestamp: 2024-07-12 00:59:09.608229741+0800
07-12 00:59:10.247 13570 13570 F DEBUG   : Process uptime: 67s
07-12 00:59:10.247 13570 13570 F DEBUG   : Cmdline: com.example.mymediaplayer
07-12 00:59:10.247 13570 13570 F DEBUG   : pid: 12964, tid: 13526, name: Thread-3  >>> com.example.mymediaplayer <<<
07-12 00:59:10.247 13570 13570 F DEBUG   : uid: 10135
07-12 00:59:10.247 13570 13570 F DEBUG   : signal 6 (SIGABRT), code -1 (SI_QUEUE), fault addr --------
07-12 00:59:10.247 13570 13570 F DEBUG   : Abort message: 'Pointer tag for 0x7471811bf8 was truncated, see 'https://source.android.com/devices/tech/debug/tagged-pointers'.'
07-12 00:59:10.247 13570 13570 F DEBUG   :     x0  0000000000000000  x1  00000000000034d6  x2  0000000000000006  x3  0000007471811a90
07-12 00:59:10.247 13570 13570 F DEBUG   :     x4  8080808080808080  x5  8080808080808080  x6  8080808080808080  x7  8080808080808080
07-12 00:59:10.247 13570 13570 F DEBUG   :     x8  00000000000000f0  x9  00000075882ece60  x10 0000000000000001  x11 0000007588352a44
07-12 00:59:10.247 13570 13570 F DEBUG   :     x12 0101010101010101  x13 000022d6f1098e42  x14 001ae2bfdac1efb5  x15 0000000000000048
07-12 00:59:10.247 13570 13570 F DEBUG   :     x16 00000075883bc8f0  x17 0000007588396890  x18 000000746ec42000  x19 00000000000032a4
07-12 00:59:10.247 13570 13570 F DEBUG   :     x20 00000000000034d6  x21 00000000ffffffff  x22 00000000000034d2  x23 00000000000032a4
07-12 00:59:10.248 13570 13570 F DEBUG   :     x24 0000007471811cb0  x25 0000007471811cb0  x26 0000007471811ff8  x27 00000000000fc000
07-12 00:59:10.248 13570 13570 F DEBUG   :     x28 00000000000fe000  x29 0000007471811b10
07-12 00:59:10.248 13570 13570 F DEBUG   :     lr  0000007588343a08  sp  0000007471811a70  pc  0000007588343a34  pst 0000000000001000
07-12 00:59:10.248 13570 13570 F DEBUG   : backtrace:
07-12 00:59:10.248 13570 13570 F DEBUG   :       #00 pc 000000000007da34  /apex/com.android.runtime/lib64/bionic/libc.so (abort+168) (BuildId: e9653d1f6c173c6b86b171a5be6af6eb)
07-12 00:59:10.248 13570 13570 F DEBUG   :       #01 pc 000000000004702c  /apex/com.android.runtime/lib64/bionic/libc.so (free+108) (BuildId: e9653d1f6c173c6b86b171a5be6af6eb)
07-12 00:59:10.248 13570 13570 F DEBUG   :       #02 pc 0000000000031430  /data/app/~~Zn2_dM7dOakVmco73NfMEQ==/com.example.mymediaplayer-KaFhwcJtW35ZHYdbrDgQ2A==/base.apk!libmymediaplayer.so (VideoChannel::video_play()+680) (BuildId: bd09bef20fbadb7ef2afa25e6ceb9ca01afaba1b)
07-12 00:59:10.248 13570 13570 F DEBUG   :       #03 pc 0000000000031174  /data/app/~~Zn2_dM7dOakVmco73NfMEQ==/com.example.mymediaplayer-KaFhwcJtW35ZHYdbrDgQ2A==/base.apk!libmymediaplayer.so (task_video_play(void*)+28) (BuildId: bd09bef20fbadb7ef2afa25e6ceb9ca01afaba1b)
07-12 00:59:10.248 13570 13570 F DEBUG   :       #04 pc 00000000000e5a08  /apex/com.android.runtime/lib64/bionic/libc.so (__pthread_start(void*)+208) (BuildId: e9653d1f6c173c6b86b171a5be6af6eb)
07-12 00:59:10.248 13570 13570 F DEBUG   :       #05 pc 000000000007f27c  /apex/com.android.runtime/lib64/bionic/libc.so (__start_thread+68) (BuildId: e9653d1f6c173c6b86b171a5be6af6eb)
07-12 00:59:10.327 12964 13583 F libc    : invalid pthread_t 0x1b53595354 passed to pthread_detach
07-12 00:59:14.007 13285 13687 F libc    : Pointer tag for 0x7470b60bf8 was truncated, see 'https://source.android.com/devices/tech/debug/tagged-pointers'.
07-12 00:59:14.007 13285 13687 F libc    : Fatal signal 6 (SIGABRT), code -1 (SI_QUEUE) in tid 13687 (Thread-3), pid 13285 (e.mymediaplayer)
07-12 00:59:14.784 13767 13767 F DEBUG   : Process name is com.example.mymediaplayer, not key_process
07-12 00:59:14.784 13767 13767 F DEBUG   : keyProcess: 0
07-12 00:59:14.784 13767 13767 F DEBUG   : *** *** *** *** *** *** *** *** *** *** *** *** *** *** *** ***
07-12 00:59:14.784 13767 13767 F DEBUG   : Build fingerprint: 'OPPO/PDEM10/OP4A77:13/TP1A.220905.001/Q.15979d4_5d04-9469c:user/release-keys'
07-12 00:59:14.784 13767 13767 F DEBUG   : Revision: '0'
07-12 00:59:14.784 13767 13767 F DEBUG   : ABI: 'arm64'
07-12 00:59:14.784 13767 13767 F DEBUG   : Timestamp: 2024-07-12 00:59:14.155510937+0800
07-12 00:59:14.784 13767 13767 F DEBUG   : Process uptime: 33s
07-12 00:59:14.784 13767 13767 F DEBUG   : Cmdline: com.example.mymediaplayer
07-12 00:59:14.784 13767 13767 F DEBUG   : pid: 13285, tid: 13687, name: Thread-3  >>> com.example.mymediaplayer <<<
07-12 00:59:14.784 13767 13767 F DEBUG   : uid: 10135
07-12 00:59:14.784 13767 13767 F DEBUG   : signal 6 (SIGABRT), code -1 (SI_QUEUE), fault addr --------
07-12 00:59:14.784 13767 13767 F DEBUG   : Abort message: 'Pointer tag for 0x7470b60bf8 was truncated, see 'https://source.android.com/devices/tech/debug/tagged-pointers'.'
07-12 00:59:14.784 13767 13767 F DEBUG   :     x0  0000000000000000  x1  0000000000003577  x2  0000000000000006  x3  0000007470b60a90
07-12 00:59:14.784 13767 13767 F DEBUG   :     x4  8080808080808080  x5  8080808080808080  x6  8080808080808080  x7  8080808080808080
07-12 00:59:14.784 13767 13767 F DEBUG   :     x8  00000000000000f0  x9  00000075882ece60  x10 0000000000000001  x11 0000007588352a44
07-12 00:59:14.784 13767 13767 F DEBUG   :     x12 0101010101010101  x13 000022d6f63ed3d2  x14 00002ecfd90567b5  x15 0000000000000048
07-12 00:59:14.784 13767 13767 F DEBUG   :     x16 00000075883bc8f0  x17 0000007588396890  x18 0000007471298000  x19 00000000000033e5
07-12 00:59:14.784 13767 13767 F DEBUG   :     x20 0000000000003577  x21 00000000ffffffff  x22 0000000000003575  x23 00000000000033e5
07-12 00:59:14.784 13767 13767 F DEBUG   :     x24 0000007470b60cb0  x25 0000007470b60cb0  x26 0000007470b60ff8  x27 00000000000fc000
07-12 00:59:14.784 13767 13767 F DEBUG   :     x28 00000000000fe000  x29 0000007470b60b10
07-12 00:59:14.784 13767 13767 F DEBUG   :     lr  0000007588343a08  sp  0000007470b60a70  pc  0000007588343a34  pst 0000000000001000
07-12 00:59:14.784 13767 13767 F DEBUG   : backtrace:
07-12 00:59:14.784 13767 13767 F DEBUG   :       #00 pc 000000000007da34  /apex/com.android.runtime/lib64/bionic/libc.so (abort+168) (BuildId: e9653d1f6c173c6b86b171a5be6af6eb)
07-12 00:59:14.784 13767 13767 F DEBUG   :       #01 pc 000000000004702c  /apex/com.android.runtime/lib64/bionic/libc.so (free+108) (BuildId: e9653d1f6c173c6b86b171a5be6af6eb)
07-12 00:59:14.784 13767 13767 F DEBUG   :       #02 pc 0000000000031430  /data/app/~~Zn2_dM7dOakVmco73NfMEQ==/com.example.mymediaplayer-KaFhwcJtW35ZHYdbrDgQ2A==/base.apk!libmymediaplayer.so (VideoChannel::video_play()+680) (BuildId: bd09bef20fbadb7ef2afa25e6ceb9ca01afaba1b)
07-12 00:59:14.785 13767 13767 F DEBUG   :       #03 pc 0000000000031174  /data/app/~~Zn2_dM7dOakVmco73NfMEQ==/com.example.mymediaplayer-KaFhwcJtW35ZHYdbrDgQ2A==/base.apk!libmymediaplayer.so (task_video_play(void*)+28) (BuildId: bd09bef20fbadb7ef2afa25e6ceb9ca01afaba1b)
07-12 00:59:14.785 13767 13767 F DEBUG   :       #04 pc 00000000000e5a08  /apex/com.android.runtime/lib64/bionic/libc.so (__pthread_start(void*)+208) (BuildId: e9653d1f6c173c6b86b171a5be6af6eb)
07-12 00:59:14.785 13767 13767 F DEBUG   :       #05 pc 000000000007f27c  /apex/com.android.runtime/lib64/bionic/libc.so (__start_thread+68) (BuildId: e9653d1f6c173c6b86b171a5be6af6eb)
--------- beginning of system
07-12 08:51:50.873  2250  8543 W SettingsProvider: You shouldn't keep your settings in the secure settings. This will soon become an error!!!
07-12 08:51:50.874  2250  8543 W SettingsProvider: You shouldn't keep your settings in the secure settings. This will soon become an error!!!
07-12 08:51:50.875  2250  8543 W SettingsProvider: You shouldn't keep your settings in the secure settings. This will soon become an error!!!
07-12 08:51:50.885  2250  3578 W SettingsProvider: You shouldn't keep your settings in the secure settings. This will soon become an error!!!
07-12 08:51:50.889  2250  2305 W EyeProtectCompatHandler: handleRgbMatrix: rgbMatrix is null, skip
07-12 08:51:50.889  2250  2305 W EyeProtectCompatHandler: handleRgbMatrix: rgbMatrix is null, skip
07-12 08:51:50.891  2250  8543 D CompatibilityChangeReporter: Compat change id reported: 161145287; UID 10393; state: DISABLED
07-12 08:51:50.908  2250  8543 W OplusSelfProtectManager: pkg[com.oplus.crashbox] not in policy list
07-12 08:51:50.914  2250  8543 D CompatibilityChangeReporter: Compat change id reported: 171306433; UID 10393; state: ENABLED
07-12 08:51:50.914  2250  8543 D CompatibilityChangeReporter: Compat change id reported: 218533173; UID 10393; state: ENABLED
07-12 08:51:50.915  2250  8543 D CompatibilityChangeReporter: Compat change id reported: 226439802; UID 10393; state: DISABLED
07-12 08:51:50.919 27331 27331 I Quality : Odex status:up-to-date filter:speed-profile reason:bg-dexopt location:/data/app/~~hDrFEcdBaMwaVVI4Z5kxDg==/com.oplus.statistics.rom-5Xj0FD5kxg_9oqYho_xleQ==/base.apk cost:119
07-12 08:51:50.945  2250  4292 D CompatibilityChangeReporter: Compat change id reported: 168419799; UID 10214; state: DISABLED
07-12 08:51:50.985  2250  8543 W OplusSelfProtectManager: pkg[com.oplus.crashbox] not in policy list
07-12 08:51:51.252  2250  4475 D IntervalStats: Unable to parse usage stats packages: [28, 34, 66, 81, 85, 86, 90, 98, 100, 102, 103, 117, 144, 147, 150, 151, 170, 178, 189, 205, 208, 218, 227, 257, 276, 279, 306, 319, 321, 370, 374, 397, 437, 438, 441, 455, 464, 466, 469, 473, 474, 481, 484, 485, 489, 493, 730, 958, 1051, 1471, 1477, 1623, 2140, 2225, 2241, 2250, 2254, 2298, 2300, 2301, 2302, 2305, 2310, 2323, 2327, 2343, 2345, 2356, 2374, 2510, 2511, 2512, 2513, 2514, 2515, 2516, 2517, 2518, 2519, 2520, 2521, 2522, 2523, 2524, 2525, 2526, 2527, 2528, 2529, 2530, 2531, 2532, 2533, 2534, 2535, 2536, 2537, 2538, 2539, 2540, 2541, 2542, 2543, 2544, 2545, 2546, 2547, 2548, 2549, 2550, 2551, 2552, 2553, 2554, 2555, 2556, 2558, 2559, 2560, 2561, 2562, 2563, 2564, 2565, 2566, 2567, 2568, 2569, 2570, 2571, 2572, 2573, 2574, 2575, 2576, 2577, 2578, 2579, 2580, 2581, 2582, 2583, 2584, 2585, 2586, 2587, 2588, 2589, 2590, 2591, 2592, 2593, 2594, 2595, 2596, 2597, 2598, 2599, 2600, 2601, 2602, 2603, 2604, 2605, 2606, 2607, 2608, 2609, 2610, 2611, 2612, 2613, 2614, 2615, 2616, 2617, 2618, 2619, 2620, 2621, 2622, 2623, 2624, 2626, 2628, 2629, 2637, 2640, 2656, 2664, 2708, 2711, 2814, 2915, 2947, 2987, 3017, 3021, 3105, 3202, 3203, 3204, 3205, 3206, 3207, 3208, 3209, 3210, 3212, 3213, 3214, 3215, 3216, 3217, 3218, 3219, 3220, 3221, 3222, 3223, 3224, 3225, 3226, 3227, 3228, 3229, 3230, 3231, 3232, 3233, 3234, 3235, 3236, 3237, 3238, 3239, 3240, 3241, 3242, 3243, 3244, 3245, 3246, 3247, 3249, 3251, 3254, 3255, 3257, 3260, 3261, 3262, 3263, 3265, 3268, 3269, 3270, 3271, 3272, 3273]
07-12 08:51:51.257  2250  4475 D IntervalStats: Unable to parse usage stats packages: [28, 34, 66, 85, 86, 90, 100, 102, 147, 150, 151, 170, 178, 189, 205, 208, 218, 370, 374, 1051, 1471, 1623, 2140, 2225, 2241, 2640, 2664, 2708, 2711, 2814, 2915, 2947, 2987, 3021, 3202, 3249, 3255, 3262, 3271, 3272, 3274, 3290, 3291, 3292, 3329, 3371, 3410, 3571, 3572, 3577, 3579, 3583, 3584, 3585, 3586, 3587, 3588, 3589, 3590, 3591, 3592, 3593, 3594, 3595, 3596, 3597, 3598, 3599, 3600, 3601, 3602, 3603, 3604, 3605, 3606, 3607, 3608, 3609, 3610, 3611, 3612, 3613, 3614, 3615, 3616, 3617, 3618, 3619, 3621, 3635, 3637, 3638, 3640, 3642, 3646, 3647, 3650, 3651, 3653, 3654, 3658, 3659, 3689, 3690, 3691, 3692, 3693, 3696, 3697, 3698, 3700, 3714, 3716, 3717, 3718, 3719, 3720, 3721, 3722, 3723, 3724, 3725, 3726, 3727, 3731, 3733, 3736, 3737, 3738, 3743, 3744, 3746, 3747, 3749, 3750, 3752, 3753, 3754, 3755, 3757, 3759, 3760, 3761, 3764, 3765, 3768, 3769, 3772, 3774, 3780, 3781, 3782, 3783, 3784, 3788, 3789, 3791, 3793, 3794, 3797, 3799, 3801, 3802, 3805, 3808, 3815, 3819]
07-12 08:51:51.258  2250  4475 D UsageStatsService: User[0] type=3 b=0 e=1720745511237 cb=1696254075806 ce=1720745511102 disk=748 all=1180
07-12 08:51:51.284  2250  3578 D StdIDManager: stdid call:com.heytap.browser,10061,OUID,10358
07-12 08:51:51.304  2250  2278 D CompatibilityChangeReporter: Compat change id reported: 135634846; UID 10229; state: DISABLED
07-12 08:51:51.304  2250  2278 D CompatibilityChangeReporter: Compat change id reported: 177438394; UID 10229; state: DISABLED
07-12 08:51:51.304  2250  2278 D CompatibilityChangeReporter: Compat change id reported: 135772972; UID 10229; state: DISABLED
07-12 08:51:51.304  2250  2324 D CompatibilityChangeReporter: Compat change id reported: 143937733; UID 10229; state: ENABLED
07-12 08:51:51.338  2250  2278 D CompatibilityChangeReporter: Compat change id reported: 161252188; UID 10187; state: DISABLED
07-12 08:51:51.362  2250  2324 W ActivityManager: Slow operation: 59ms so far, now at startProcess: returned from zygote!
07-12 08:51:51.363  2250  2324 W ActivityManager: Slow operation: 59ms so far, now at startProcess: done updating battery stats
07-12 08:51:51.363  2250  2324 W ActivityManager: Slow operation: 59ms so far, now at startProcess: building log message
07-12 08:51:51.363  2250  2324 I ActivityManager: Start proc 27603:com.tencent.mm/u0a229 for content provider {com.tencent.mm/com.tencent.mm.plugin.base.stub.MMPluginProvider}
07-12 08:51:51.363  2250  2324 W ActivityManager: Slow operation: 59ms so far, now at startProcess: starting to update pids map
07-12 08:51:51.363  2250  2324 W ActivityManager: Slow operation: 59ms so far, now at startProcess: done updating pids map
07-12 08:51:51.381  2250  2901 W JobScheduler: Job didn't exist in JobStore: #com.oplus.crashbox/11835
07-12 08:51:51.441  2250  3577 D CompatibilityChangeReporter: Compat change id reported: 168419799; UID 10187; state: DISABLED
07-12 08:51:52.128 27603 27603 I Quality : Odex status:up-to-date filter:speed-profile reason:bg-dexopt location:/data/user/0/com.tencent.mm/tinker/patch-4879838c/dex/tinker_classN.apk cost:355
07-12 08:51:52.203  2250  2329 D CompatibilityChangeReporter: Compat change id reported: 168419799; UID 10229; state: DISABLED
07-12 08:51:52.259  2250  4292 D CompatibilityChangeReporter: Compat change id reported: 161145287; UID 10229; state: DISABLED
07-12 08:51:52.306  2250  4292 W PackageManager: package unknown uid 10229 pid 27603 call SetEnabledSetting(com.tencent.mm component = androidx.work.impl.background.systemjob.SystemJobService, 1, 0)
07-12 08:51:52.383 27603 27603 E ActivityThread: Failed to find provider info for com.google.android.gsf.gservices
07-12 08:51:52.385 27603 27603 E ActivityThread: Failed to find provider info for com.google.android.gsf.gservices
07-12 08:51:52.386 27603 27603 E ActivityThread: Failed to find provider info for com.google.android.gms.phenotype
07-12 08:51:52.386 27603 27603 E ActivityThread: Failed to find provider info for com.google.android.gsf.gservices
07-12 08:51:52.407  2250  3577 W ActivityManager: Unbind failed: could not find connection for android.os.BinderProxy@bb1c089
07-12 08:51:52.432 27603 27702 E ActivityThread: Failed to find provider info for com.google.android.gsf.gservices
07-12 08:51:52.444 27144 27144 W ContextImpl: Calling a method in the system process without a qualified user: android.app.ContextImpl.startService:1877 android.content.ContextWrapper.startService:827 com.heytap.mcs.biz.statistics.StaticProcessTrackStatusManager.exitCurrentProcess:11 com.heytap.mcs.biz.statistics.StaticProcessTrackStatusManager$1.handleMessage:3 android.os.Handler.dispatchMessage:102 
07-12 08:51:52.503  2250  5681 I ActivityManager: Process com.heytap.mcs.statistics (pid 27144) has died: fg  IMPF
07-12 08:51:52.507 25054 25054 I ActivityThread: Removing dead content provider:android.content.ContentProviderProxy@edf0906
07-12 08:51:52.533 27603 27702 E ActivityThread: Failed to find provider info for com.google.android.gsf.gservices
07-12 08:51:52.540  2250  4292 D VRR [OPlusExternalRefreshRateManager]: isPkgTfcEnable: pkgName = com.tencent.mm, enable = false
07-12 08:51:52.540  2250  4292 D VRR [OPlusExternalRefreshRateManager]: getTfcMinFramerate: pkgName = com.tencent.mm, min framerate = 0
07-12 08:51:52.542 27603 27702 E ActivityThread: Failed to find provider info for com.google.android.gsf.gservices
07-12 08:51:52.549  2250  4292 W ActivityManager: Unbind failed: could not find connection for android.os.BinderProxy@303f7c1
07-12 08:51:52.549 27603 27702 E ActivityThread: Failed to find provider info for com.google.android.gsf.gservices
07-12 08:51:52.553 27603 27702 E ActivityThread: Failed to find provider info for com.google.android.gsf.gservices
07-12 08:51:52.575  2250  4292 W ActivityManager: Background start not allowed: service Intent { cmp=com.tencent.mm/.service.ProcessService$MMProcessService } to com.tencent.mm/.service.ProcessService$MMProcessService from pid=27603 uid=10229 pkg=com.tencent.mm startFg?=false
07-12 08:51:52.899  2250  8543 D StdIDManager: stdid call:com.tencent.mm,10229,OUID,10358
07-12 08:51:52.912  2250  4292 D CompatibilityChangeReporter: Compat change id reported: 171306433; UID 10229; state: DISABLED
07-12 08:51:53.160  2250  4475 D CompatibilityChangeReporter: Compat change id reported: 157233955; UID 10229; state: DISABLED
07-12 08:51:53.463  2250  2250 D CompatibilityChangeReporter: Compat change id reported: 135634846; UID 10067; state: DISABLED
07-12 08:51:53.463  2250  2250 D CompatibilityChangeReporter: Compat change id reported: 177438394; UID 10067; state: DISABLED
07-12 08:51:53.463  2250  2250 D CompatibilityChangeReporter: Compat change id reported: 135772972; UID 10067; state: DISABLED
07-12 08:51:53.464  2250  2250 D CompatibilityChangeReporter: Compat change id reported: 135754954; UID 10067; state: ENABLED
07-12 08:51:53.464  2250  2324 D CompatibilityChangeReporter: Compat change id reported: 143937733; UID 10067; state: ENABLED
07-12 08:51:53.470  2250  2250 D CompatibilityChangeReporter: Compat change id reported: 135634846; UID 10375; state: DISABLED
07-12 08:51:53.470  2250  2250 D CompatibilityChangeReporter: Compat change id reported: 177438394; UID 10375; state: DISABLED
07-12 08:51:53.470  2250  2250 D CompatibilityChangeReporter: Compat change id reported: 135772972; UID 10375; state: DISABLED
07-12 08:51:53.470  2250  2250 D CompatibilityChangeReporter: Compat change id reported: 135754954; UID 10375; state: ENABLED
07-12 08:51:53.496  2250  2324 I ActivityManager: Start proc 27771:com.android.mms/u0a67 for service {com.android.mms/com.ted.android.common.update.TedJobScheduler}
07-12 08:51:53.497  2250  2324 D CompatibilityChangeReporter: Compat change id reported: 143937733; UID 10375; state: ENABLED
07-12 08:51:53.531  2250  2324 W ActivityManager: Slow operation: 64ms so far, now at startProcess: returned from zygote!
07-12 08:51:53.531  2250  2324 W ActivityManager: Slow operation: 64ms so far, now at startProcess: done updating battery stats
07-12 08:51:53.531  2250  2324 W ActivityManager: Slow operation: 64ms so far, now at startProcess: building log message
07-12 08:51:53.531  2250  2324 I ActivityManager: Start proc 27789:com.oplus.cosa/u0a375 for service {com.oplus.cosa/androidx.work.impl.background.systemjob.SystemJobService}
07-12 08:51:53.531  2250  2324 W ActivityManager: Slow operation: 64ms so far, now at startProcess: starting to update pids map
07-12 08:51:53.532  2250  2324 W ActivityManager: Slow operation: 65ms so far, now at startProcess: done updating pids map
07-12 08:51:53.625  2250  8543 W PackageManager: package unknown uid 10229 pid 27603 call SetEnabledSetting(com.tencent.mm component = androidx.work.impl.background.systemalarm.RescheduleReceiver, 1, 0)
07-12 08:51:53.649  2250  8543 D CompatibilityChangeReporter: Compat change id reported: 194532703; UID 10229; state: DISABLED
07-12 08:51:53.675  2250  2901 W PackageManager: package unknown uid 10375 pid 27789 call SetEnabledSetting(com.oplus.cosa component = androidx.work.impl.background.systemjob.SystemJobService, 1, 0)
07-12 08:51:53.733  2250  4475 D CompatibilityChangeReporter: Compat change id reported: 161145287; UID 10375; state: DISABLED
07-12 08:51:53.741  2250  4475 I GameManagerServiceExt: re: 1, Bundle[mParcelledData.dataSize=60] .
07-12 08:51:53.861 27789 27789 I MirageDisplayWindow: OplusActivityManager createMirageWindowSession
07-12 08:51:53.863  2250  8543 V OplusMiragerDisplaySession: add mUid: 10375 mPid: 27789 com.android.server.display.OplusMiragerDisplaySession@ee92f22
07-12 08:51:53.911  2250  8543 D CompatibilityChangeReporter: Compat change id reported: 161145287; UID 10067; state: DISABLED
07-12 08:51:54.134  2250  2250 D CompatibilityChangeReporter: Compat change id reported: 168419799; UID 1000; state: DISABLED
07-12 08:51:54.363  2250  3577 I GameManagerServiceExt: re: 2, Bundle[mParcelledData.dataSize=16812] .
07-12 08:51:54.363  2250  3577 I GameClassifierImpl: updateGameListInfo 100
07-12 08:51:54.363  2250  3577 I GameClassifierImpl: Game size 0
07-12 08:51:54.472  2250  3626 I GameManagerServiceExt: re: 4, Bundle[mParcelledData.dataSize=5856] .
07-12 08:51:54.472  2250  3626 W GameCloudConfig: no tag found lastUpdateTime
07-12 08:51:54.472  2250  3626 W GameCloudConfig: no tag found lastUpdateTime
07-12 08:51:54.562 27771 27867 I Quality : SlowSQLite: /92f8e79c651a5686610c3b2eb5e5209c/ cost= /535
07-12 08:51:54.575  2250  3626 D StdIDManager: stdid call:com.android.mms,10067,OUID,10358
07-12 08:51:54.577  2250  3626 D StdIDManager: stdid call:com.android.mms,10067,AUID,10358
07-12 08:51:54.581 27771 27937 E ActivityThread: Failed to find provider info for com.coloros.appmanager.provider.db
07-12 08:51:54.613 27771 27937 E ActivityThread: Failed to find provider info for com.coloros.appmanager.provider.db
07-12 08:51:54.715  2250  3444 I GameManagerServiceExt: re: 2, Bundle[mParcelledData.dataSize=16812] .
07-12 08:51:54.716  2250  3444 I GameClassifierImpl: updateGameListInfo 100
07-12 08:51:54.716  2250  3444 I GameClassifierImpl: Game size 0
07-12 08:51:54.776 27771 27847 W PackageParser: Unknown element under <manifest>: queries at /data/user/0/com.android.mms/app_instant_card/card.apk Binary XML file line #62
07-12 08:51:55.022  2250  3577 D CompatibilityChangeReporter: Compat change id reported: 194532703; UID 10375; state: DISABLED
07-12 08:51:55.098  2250  3577 E PackageDexUsage: Unsupported context?
07-12 08:51:55.411  2250  3374 I GameClassifierUsingOiface: update size: 3
07-12 08:51:55.423  2250  3577 W PackageManager: package unknown uid 10067 pid 27771 call SetEnabledSetting(com.android.mms component = com.android.mms.receiver.SmsReceiver, 2, 0)
07-12 08:51:55.423  2250  3577 W PackageManager: package unknown uid 10067 pid 27771 call SetEnabledSetting(com.android.mms component = com.android.mms.datamodel.NoConfirmationSmsSendService, 1, 0)
07-12 08:51:55.424  2250  3577 I GameManagerServiceExt: re: 2, Bundle[mParcelledData.dataSize=16812] .
07-12 08:51:55.424  2250  3577 I GameClassifierImpl: updateGameListInfo 100
07-12 08:51:55.424  2250  3577 I GameClassifierImpl: Game size 0
07-12 08:51:55.500 25054 26998 W ContextImpl: Calling a method in the system process without a qualified user: android.app.ContextImpl.startService:1877 android.content.ContextWrapper.startService:827 f2.a.K:7 e2.a.a:1 com.heytap.mcs.biz.appservice.command.b.b:24 
07-12 08:51:55.712 27213 27213 I ConfigurationController: handleConfigurationChanged: false, config: {1.0 ??mcc??mnc [zh_CN_#Hans] ldltr sw360dp w360dp h761dp 640dpi nrml long hdr widecg port finger -keyb/v/h -nav/h winConfig={ mBounds=Rect(0, 0 - 1440, 3168) mAppBounds=Rect(0, 124 - 1440, 3168) mMaxBounds=Rect(0, 0 - 1440, 3168) mDisplayRotation=ROTATION_0 mWindowingMode=fullscreen mDisplayWindowingMode=fullscreen mActivityType=undefined mAlwaysOnTop=undefined mRotation=ROTATION_0} s.5281 fontWeightAdjustment=0mThemeChanged= 0, mThemeChangedFlags= 0, mFlipFont= 0, mAccessibleChanged= -1, mUxIconConfig= 1163078655912980768, mMaterialColor= 5, mUserId= 0, mFontUserId= 0, mFontVariationSettings= 226, mFoldingAngle = -1.0, mIconPackName= , mDarkModeBackgroundMaxL= 8.0, mDarkModeDialogBgMaxL= 27.0, mDarkModeForegroundMinL= 100.0, mOplusConfigType= 1, mOplusChangedConfigs= 0, OpSans= 0, mBurmeseFontFlag= 2, mFlag= 0, mPuttDisplayFlag= -1} 
07-12 08:51:55.712 27213 27213 I ConfigurationController: , curconfig: {1.0 ??mcc??mnc [zh_CN_#Hans] ldltr sw360dp w360dp h761dp 640dpi nrml long hdr widecg port night finger -keyb/v/h -nav/h winConfig={ mBounds=Rect(0, 0 - 1440, 3168) mAppBounds=Rect(0, 124 - 1440, 3168) mMaxBounds=Rect(0, 0 - 1440, 3168) mDisplayRotation=ROTATION_0 mWindowingMode=fullscreen mDisplayWindowingMode=fullscreen mActivityType=undefined mAlwaysOnTop=undefined mRotation=ROTATION_0} s.5174 fontWeightAdjustment=0mThemeChanged= 0, mThemeChangedFlags= 0, mFlipFont= 0, mAccessibleChanged= -1, mUxIconConfig= 1163078655912980768, mMaterialColor= 5, mUserId= 0, mFontUserId= 0, mFontVariationSettings= 226, mFoldingAngle = -1.0, mIconPackName= , mDarkModeBackgroundMaxL= 8.0, mDarkModeDialogBgMaxL= 27.0, mDarkModeForegroundMinL= 100.0, mOplusConfigType= 1, mOplusChangedConfigs= 0, OpSans= 0, mBurmeseFontFlag= 2, mFlag= 0, mPuttDisplayFlag= -1} 
07-12 08:51:55.712 27213 27213 I ConfigurationController: android.app.ConfigurationController.handleConfigurationChanged:158 android.app.ActivityThread$H.handleMessage:2349 android.os.Handler.dispatchMessage:106 android.os.Looper.loopOnce:240 android.os.Looper.loop:351 android.app.ActivityThread.main:8423 java.lang.reflect.Method.invoke:-2 com.android.internal.os.RuntimeInit$MethodAndArgsCaller.run:584 com.android.internal.os.ZygoteInit.main:1013 <bottom of call stack> 
07-12 08:51:55.775 24758 28054 W ActivityThread: ClassLoader.getResourceAsStream: The class loader returned by Thread.getContextClassLoader() may fail for processes that host multiple applications. You should explicitly specify a context class loader. For example: Thread.setContextClassLoader(getClass().getClassLoader());
07-12 08:51:55.816 24249 24368 E ActivityThread: Failed to find provider info for com.platform.usercenter.vip
07-12 08:51:55.829  2250  3834 D StdIDManager: stdid call:com.android.mms,10067,OUID,10358
07-12 08:51:55.894  2250  3444 I GameManagerServiceExt: re: 2, Bundle[mParcelledData.dataSize=17312] .
07-12 08:51:55.894  2250  3444 I GameClassifierImpl: updateGameListInfo 103
07-12 08:51:55.895  2250  3444 I GameClassifierImpl: Game size 3
07-12 08:51:56.246  2250  3374 I GameClassifierUsingOiface: update size: 3
07-12 08:51:56.267 27081 27111 W ContextImpl: Calling a method in the system process without a qualified user: android.app.ContextImpl.startService:1877 android.content.ContextWrapper.startService:827 com.heytap.mcs.biz.message.k.b:8 com.heytap.mcs.biz.message.k.g:6 com.heytap.mcs.biz.message.l.n:4 
07-12 08:51:56.315  2250  5638 I ActivityManager: Process com.heytap.mcs.biz.message (pid 27081) has died: fg  SVC 
07-12 08:51:56.347  2250  3834 W ActivityManager: Receiver with filter android.content.IntentFilter@b5b42bc already registered for pid 2250, callerPackage is android
07-12 08:51:56.553  2250  4202 I GameManagerServiceExt: re: 2, Bundle[mParcelledData.dataSize=17312] .
07-12 08:51:56.553  2250  4202 I GameClassifierImpl: updateGameListInfo 103
07-12 08:51:56.553  2250  4202 I GameClassifierImpl: Game size 3
07-12 08:51:57.438  2250  2957 I UsageStatsService: User[0] Flushing usage stats to disk
07-12 08:51:57.461  2250  2957 I UsageStatsService: User[999] Flushing usage stats to disk
07-12 08:51:57.960  2250  3444 I GameManagerServiceExt: re: 2, Bundle[mParcelledData.dataSize=16812] .
07-12 08:51:57.961  2250  3444 I GameClassifierImpl: updateGameListInfo 100
07-12 08:51:57.961  2250  3444 I GameClassifierImpl: Game size 0
07-12 08:51:58.282  2250  3374 I GameClassifierUsingOiface: update size: 3
07-12 08:51:58.422  2250  3444 I GameManagerServiceExt: re: 2, Bundle[mParcelledData.dataSize=17312] .
07-12 08:51:58.422  2250  3444 I GameClassifierImpl: updateGameListInfo 103
07-12 08:51:58.422  2250  3444 I GameClassifierImpl: Game size 3
07-12 08:52:02.022  2250  8556 D UsageStatsService: User[0] type=0 b=1720731095044 e=1720745522022 cb=1720705100793 ce=1720745517911 disk=0 all=10
07-12 08:52:02.151  2250  8556 D UsageStatsService: User[999] type=0 b=1720717242668 e=1720745522151 cb=1720712943841 ce=1720745517438 disk=0 all=1
07-12 08:52:02.423  2250  3444 I GameManagerServiceExt: re: 4, Bundle[mParcelledData.dataSize=5856] .
07-12 08:52:02.423  2250  3444 W GameCloudConfig: no tag found lastUpdateTime
07-12 08:52:02.423  2250  3444 W GameCloudConfig: no tag found lastUpdateTime
07-12 08:52:08.014   789 26330 I keystore2: keystore2::watchdog: Watchdog thread idle -> terminating. Have a great day.
07-12 08:52:15.568  2250  3946 I ActivityManager: Process com.heytap.mcs.appservice (pid 25054) has died: vis IMPF
07-12 08:52:15.572 20678 20678 I ActivityThread: Removing dead content provider:android.content.ContentProviderProxy@b77c37
07-12 08:52:17.618  2250  3790 D OplusBroadcastSendController: isNeedSkipBatteryBroadcast: skip time out , not skip this battery broadcast
07-12 08:52:17.618  2250  2333 D OplusThermalStats: REPORT_UPDATE_CPU  ->  phoneTemp:260  preHeatThreshold:400
07-12 08:52:17.619  2250  2250 D OplusBrJobSchedulerService: in restriction white list com.oplus.battery action: android.intent.action.BATTERY_CHANGED
07-12 08:52:17.619  2250  2250 D OplusBrJobSchedulerService: in restriction white list com.oplus.battery action: android.intent.action.BATTERY_CHANGED
07-12 08:52:17.619  2250  2250 D OplusBrJobSchedulerService: in restriction white list com.oplus.battery action: android.intent.action.BATTERY_CHANGED
07-12 08:52:17.619  2250  2250 D OplusBrJobSchedulerService: in restriction white list com.oplus.location action: android.intent.action.BATTERY_CHANGED
07-12 08:52:17.619  2250  2250 D OplusBrJobSchedulerService: in restriction white list com.tencent.mm action: android.intent.action.BATTERY_CHANGED
07-12 08:52:17.623  2250  2329 V BroadcastQueue: parallel background broadcast:(BroadcastRecord{8adca2 u-1 android.intent.action.BATTERY_CHANGED}) should be proxyed, target:(BroadcastFilter{1f97a99 10229/u0 ReceiverList{e0077e0 27603 com.tencent.mm/10229/u0 remote:19191e3}})
07-12 08:52:17.718  2250  2315 D ProcessCpuTrackerExtImpl: mContext is already set, return now! 
07-12 08:52:20.708  2250  2958 D OplusSmartDozeHelper: enterSmartDozeIfNeeded: s:early
07-12 08:52:20.710  2250  2958 D CompatibilityChangeReporter: Compat change id reported: 171306433; UID 1000; state: ENABLED
07-12 08:52:20.711  2250  2958 D CompatibilityChangeReporter: Compat change id reported: 218533173; UID 1000; state: ENABLED
07-12 08:52:20.714  2250  2958 D OplusSmartDozeHelper: isInSmartDozeEearlyTime: false
07-12 08:52:20.714  2250  2958 D OplusSmartDozeHelper: isInSmartDozeEearlyTime: false
07-12 08:52:20.715  2250  2958 D OplusSmartDozeHelper: isInSmartDozeEearlyTime: false
07-12 08:52:20.715  2250  2958 D OplusSmartDozeHelper: isInSmartDozeEearlyTime: false
07-12 08:52:20.715  2250  2958 D OplusSmartDozeHelper: isInSmartDozeEearlyTime: false
07-12 08:52:20.715  2250  2958 D OplusSmartDozeHelper: isInSmartDozeEearlyTime: false
07-12 08:52:20.715  2250  2958 D OplusSmartDozeHelper: isInSmartDozeEearlyTime: false
07-12 08:52:20.715  2250  2958 D OplusSmartDozeHelper: isInSmartDozeEearlyTime: false
07-12 08:52:20.715  2250  2958 D OplusSmartDozeHelper: isInSmartDozeEearlyTime: false
07-12 08:52:20.715  2250  2958 D OplusSmartDozeHelper: isInSmartDozeEearlyTime: false
07-12 08:52:20.716  2250  2958 D OplusSmartDozeHelper: isInSmartDozeEearlyTime: false
07-12 08:52:20.716  2250  2958 D OplusSmartDozeHelper: isInSmartDozeEearlyTime: false
07-12 08:52:20.716  2250  2958 D OplusSmartDozeHelper: isInSmartDozeEearlyTime: false
07-12 08:52:20.716  2250  2958 D OplusSmartDozeHelper: isInSmartDozeEearlyTime: false
07-12 08:52:20.716  2250  2958 D OplusSmartDozeHelper: isInSmartDozeEearlyTime: false
07-12 08:52:20.716  2250  2958 D OplusSmartDozeHelper: isInSmartDozeEearlyTime: false
07-12 08:52:20.716  2250  2958 D OplusSmartDozeHelper: isInSmartDozeEearlyTime: false
07-12 08:52:20.717  2250  2958 D OplusSmartDozeHelper: isInSmartDozeEearlyTime: false
07-12 08:52:20.717  2250  2958 D OplusSmartDozeHelper: isInSmartDozeEearlyTime: false
07-12 08:52:20.717  2250  2958 D OplusSmartDozeHelper: isInSmartDozeEearlyTime: false
07-12 08:52:20.717  2250  2958 D OplusSmartDozeHelper: isInSmartDozeEearlyTime: false
07-12 08:52:20.717  2250  2958 D OplusSmartDozeHelper: isInSmartDozeEearlyTime: false
07-12 08:52:20.717  2250  2958 D OplusSmartDozeHelper: isInSmartDozeEearlyTime: false
07-12 08:52:20.717  2250  2958 D OplusSmartDozeHelper: isInSmartDozeEearlyTime: false
07-12 08:52:20.717  2250  2958 D OplusSmartDozeHelper: isInSmartDozeEearlyTime: false
07-12 08:52:20.718  2250  2958 D OplusSmartDozeHelper: isInSmartDozeEearlyTime: false
07-12 08:52:20.718  2250  2958 D OplusSmartDozeHelper: isInSmartDozeEearlyTime: false
07-12 08:52:20.718  2250  2958 D OplusSmartDozeHelper: isInSmartDozeEearlyTime: false
07-12 08:52:20.718  2250  2958 D OplusSmartDozeHelper: isInSmartDozeEearlyTime: false
07-12 08:52:20.718  2250  2958 D OplusSmartDozeHelper: isInSmartDozeEearlyTime: false
07-12 08:52:20.718  2250  2958 D OplusSmartDozeHelper: isInSmartDozeEearlyTime: false
07-12 08:52:20.718  2250  2958 D OplusSmartDozeHelper: isInSmartDozeEearlyTime: false
07-12 08:52:20.718  2250  2958 D OplusSmartDozeHelper: isInSmartDozeEearlyTime: false
07-12 08:52:20.718  2250  2958 D OplusSmartDozeHelper: isInSmartDozeEearlyTime: false
07-12 08:52:20.718  2250  2958 D OplusSmartDozeHelper: isInSmartDozeEearlyTime: false
07-12 08:52:20.718  2250  2958 D OplusSmartDozeHelper: isInSmartDozeEearlyTime: false
07-12 08:52:20.718  2250  2958 D OplusSmartDozeHelper: isInSmartDozeEearlyTime: false
07-12 08:52:20.718  2250  2958 D OplusSmartDozeHelper: isInSmartDozeEearlyTime: false
07-12 08:52:20.732  2250  2958 D CompatibilityChangeReporter: Compat change id reported: 171306433; UID 10117; state: DISABLED
07-12 08:52:20.733  2250  2958 D CompatibilityChangeReporter: Compat change id reported: 218533173; UID 10117; state: DISABLED
07-12 08:52:20.776  2250  2329 V BroadcastQueue: parallel foreground broadcast:(BroadcastRecord{44c0549 u-1 android.os.action.DEVICE_IDLE_MODE_CHANGED}) should be proxyed, target:(BroadcastFilter{dbaac47 10161/u0 ReceiverList{491cb86 23663 com.google.android.gms.unstable/10161/u0 remote:7a6f461}})
07-12 08:52:20.776  2250  2329 V BroadcastQueue: parallel foreground broadcast:(BroadcastRecord{44c0549 u-1 android.os.action.DEVICE_IDLE_MODE_CHANGED}) should be proxyed, target:(BroadcastFilter{edeb668 10161/u0 ReceiverList{cef158b 27156 com.google.android.gms.persistent/10161/u0 remote:b04bf5a}})
07-12 08:52:20.776  2250  2329 V BroadcastQueue: parallel foreground broadcast:(BroadcastRecord{44c0549 u-1 android.os.action.DEVICE_IDLE_MODE_CHANGED}) should be proxyed, target:(BroadcastFilter{159052f 10161/u0 ReceiverList{d4fd70e 27156 com.google.android.gms.persistent/10161/u0 remote:47f5909}})
07-12 08:52:20.776  2250  2329 V BroadcastQueue: parallel foreground broadcast:(BroadcastRecord{44c0549 u-1 android.os.action.DEVICE_IDLE_MODE_CHANGED}) should be proxyed, target:(BroadcastFilter{57f6d30 10161/u0 ReceiverList{8a8ca73 27156 com.google.android.gms.persistent/10161/u0 remote:216e2}})
07-12 08:52:20.776  2250  2329 V BroadcastQueue: parallel foreground broadcast:(BroadcastRecord{44c0549 u-1 android.os.action.DEVICE_IDLE_MODE_CHANGED}) should be proxyed, target:(BroadcastFilter{fc9b249 10161/u0 ReceiverList{2750050 27156 com.google.android.gms.persistent/10161/u0 remote:5ba3613}})
07-12 08:52:20.777  2250  2329 V BroadcastQueue: parallel foreground broadcast:(BroadcastRecord{44c0549 u-1 android.os.action.DEVICE_IDLE_MODE_CHANGED}) should be proxyed, target:(BroadcastFilter{c7d204c 99910161/u999 ReceiverList{567287f 23588 com.google.android.gms.persistent/99910161/u999 remote:61e359e}})
07-12 08:52:20.777  2250  2329 V BroadcastQueue: parallel foreground broadcast:(BroadcastRecord{44c0549 u-1 android.os.action.DEVICE_IDLE_MODE_CHANGED}) should be proxyed, target:(BroadcastFilter{9605566 99910161/u999 ReceiverList{893f9c1 23588 com.google.android.gms.persistent/99910161/u999 remote:f965aa8}})
