07-12 11:38:23.506  2250  3236 D VRR [OPlusExternalRefreshRateManager]: setStatus with: 1
07-12 11:38:23.506  2250  3236 D VRR [OPlusExternalRefreshRateManager]: setStatus from 0 to 1
07-12 11:38:23.506  2250  3236 D VRR [OPlusExternalRefreshRateManager]: keep max rate is: 120.00001
07-12 11:38:23.506  2250  3236 D VRR [OPlusSurfaceFlingerController]:  setMiscExclusiveMode : 120
07-12 11:38:23.507  2250  3236 D VRR [OPlusExternalRefreshRateManager]: setTouchIdleKeepHight enable: true
07-12 11:38:23.507  2250  2390 D VRR [OPlusSurfaceFlingerController]:  setTouchIdle : TouchIdleBean{mEnable=true, mHwEnable=false, mSwEnable=true, mAdfrEnable=false, mAmbientEnable=false, mTimeOut=4000, mContentThreshold=-1, mContentGapMs=500, mBrightnessLimit=200, mNitLimit=-1, mPwmBrightnessLimit=-1, mPwmNitLimit=-1, mBrightnessLimitMax=2147483647, mNitLimiMax=2147483647, mExitHbmNitThreshold=2147483647, mLowestRate=60, mSpecialFps=-1, mBlackList=[], mReadingWhiteList=[], mSpecialTimeOutMap={}, mSpecialContentGap={}, mSwWhiteMap={}, mSwNegligibleOverlay=[], mHwDisablePanel=[], mDefectPanel=[], mAdfrToHwList=[], mAdfrFoldToHW=-1, mLockRateNitThresholds=[]}
07-12 11:38:23.510  2250  3236 D RefreshRate: keepHighRefreshRate status=1: votes=PRIORITY_FOD_SHOW -> Vote{mRefreshRate=120.0, mMinRefreshRate=120.0};PRIORITY_WINDOW_REQUEST -> Vote{mRefreshRate=120.0, mMinRefreshRate=120.0};
07-12 11:38:23.512  2250  3236 D OplusUserManagerServiceEnhance: getMultiSystemUserId  res = -10000
07-12 11:38:23.522  2250  4292 E OplusCustomizeRestrictionManagerService: getUnlockByFingerprintPolicies fail, return default value.
07-12 11:38:23.523  2250  4475 E OplusCustomizeRestrictionManagerService: getUnlockByFingerprintPolicies fail, return default value.
07-12 11:38:23.524  2250  5895 E OplusCustomizeRestrictionManagerService: getUnlockByFingerprintPolicies fail, return default value.
07-12 11:38:23.525  2250  5895 D OplusFeatureAOD: key:2250 tmp:2
07-12 11:38:23.526  2250  2390 D VRR [OPlusRefreshRateService]: handleScreenStateChange state: 3
07-12 11:38:23.526  2250  5895 D DisplayManagerServiceExtImpl: request size(1,1),dpc=com.android.server.display.DisplayPowerController@eb90453 size(0,1),flags=0X200F,id(0,0,local:4630947194340276609), phase=1, enable=true, ready=false,prox=false policy=DOZE,dozeState=DOZE,screenBrightnessOverride=-1.000000,useAuto=true,lowPower=false,lowPowerFactor=1.000000
07-12 11:38:23.527  2250  2379 D BackLightStat: setScreenState: state changed:OFF->DOZE
07-12 11:38:23.528  2250  2379 D DisplayPowerState[0]: setColorFadeLevel: level=1.0
07-12 11:38:23.528  2250  2379 D DisplayPowerController[0]: Brightness [0.0] reason changing to: 'doze_default', previous reason: 'screen_off'. id=local:4630947194340276609
07-12 11:38:23.528  2250  2379 I DisplayPowerController[0]: BrightnessEvent: disp=0, brt=0.0, rcmdBrt=NaN, preBrt=NaN, lux=0.0, preLux=0.0, hbmMax=1.0, hbmMode=off, thrmMax=1.0, flags=, reason=doze_default
07-12 11:38:23.528  2250  2379 D OplusSmartBrightnessController: add for debug Aod brightness set 1.0
07-12 11:38:23.528  2250  3271 D DisplayPowerState[0]: Updating screen state: id=0, state=DOZE, backlight=1.0, sdrBacklight=1.0
07-12 11:38:23.528  2250  3271 D OplusSmartBrightnessController: requestDisplayState isFirstDisplay=true state=3 globalDisplayState=0x3
07-12 11:38:23.528  2250  3271 D LocalDisplayAdapter: setDisplayState(id=4630947194340276609 isFirstDisplay=true state changed:OFF->DOZE) t-Name=PhotonicModulator
07-12 11:38:23.529  2250  2305 I DisplayDeviceRepository: Display device changed state: "", DOZE
07-12 11:38:23.531  2250  2305 D DisplayManagerServiceExtImpl: scheduleTraversalLocked intraversal=false
07-12 11:38:23.531  2250  2305 I DisplayManagerServiceExtImpl: handle logical display changed logicalDisplay=id=0,phase=1,stack=0,content=true,displayInfo{stack=0,type=1,id=0,uId=local:4630947194340276609,state=DOZE,pkg=null}
07-12 11:38:23.532  2250  2305 D DisplayPowerController[0]: screen state changed reported, id = 0, state = 3
07-12 11:38:23.532  2250  2305 D DisplayManagerService: Delivering display event: displayId=0, event=2
07-12 11:38:23.532  2250  3066 D OplusDisplayStateMonitor: screenState: STATE_DOZE  last screenState: STATE_OFF
07-12 11:38:23.533  2250  3066 D OplusDisplayStateMonitor: DisplayDozeTime:2033482813
07-12 11:38:23.533  2250  3066 D OplusDisplayStateMonitor: Last DisplayDozeSuspendTime:2033471321
07-12 11:38:23.533  2250  3066 D OplusDisplayStateMonitor: Display doze suspend time delta: 11492 / 55197 ratio:0.0014426613279023592
07-12 11:38:23.535  2250  2250 I WallpaperManagerServiceExt: removeDisplayData. displayId = 0
07-12 11:38:23.535  2250  2250 D OAppNetControlService: Screens all off
07-12 11:38:23.536  2250  2303 D OplusVFXScreenEffectFeature: notifySFCompatWindowStateChange entered false
07-12 11:38:23.537  2250  2306 D DisplayManagerService: performTraversalInternal pendingTraversal
07-12 11:38:23.537  2250  2306 D DisplayDevice: setLayerStackLocked id=local:4630947194340276609 token=android.os.BinderProxy@abcc1ce stack=-1->0
07-12 11:38:23.538  2250  2380 D OplusPowerManagerHelper: setDozeLightSensorEnabled:true
07-12 11:38:23.541  2250  2305 D DisplayManagerService: MSG_REQUEST_TRAVERSAL pendingCompleted=false
07-12 11:38:23.542  2250  2305 I VRR [OPlusRefreshRateManager]: hasADFRFeature return false
07-12 11:38:23.543  2250  2305 I DisplayManagerService: Comparing display specs: baseModeId=2 allowGroupSwitching=false primaryRefreshRateRange=[0 120] appRequestRefreshRateRange=[0 120] vrrPolicy=POLICY_DEFAULT, existing: baseModeId=2 allowGroupSwitching=false primaryRefreshRateRange=[0 120] appRequestRefreshRateRange=[0 120] vrrPolicy=POLICY_DEFAULT
07-12 11:38:23.546  2250  3236 V BiometricSchedulerOperation: started: {[1253] com.android.server.biometrics.sensors.fingerprint.hidl.FingerprintAuthenticationClient, proto=3, owner=com.android.systemui, cookie=0, requestId=486, userId=0}, State: 2
07-12 11:38:23.546  2250  3236 V BiometricLogger: Acquired! Modality: 1, User: 0, IsCrypto: false, Action: 2, Client: 1, AcquiredInfo: 6, VendorCode: 101
07-12 11:38:23.546  2250  3236 V Biometrics/AcquisitionClient: Acquired: 6 101, shouldSend: true
07-12 11:38:23.560  2250  4292 V WindowManager: Relayout Window{ad52812 u0 OnScreenFingerprintIcon}: viewVisibility=0, oldvis=8, req=1440x1440
07-12 11:38:23.561  2250  4292 I WindowManager: Window{ad52812 u0 OnScreenFingerprintIcon} state from NO_SURFACE to DRAW_PENDING; reason: resetDrawState
07-12 11:38:23.566  3436  3436 W FingerprintManager: Invalid acquired message: 6, 101
07-12 11:38:23.573  2250  4292 W AccessibilityWindowsPopulator: The displayInfo of this displayId (0) called back from the surface fligner is null
07-12 11:38:23.575  2250  4292 V WindowManager: Relayout Window{f0c333f u0 OnScreenFingerprintPressedIcon}: viewVisibility=0, oldvis=8, req=303x303
07-12 11:38:23.575  2250  4292 I WindowManager: Window{f0c333f u0 OnScreenFingerprintPressedIcon} state from NO_SURFACE to DRAW_PENDING; reason: resetDrawState
07-12 11:38:23.586  2250  4292 W AccessibilityWindowsPopulator: The displayInfo of this displayId (0) called back from the surface fligner is null
07-12 11:38:23.590  2250  4292 I WindowManager: Window{f0c333f u0 OnScreenFingerprintPressedIcon} state from DRAW_PENDING to COMMIT_DRAW_PENDING; reason: finishDrawingLocked
07-12 11:38:23.590  2250  4292 D WindowManager: finishDrawingLocked forceApplyNow=false,2,Window{f0c333f u0 OnScreenFingerprintPressedIcon}
07-12 11:38:23.591  2250  2306 I WindowManager: Window{f0c333f u0 OnScreenFingerprintPressedIcon} state from COMMIT_DRAW_PENDING to READY_TO_SHOW; reason: commitFinishDrawingLocked
07-12 11:38:23.591  2250  2306 I WindowManager: Window{f0c333f u0 OnScreenFingerprintPressedIcon} state from READY_TO_SHOW to HAS_DRAWN; reason: performShowLocked
07-12 11:38:23.593  2250  4292 I WindowManager: Window{ad52812 u0 OnScreenFingerprintIcon} state from DRAW_PENDING to COMMIT_DRAW_PENDING; reason: finishDrawingLocked
07-12 11:38:23.593  2250  4292 D WindowManager: finishDrawingLocked forceApplyNow=false,2,Window{ad52812 u0 OnScreenFingerprintIcon}
07-12 11:38:23.594  2250  2306 I WindowManager: Window{ad52812 u0 OnScreenFingerprintIcon} state from COMMIT_DRAW_PENDING to READY_TO_SHOW; reason: commitFinishDrawingLocked
07-12 11:38:23.594  2250  2306 I WindowManager: Window{ad52812 u0 OnScreenFingerprintIcon} state from READY_TO_SHOW to HAS_DRAWN; reason: performShowLocked
07-12 11:38:23.700  2250  2379 D OplusPowerManagerHelper: light event lux:0.0
07-12 11:38:23.808  2250  3271 D OplusFeatureDCBacklight: notifySfRepaintEverything begin mCurrentDCMode:1brightness=1threshold=260
07-12 11:38:23.808  2250  3271 D OplusFeatureDCBacklight: notifySfRepaintEverything end
07-12 11:38:23.809  2250  3271 D OplusSmartBrightnessController: brightness color = 1, brightness nit = 2.6987486,id:4630947194340276609 provider=true,verbose[auto=true,dragging=false,lowAnimating=false,HDRAnimating=false,needUpdate=true,window=false,dolbyRecord=false,dolbyEnhance=false,cover=false]
07-12 11:38:23.809  2250  2379 D OplusSmartBrightnessController: add for debug Aod brightness set 1.0
07-12 11:38:24.066  2250  4292 D OplusFeatureAOD: key:2250 tmp:1
07-12 11:38:24.069  2250  4292 D DisplayManagerServiceExtImpl: request size(1,1),dpc=com.android.server.display.DisplayPowerController@eb90453 size(0,1),flags=0X200F,id(0,0,local:4630947194340276609), phase=1, enable=true, ready=false,prox=false policy=DOZE,dozeState=DOZE_SUSPEND,screenBrightnessOverride=-1.000000,useAuto=true,lowPower=false,lowPowerFactor=1.000000
07-12 11:38:24.069  2250  2390 D VRR [OPlusRefreshRateService]: handleScreenStateChange state: 4
07-12 11:38:24.072  2250  2379 D BackLightStat: setScreenState: state changed:DOZE->DOZE_SUSPEND
07-12 11:38:24.074  2250  2379 D OplusSmartBrightnessController: add for debug Aod brightness set 1.0
07-12 11:38:24.074  2250  2250 W AccessibilityManagerService:  wait for adding window timeout: 1406
07-12 11:38:24.075  2250  3271 D DisplayPowerState[0]: Updating screen state: id=0, state=DOZE_SUSPEND, backlight=1.0, sdrBacklight=1.0
07-12 11:38:24.075  2250  3271 D OplusSmartBrightnessController: requestDisplayState isFirstDisplay=true state=4 globalDisplayState=0x7
07-12 11:38:24.075  2250  3271 D LocalDisplayAdapter: setDisplayState(id=4630947194340276609 isFirstDisplay=true state changed:DOZE->DOZE_SUSPEND) t-Name=PhotonicModulator
07-12 11:38:24.077  2250  2305 I DisplayDeviceRepository: Display device changed state: "", DOZE_SUSPEND
07-12 11:38:24.079  2250  2305 D DisplayManagerServiceExtImpl: scheduleTraversalLocked intraversal=false
07-12 11:38:24.079  2250  2305 I DisplayManagerServiceExtImpl: handle logical display changed logicalDisplay=id=0,phase=1,stack=0,content=true,displayInfo{stack=0,type=1,id=0,uId=local:4630947194340276609,state=DOZE_SUSPEND,pkg=null}
07-12 11:38:24.079  2250  2305 D DisplayPowerController[0]: screen state changed reported, id = 0, state = 4
07-12 11:38:24.079  2250  2305 D DisplayManagerService: Delivering display event: displayId=0, event=2
07-12 11:38:24.080  2250  3066 D OplusDisplayStateMonitor: screenState: STATE_DOZE_SUSPEND  last screenState: STATE_DOZE
07-12 11:38:24.080  2250  3066 D OplusDisplayStateMonitor: DisplayDozeTime:2033482813
07-12 11:38:24.080  2250  3066 D OplusDisplayStateMonitor: DisplayDozeSuspendTime:2033483361
07-12 11:38:24.080  2250  3066 D OplusDisplayStateMonitor: Display doze suspend time delta: 548 / 55745 ratio:0.0014569633110528197
07-12 11:38:24.081  2250  2305 D DisplayManagerService: MSG_REQUEST_TRAVERSAL pendingCompleted=false
07-12 11:38:24.082  2250  2303 D OplusVFXScreenEffectFeature: notifySFCompatWindowStateChange entered false
07-12 11:38:24.083  2250  2250 I WallpaperManagerServiceExt: removeDisplayData. displayId = 0
07-12 11:38:24.084  2250  2306 D DisplayManagerService: performTraversalInternal pendingTraversal
07-12 11:38:24.084  2250  2306 D DisplayDevice: setLayerStackLocked id=local:4630947194340276609 token=android.os.BinderProxy@abcc1ce stack=0->0
07-12 11:38:24.086  2250  2250 D OAppNetControlService: Screens all off
07-12 11:38:24.088  2250  2250 W AccessibilityManagerService:  wait for adding window timeout: 1402
07-12 11:38:24.103  2250  2379 D OplusSmartBrightnessController: add for debug Aod brightness set 1.0
07-12 11:38:24.203  2250  2379 D OplusPowerManagerHelper: handleMessage:113
07-12 11:38:24.203  2250  2379 D OplusPowerManagerHelper: processLightSensorEvent: lux0.0
07-12 11:38:24.203  2250  2379 D OplusDisplayPanelFeature: setDisplayPanelFeatureValue +++, ID:7, value:1
07-12 11:38:33.488  2250  3577 D OplusFeatureAOD: key:2250 tmp:2
07-12 11:38:33.488  2250  3577 D DisplayManagerServiceExtImpl: request size(1,1),dpc=com.android.server.display.DisplayPowerController@eb90453 size(0,1),flags=0X200F,id(0,0,local:4630947194340276609), phase=1, enable=true, ready=false,prox=false policy=DOZE,dozeState=DOZE,screenBrightnessOverride=-1.000000,useAuto=true,lowPower=false,lowPowerFactor=1.000000
07-12 11:38:33.489  2250  2390 D VRR [OPlusRefreshRateService]: handleScreenStateChange state: 3
07-12 11:38:33.490  2250  2379 D BackLightStat: setScreenState: state changed:DOZE_SUSPEND->DOZE
07-12 11:38:33.490  2250  2379 D OplusSmartBrightnessController: add for debug Aod brightness set 1.0
07-12 11:38:33.491  2250  3271 D DisplayPowerState[0]: Updating screen state: id=0, state=DOZE, backlight=1.0, sdrBacklight=1.0
07-12 11:38:33.491  2250  3271 D OplusSmartBrightnessController: requestDisplayState isFirstDisplay=true state=3 globalDisplayState=0x7
07-12 11:38:33.491  2250  3271 D LocalDisplayAdapter: setDisplayState(id=4630947194340276609 isFirstDisplay=true state changed:DOZE_SUSPEND->DOZE) t-Name=PhotonicModulator
07-12 11:38:33.492  2250  2305 I DisplayDeviceRepository: Display device changed state: "", DOZE
07-12 11:38:33.493  2250  2305 D DisplayManagerServiceExtImpl: scheduleTraversalLocked intraversal=false
07-12 11:38:33.493  2250  2305 I DisplayManagerServiceExtImpl: handle logical display changed logicalDisplay=id=0,phase=1,stack=0,content=true,displayInfo{stack=0,type=1,id=0,uId=local:4630947194340276609,state=DOZE,pkg=null}
07-12 11:38:33.493  2250  2305 D DisplayPowerController[0]: screen state changed reported, id = 0, state = 3
07-12 11:38:33.493  2250  2379 D OplusSmartBrightnessController: add for debug Aod brightness set 1.0
07-12 11:38:33.493  2250  2305 D DisplayManagerService: Delivering display event: displayId=0, event=2
07-12 11:38:33.494  2250  3066 D OplusDisplayStateMonitor: screenState: STATE_DOZE  last screenState: STATE_DOZE_SUSPEND
07-12 11:38:33.494  2250  3066 D OplusDisplayStateMonitor: DisplayDozeTime:2033492775
07-12 11:38:33.494  2250  3066 D OplusDisplayStateMonitor: Last DisplayDozeSuspendTime:2033483361
07-12 11:38:33.494  2250  3066 D OplusDisplayStateMonitor: Display doze suspend time delta: 9414 / 65159 ratio:0.0017025907238580442
07-12 11:38:33.495  2250  2305 D DisplayManagerService: MSG_REQUEST_TRAVERSAL pendingCompleted=false
07-12 11:38:33.496  2250  2250 I WallpaperManagerServiceExt: removeDisplayData. displayId = 0
07-12 11:38:33.496  2250  2250 D OAppNetControlService: Screens all off
07-12 11:38:33.498  2250  2303 D OplusVFXScreenEffectFeature: notifySFCompatWindowStateChange entered false
07-12 11:38:33.499  2250  2306 D DisplayManagerService: performTraversalInternal pendingTraversal
07-12 11:38:33.500  2250  2306 D DisplayDevice: setLayerStackLocked id=local:4630947194340276609 token=android.os.BinderProxy@abcc1ce stack=0->0
07-12 11:38:34.529  3436  3702 D FingerprintManager: Cancel fingerprint authentication requested for: 486
07-12 11:38:34.529  2250  4202 E OplusCustomizeRestrictionManagerService: isBiometricDisabled start
07-12 11:38:34.530  2250  4202 D Fingerprint21: cancelAuthentication, sensorId: 0
07-12 11:38:34.530  2250  3236 D BiometricScheduler/Fingerprint21: cancelAuthenticationOrDetection, requestId: 486
07-12 11:38:34.530  2250  3236 D BiometricScheduler/Fingerprint21: Cancelling auth/detect op: {[1253] com.android.server.biometrics.sensors.fingerprint.hidl.FingerprintAuthenticationClient, proto=3, owner=com.android.systemui, cookie=0, requestId=486, userId=0}, State: 2
07-12 11:38:34.530  2250  3236 D BiometricSchedulerOperation: [Cancelling] Current client: {[1253] com.android.server.biometrics.sensors.fingerprint.hidl.FingerprintAuthenticationClient, proto=3, owner=com.android.systemui, cookie=0, requestId=486, userId=0}
07-12 11:38:34.530  2250  3236 D Biometrics/Fingerprint21/UdfpsHelperExtImpl: preHideUdfpsOverlay sensor:0
07-12 11:38:34.531  2250  3236 D VRR [OPlusExternalRefreshRateManager]: setStatus with: 0
07-12 11:38:34.531  2250  3236 D VRR [OPlusExternalRefreshRateManager]: setStatus from 1 to 0
07-12 11:38:34.531  2250  3236 D VRR [OPlusSurfaceFlingerController]:  setMiscExclusiveMode : -1
07-12 11:38:34.531  2250  3236 D VRR [OPlusExternalRefreshRateManager]: setTouchIdleKeepHight enable: false
07-12 11:38:34.532  2250  2390 D VRR [OPlusSurfaceFlingerController]:  setTouchIdle : TouchIdleBean{mEnable=true, mHwEnable=false, mSwEnable=true, mAdfrEnable=false, mAmbientEnable=false, mTimeOut=4000, mContentThreshold=-1, mContentGapMs=500, mBrightnessLimit=200, mNitLimit=-1, mPwmBrightnessLimit=-1, mPwmNitLimit=-1, mBrightnessLimitMax=2147483647, mNitLimiMax=2147483647, mExitHbmNitThreshold=2147483647, mLowestRate=60, mSpecialFps=-1, mBlackList=[], mReadingWhiteList=[], mSpecialTimeOutMap={}, mSpecialContentGap={}, mSwWhiteMap={}, mSwNegligibleOverlay=[], mHwDisablePanel=[], mDefectPanel=[], mAdfrToHwList=[], mAdfrFoldToHW=-1, mLockRateNitThresholds=[]}
07-12 11:38:34.534  2250  4202 V WindowManager: Relayout Window{ad52812 u0 OnScreenFingerprintIcon}: viewVisibility=8, oldvis=0, req=1440x1440
07-12 11:38:34.535  2250  4202 I WindowManager: Window{ad52812 u0 OnScreenFingerprintIcon} state from HAS_DRAWN to NO_SURFACE; reason: destroySurface
07-12 11:38:34.544  2250  3236 D Fingerprint21: handleError, client: FingerprintAuthenticationClient, error: 5, vendorCode: 0
07-12 11:38:34.544  2250  3236 D Biometrics/AcquisitionClient: onErrorInternal code: 5, finish: true
07-12 11:38:34.544  2250  3236 V BiometricLogger: Error! Modality: 1, User: 0, IsCrypto: false, Action: 2, Client: 1, Error: 5, VendorCode: 0, Latency: -1
07-12 11:38:34.544  2250  3236 W BiometricFrameworkStatsLogger: found a negative latency : -1
07-12 11:38:34.544  2250  3236 D BiometricStateCallback: Client finished, state updated to 0, client {[1253] com.android.server.biometrics.sensors.fingerprint.hidl.FingerprintAuthenticationClient, proto=3, owner=com.android.systemui, cookie=0, requestId=486, userId=0}
07-12 11:38:34.544  2250  3236 D BiometricSchedulerOperation: [Finished / destroy]: {[1253] com.android.server.biometrics.sensors.fingerprint.hidl.FingerprintAuthenticationClient, proto=3, owner=com.android.systemui, cookie=0, requestId=486, userId=0}
07-12 11:38:34.545  2250  3236 V BiometricLogger: capturing ambient light using: [disabled]
07-12 11:38:34.545  2250  4202 V WindowManager: Relayout Window{f0c333f u0 OnScreenFingerprintPressedIcon}: viewVisibility=8, oldvis=0, req=303x303
07-12 11:38:34.545  2250  3236 V BiometricCoexCoordinator: no haptic shouldUsuallyVibrate: false, hapticSuppressedByCoex: false
07-12 11:38:34.545  2250  3236 D Biometrics/Fingerprint21/UdfpsHelperExtImpl: preHideUdfpsOverlay sensor:0
07-12 11:38:34.545  2250  3236 D VRR [OPlusExternalRefreshRateManager]: setStatus with: 0
07-12 11:38:34.545  2250  3236 D BiometricScheduler/Fingerprint21: [Finishing] {[1253] com.android.server.biometrics.sensors.fingerprint.hidl.FingerprintAuthenticationClient, proto=3, owner=com.android.systemui, cookie=0, requestId=486, userId=0}, success: false
07-12 11:38:34.545  2250  3236 D BiometricCoexCoordinator: removeAuthenticationClient(Udfps), client: {[1253] com.android.server.biometrics.sensors.fingerprint.hidl.FingerprintAuthenticationClient, proto=3, owner=com.android.systemui, cookie=0, requestId=486, userId=0}
07-12 11:38:34.545  2250  3236 D GestureAvailabilityTracker: Notifying gesture availability, active=true
07-12 11:38:34.545  2250  3236 D BiometricScheduler/Fingerprint21: No operations, returning to idle
07-12 11:38:34.545  2250  4202 I WindowManager: Window{f0c333f u0 OnScreenFingerprintPressedIcon} state from HAS_DRAWN to NO_SURFACE; reason: destroySurface
07-12 11:38:34.552  2250  4202 E OplusCustomizeRestrictionManagerService: getUnlockByFingerprintPolicies fail, return default value.
07-12 11:38:34.734  2250  2250 D VRR [OPlusExternalRefreshRateManager]: setStatus with: 0
07-12 11:38:34.734  2250  2250 D RefreshRate: keepHighRefreshRate status=0: votes=PRIORITY_WINDOW_REQUEST -> Vote{mRefreshRate=120.0, mMinRefreshRate=120.0};
07-12 11:38:35.030  2250  4202 D OplusFeatureAOD: key:2250 tmp:0
07-12 11:38:35.032  2250  2379 D DisplayPowerState[0]: setColorFadeLevel: level=0.0
07-12 11:38:35.033  2250  4202 D DisplayManagerServiceExtImpl: request size(1,1),dpc=com.android.server.display.DisplayPowerController@eb90453 size(0,1),flags=0X200F,id(0,0,local:4630947194340276609), phase=1, enable=true, ready=false,prox=false policy=DOZE,dozeState=OFF,screenBrightnessOverride=-1.000000,useAuto=true,lowPower=false,lowPowerFactor=1.000000
07-12 11:38:35.033  2250  2379 D DpcExtImpl[0]: RECORD: Animation finished when screen is off
07-12 11:38:35.033  2250  2379 D DpcExtImpl[0]: [onGoToSleepFinish]
07-12 11:38:35.034  2250  2379 E OplusCustomizeRestrictionManagerService: isBiometricDisabled start
07-12 11:38:35.036  2250  2379 D OplusSmartBrightnessController: add for debug Aod brightness set 1.0
07-12 11:38:35.036  2250  2379 D DisplayPowerState[0]: updateRunnable run fadeLevle=0.0 state=DOZE brightness changed:4.0->1.0
07-12 11:38:35.037  2250  2390 D VRR [OPlusRefreshRateService]: handleScreenStateChange state: 1
07-12 11:38:35.039  2250  2379 D BackLightStat: setScreenState: state changed:DOZE->OFF
07-12 11:38:35.039  2250  2379 D DisplayPowerController[0]: Brightness [-1.0] reason changing to: 'screen_off', previous reason: 'doze_default'. id=local:4630947194340276609
07-12 11:38:35.039  2250  2379 I DisplayPowerController[0]: BrightnessEvent: disp=0, brt=-1.0, rcmdBrt=NaN, preBrt=NaN, lux=0.0, preLux=0.0, hbmMax=1.0, hbmMode=off, thrmMax=1.0, flags=, reason=screen_off
07-12 11:38:35.039  2250  2379 D DisplayPowerState[0]: updateRunnable run fadeLevle=0.0 state=OFF brightness changed:4.0->-1.0
07-12 11:38:35.039  2250  3271 D DisplayPowerState[0]: Updating screen state: id=0, state=OFF, backlight=-1.0, sdrBacklight=-1.0
07-12 11:38:35.041  2250  2305 I DisplayDeviceRepository: Display device changed state: "", OFF
07-12 11:38:35.042  2250  2305 D DisplayManagerServiceExtImpl: scheduleTraversalLocked intraversal=false
07-12 11:38:35.042  2250  2305 I DisplayManagerServiceExtImpl: handle logical display changed logicalDisplay=id=0,phase=1,stack=0,content=true,displayInfo{stack=0,type=1,id=0,uId=local:4630947194340276609,state=OFF,pkg=null}
07-12 11:38:35.042  2250  2305 D DisplayPowerController[0]: screen state changed reported, id = 0, state = 1
07-12 11:38:35.042  2250  2305 D DisplayManagerService: Delivering display event: displayId=0, event=2
07-12 11:38:35.044  2250  3066 D OplusDisplayStateMonitor: screenState: STATE_OFF  last screenState: STATE_DOZE
07-12 11:38:35.044  2250  3066 D OplusDisplayStateMonitor: screen state off for power save
07-12 11:38:35.045  2250  2250 I WallpaperManagerServiceExt: removeDisplayData. displayId = 0
07-12 11:38:35.045  2250  2250 D OAppNetControlService: Screens all off
07-12 11:38:35.048  2250  2303 D OplusVFXScreenEffectFeature: notifySFCompatWindowStateChange entered false
07-12 11:38:35.049  2250  2305 D DisplayManagerService: MSG_REQUEST_TRAVERSAL pendingCompleted=false
07-12 11:38:35.049  2250  3271 D OplusFeatureDCBacklight: notifySfRepaintEverything begin mCurrentDCMode:1brightness=-1threshold=260
07-12 11:38:35.049  2250  3271 D OplusFeatureDCBacklight: notifySfRepaintEverything end
07-12 11:38:35.050  2250  3271 D OplusSmartBrightnessController: requestDisplayState isFirstDisplay=true state=1 globalDisplayState=0x0
07-12 11:38:35.050  2250  3271 D LocalDisplayAdapter: setDisplayState(id=4630947194340276609 isFirstDisplay=true state changed:DOZE->OFF) t-Name=PhotonicModulator
07-12 11:38:35.053  2250  2306 D DisplayManagerService: performTraversalInternal pendingTraversal
07-12 11:38:35.054  2250  2306 D DisplayDevice: setLayerStackLocked id=local:4630947194340276609 token=android.os.BinderProxy@abcc1ce stack=0->-1
07-12 11:38:35.057  2250  2305 I VRR [OPlusRefreshRateManager]: hasADFRFeature return false
07-12 11:38:35.057  2250  2305 I DisplayManagerService: Comparing display specs: baseModeId=2 allowGroupSwitching=false primaryRefreshRateRange=[0 120] appRequestRefreshRateRange=[0 120] vrrPolicy=POLICY_DEFAULT, existing: baseModeId=2 allowGroupSwitching=false primaryRefreshRateRange=[0 120] appRequestRefreshRateRange=[0 120] vrrPolicy=POLICY_DEFAULT
07-12 11:38:35.325  2250  3271 D OplusPowerManagerHelper: setDozeLightSensorEnabled:false
07-12 11:38:35.325  2250  3271 D OplusDisplayPanelFeature: getDisplayPanelFeatureValue +++, featureID:20
07-12 11:38:35.326  2250  3271 D OplusDisplayPanelFeature: getDisplayPanelFeatureValue, ret = 0
07-12 11:38:35.326  2250  3271 I OplusDisplayPanelFeature: [0]
07-12 11:38:35.326  2250  3271 D OplusDisplayPanelFeature: getDisplayPanelFeatureValue ---, result = [0]
07-12 11:38:35.326  2250  3271 D OplusSilentRebootManager: silence flags file value is :0
07-12 11:38:35.327  2250  2379 D DisplayPowerState[0]: updateRunnable run fadeLevle=0.0 state=OFF brightness changed:4.0->-1.0
07-12 11:38:35.364  2250  2305 W AccessibilityWindowsPopulator: The displayInfo of this displayId (0) called back from the surface fligner is null
07-12 11:38:39.300  2250  4202 E OplusCustomizeRestrictionManagerService: isBiometricDisabled start
07-12 11:38:39.300  2250  4202 E OplusCustomizeRestrictionManagerService: isBiometricDisabled start
07-12 11:38:39.301  2250  5895 E OplusCustomizeRestrictionManagerService: isBiometricDisabled start
07-12 11:38:39.301  2250  5895 D LockSettingsService: [getStrongAuthForUser]  userId = 0
07-12 11:38:39.301  2250  5895 D BiometricUtils: isEncrypted: false isLockdown: false
07-12 11:38:39.302  2250  3236 D BiometricScheduler/Fingerprint21: [Added] {[1254] com.android.server.biometrics.sensors.fingerprint.hidl.FingerprintUpdateActiveUserClient, proto=1, owner=android, cookie=0, requestId=-1, userId=0}, new queue size: 1
07-12 11:38:39.302  2250  3236 D BiometricScheduler/Fingerprint21: [Polled] {[1254] com.android.server.biometrics.sensors.fingerprint.hidl.FingerprintUpdateActiveUserClient, proto=1, owner=android, cookie=0, requestId=-1, userId=0}, State: 0
07-12 11:38:39.302  2250  3236 D BiometricScheduler/Fingerprint21: [Started] {[1254] com.android.server.biometrics.sensors.fingerprint.hidl.FingerprintUpdateActiveUserClient, proto=1, owner=android, cookie=0, requestId=-1, userId=0}
07-12 11:38:39.302  2250  3236 D FingerprintUpdateActiveUserClient: Already user: com.android.server.biometrics.sensors.fingerprint.hidl.Fingerprint21$$ExternalSyntheticLambda1@32b1a6a, returning
07-12 11:38:39.302  2250  3236 D BiometricSchedulerOperation: [Finished / destroy]: {[1254] com.android.server.biometrics.sensors.fingerprint.hidl.FingerprintUpdateActiveUserClient, proto=1, owner=android, cookie=0, requestId=-1, userId=0}
07-12 11:38:39.302  2250  3236 V BiometricSchedulerOperation: started: {[1254] com.android.server.biometrics.sensors.fingerprint.hidl.FingerprintUpdateActiveUserClient, proto=1, owner=android, cookie=0, requestId=-1, userId=0}, State: 5
07-12 11:38:39.303  2250  3236 D BiometricScheduler/Fingerprint21: [Added] {[1255] com.android.server.biometrics.sensors.fingerprint.hidl.FingerprintAuthenticationClient, proto=3, owner=com.android.systemui, cookie=0, requestId=487, userId=0}, new queue size: 1
07-12 11:38:39.303  2250  3236 V BiometricScheduler/Fingerprint21: Not idle, current operation: {[1254] com.android.server.biometrics.sensors.fingerprint.hidl.FingerprintUpdateActiveUserClient, proto=1, owner=android, cookie=0, requestId=-1, userId=0}, State: 5
07-12 11:38:39.303  2250  3236 D BiometricScheduler/Fingerprint21: [Finishing] {[1254] com.android.server.biometrics.sensors.fingerprint.hidl.FingerprintUpdateActiveUserClient, proto=1, owner=android, cookie=0, requestId=-1, userId=0}, success: true
07-12 11:38:39.303  2250  3236 D BiometricScheduler/Fingerprint21: [Polled] {[1255] com.android.server.biometrics.sensors.fingerprint.hidl.FingerprintAuthenticationClient, proto=3, owner=com.android.systemui, cookie=0, requestId=487, userId=0}, State: 0
07-12 11:38:39.303  2250  3236 D GestureAvailabilityTracker: Notifying gesture availability, active=false
07-12 11:38:39.303  2250  3236 D BiometricScheduler/Fingerprint21: [Started] {[1255] com.android.server.biometrics.sensors.fingerprint.hidl.FingerprintAuthenticationClient, proto=3, owner=com.android.systemui, cookie=0, requestId=487, userId=0}
07-12 11:38:39.303  2250  3236 D BiometricCoexCoordinator: addAuthenticationClient(Udfps), client: {[1255] com.android.server.biometrics.sensors.fingerprint.hidl.FingerprintAuthenticationClient, proto=3, owner=com.android.systemui, cookie=0, requestId=487, userId=0}
07-12 11:38:39.303  2250  3236 D BiometricStateCallback: State updated from 0 to 2, client {[1255] com.android.server.biometrics.sensors.fingerprint.hidl.FingerprintAuthenticationClient, proto=3, owner=com.android.systemui, cookie=0, requestId=487, userId=0}
07-12 11:38:39.303  2250  3236 D Biometrics/AuthenticationClient: Requesting auth for com.android.systemui
07-12 11:38:39.303  2250  3236 D Biometrics/Fingerprint21/UdfpsHelperExtImpl: preShowUdfpsOverlay sensor:0 reason:4
07-12 11:38:39.303  2250  3236 D VRR [OPlusExternalRefreshRateManager]: setStatus with: 1
07-12 11:38:39.303  2250  3236 D VRR [OPlusExternalRefreshRateManager]: setStatus from 0 to 1
07-12 11:38:39.303  2250  3236 D VRR [OPlusExternalRefreshRateManager]: keep max rate is: 120.00001
07-12 11:38:39.303  2250  3236 D VRR [OPlusSurfaceFlingerController]:  setMiscExclusiveMode : 120
07-12 11:38:39.304  2250  3236 D VRR [OPlusExternalRefreshRateManager]: setTouchIdleKeepHight enable: true
07-12 11:38:39.304  2250  2390 D VRR [OPlusSurfaceFlingerController]:  setTouchIdle : TouchIdleBean{mEnable=true, mHwEnable=false, mSwEnable=true, mAdfrEnable=false, mAmbientEnable=false, mTimeOut=4000, mContentThreshold=-1, mContentGapMs=500, mBrightnessLimit=200, mNitLimit=-1, mPwmBrightnessLimit=-1, mPwmNitLimit=-1, mBrightnessLimitMax=2147483647, mNitLimiMax=2147483647, mExitHbmNitThreshold=2147483647, mLowestRate=60, mSpecialFps=-1, mBlackList=[], mReadingWhiteList=[], mSpecialTimeOutMap={}, mSpecialContentGap={}, mSwWhiteMap={}, mSwNegligibleOverlay=[], mHwDisablePanel=[], mDefectPanel=[], mAdfrToHwList=[], mAdfrFoldToHW=-1, mLockRateNitThresholds=[]}
07-12 11:38:39.305  2250  3236 D RefreshRate: keepHighRefreshRate status=1: votes=PRIORITY_FOD_SHOW -> Vote{mRefreshRate=120.0, mMinRefreshRate=120.0};PRIORITY_WINDOW_REQUEST -> Vote{mRefreshRate=120.0, mMinRefreshRate=120.0};
07-12 11:38:39.306  2250  3236 D OplusUserManagerServiceEnhance: getMultiSystemUserId  res = -10000
07-12 11:38:39.310  2250  3577 E OplusCustomizeRestrictionManagerService: getUnlockByFingerprintPolicies fail, return default value.
07-12 11:38:39.311  2250  5895 E OplusCustomizeRestrictionManagerService: getUnlockByFingerprintPolicies fail, return default value.
07-12 11:38:39.312  2250  3834 E OplusCustomizeRestrictionManagerService: getUnlockByFingerprintPolicies fail, return default value.
07-12 11:38:39.315  2250  8557 D OplusFeatureAOD: key:2250 tmp:2
07-12 11:38:39.315  2250  2390 D VRR [OPlusRefreshRateService]: handleScreenStateChange state: 3
07-12 11:38:39.316  2250  8557 D DisplayManagerServiceExtImpl: request size(1,1),dpc=com.android.server.display.DisplayPowerController@eb90453 size(0,1),flags=0X200F,id(0,0,local:4630947194340276609), phase=1, enable=true, ready=false,prox=false policy=DOZE,dozeState=DOZE,screenBrightnessOverride=-1.000000,useAuto=true,lowPower=false,lowPowerFactor=1.000000
07-12 11:38:39.317  2250  2379 D BackLightStat: setScreenState: state changed:OFF->DOZE
07-12 11:38:39.317  2250  2379 D DisplayPowerState[0]: setColorFadeLevel: level=1.0
07-12 11:38:39.317  2250  2379 D DisplayPowerController[0]: Brightness [0.0] reason changing to: 'doze_default', previous reason: 'screen_off'. id=local:4630947194340276609
07-12 11:38:39.317  2250  2379 I DisplayPowerController[0]: BrightnessEvent: disp=0, brt=0.0, rcmdBrt=NaN, preBrt=NaN, lux=0.0, preLux=0.0, hbmMax=1.0, hbmMode=off, thrmMax=1.0, flags=, reason=doze_default
07-12 11:38:39.317  2250  2379 D OplusSmartBrightnessController: add for debug Aod brightness set 1.0
07-12 11:38:39.318  2250  3271 D DisplayPowerState[0]: Updating screen state: id=0, state=DOZE, backlight=1.0, sdrBacklight=1.0
07-12 11:38:39.319  2250  3271 D OplusSmartBrightnessController: requestDisplayState isFirstDisplay=true state=3 globalDisplayState=0x3
07-12 11:38:39.319  2250  3271 D LocalDisplayAdapter: setDisplayState(id=4630947194340276609 isFirstDisplay=true state changed:OFF->DOZE) t-Name=PhotonicModulator
07-12 11:38:39.319  2250  2305 I DisplayDeviceRepository: Display device changed state: "", DOZE
07-12 11:38:39.321  2250  2305 D DisplayManagerServiceExtImpl: scheduleTraversalLocked intraversal=false
07-12 11:38:39.321  2250  2305 I DisplayManagerServiceExtImpl: handle logical display changed logicalDisplay=id=0,phase=1,stack=0,content=true,displayInfo{stack=0,type=1,id=0,uId=local:4630947194340276609,state=DOZE,pkg=null}
07-12 11:38:39.321  2250  2305 D DisplayPowerController[0]: screen state changed reported, id = 0, state = 3
07-12 11:38:39.321  2250  2305 D DisplayManagerService: Delivering display event: displayId=0, event=2
07-12 11:38:39.322  2250  2250 I WallpaperManagerServiceExt: removeDisplayData. displayId = 0
07-12 11:38:39.322  2250  2250 D OAppNetControlService: Screens all off
07-12 11:38:39.323  2250  3066 D OplusDisplayStateMonitor: screenState: STATE_DOZE  last screenState: STATE_OFF
07-12 11:38:39.323  2250  3066 D OplusDisplayStateMonitor: DisplayDozeTime:2033498603
07-12 11:38:39.323  2250  3066 D OplusDisplayStateMonitor: Last DisplayDozeSuspendTime:2033483361
07-12 11:38:39.323  2250  3066 D OplusDisplayStateMonitor: Display doze suspend time delta: 15242 / 66709 ratio:0.0017428264868347223
07-12 11:38:39.325  2250  2303 D OplusVFXScreenEffectFeature: notifySFCompatWindowStateChange entered false
07-12 11:38:39.325  2250  2380 D OplusPowerManagerHelper: setDozeLightSensorEnabled:true
07-12 11:38:39.326  2250  2306 D DisplayManagerService: performTraversalInternal pendingTraversal
07-12 11:38:39.326  2250  2306 D DisplayDevice: setLayerStackLocked id=local:4630947194340276609 token=android.os.BinderProxy@abcc1ce stack=-1->0
07-12 11:38:39.329  2250  8557 V WindowManager: Relayout Window{ad52812 u0 OnScreenFingerprintIcon}: viewVisibility=0, oldvis=8, req=1440x1440
07-12 11:38:39.329  2250  8557 I WindowManager: Window{ad52812 u0 OnScreenFingerprintIcon} state from NO_SURFACE to DRAW_PENDING; reason: resetDrawState
07-12 11:38:39.333  2250  2305 D DisplayManagerService: MSG_REQUEST_TRAVERSAL pendingCompleted=false
07-12 11:38:39.335  2250  2305 I VRR [OPlusRefreshRateManager]: hasADFRFeature return false
07-12 11:38:39.335  2250  2305 I DisplayManagerService: Comparing display specs: baseModeId=2 allowGroupSwitching=false primaryRefreshRateRange=[0 120] appRequestRefreshRateRange=[0 120] vrrPolicy=POLICY_DEFAULT, existing: baseModeId=2 allowGroupSwitching=false primaryRefreshRateRange=[0 120] appRequestRefreshRateRange=[0 120] vrrPolicy=POLICY_DEFAULT
07-12 11:38:39.339  2250  4202 W AccessibilityWindowsPopulator: The displayInfo of this displayId (0) called back from the surface fligner is null
07-12 11:38:39.342  2250  3236 V BiometricSchedulerOperation: started: {[1255] com.android.server.biometrics.sensors.fingerprint.hidl.FingerprintAuthenticationClient, proto=3, owner=com.android.systemui, cookie=0, requestId=487, userId=0}, State: 2
07-12 11:38:39.343  2250  3236 V BiometricLogger: Acquired! Modality: 1, User: 0, IsCrypto: false, Action: 2, Client: 1, AcquiredInfo: 6, VendorCode: 101
07-12 11:38:39.343  2250  3236 V Biometrics/AcquisitionClient: Acquired: 6 101, shouldSend: true
07-12 11:38:39.345  2250  4202 V WindowManager: Relayout Window{f0c333f u0 OnScreenFingerprintPressedIcon}: viewVisibility=0, oldvis=8, req=303x303
07-12 11:38:39.345  2250  4202 I WindowManager: Window{f0c333f u0 OnScreenFingerprintPressedIcon} state from NO_SURFACE to DRAW_PENDING; reason: resetDrawState
07-12 11:38:39.350  2250  5895 W AccessibilityWindowsPopulator: The displayInfo of this displayId (0) called back from the surface fligner is null
07-12 11:38:39.354  2250  5895 I WindowManager: Window{f0c333f u0 OnScreenFingerprintPressedIcon} state from DRAW_PENDING to COMMIT_DRAW_PENDING; reason: finishDrawingLocked
07-12 11:38:39.354  2250  5895 D WindowManager: finishDrawingLocked forceApplyNow=false,2,Window{f0c333f u0 OnScreenFingerprintPressedIcon}
07-12 11:38:39.355  2250  2306 I WindowManager: Window{f0c333f u0 OnScreenFingerprintPressedIcon} state from COMMIT_DRAW_PENDING to READY_TO_SHOW; reason: commitFinishDrawingLocked
07-12 11:38:39.355  2250  2306 I WindowManager: Window{f0c333f u0 OnScreenFingerprintPressedIcon} state from READY_TO_SHOW to HAS_DRAWN; reason: performShowLocked
07-12 11:38:39.357  2250  4202 I WindowManager: Window{ad52812 u0 OnScreenFingerprintIcon} state from DRAW_PENDING to COMMIT_DRAW_PENDING; reason: finishDrawingLocked
07-12 11:38:39.357  2250  4202 D WindowManager: finishDrawingLocked forceApplyNow=false,2,Window{ad52812 u0 OnScreenFingerprintIcon}
07-12 11:38:39.358  2250  2306 I WindowManager: Window{ad52812 u0 OnScreenFingerprintIcon} state from COMMIT_DRAW_PENDING to READY_TO_SHOW; reason: commitFinishDrawingLocked
07-12 11:38:39.358  2250  2306 I WindowManager: Window{ad52812 u0 OnScreenFingerprintIcon} state from READY_TO_SHOW to HAS_DRAWN; reason: performShowLocked
07-12 11:38:39.362  3436  3436 W FingerprintManager: Invalid acquired message: 6, 101
07-12 11:38:39.477  2250  2379 D OplusPowerManagerHelper: light event lux:1.0
07-12 11:38:39.606   789 29065 I keystore2: keystore2::watchdog: Watchdog thread idle -> terminating. Have a great day.
07-12 11:38:39.682  2250  3271 D OplusFeatureDCBacklight: notifySfRepaintEverything begin mCurrentDCMode:1brightness=1threshold=260
07-12 11:38:39.682  2250  3271 D OplusFeatureDCBacklight: notifySfRepaintEverything end
07-12 11:38:39.683  2250  3271 D OplusSmartBrightnessController: brightness color = 1, brightness nit = 2.6987486,id:4630947194340276609 provider=true,verbose[auto=true,dragging=false,lowAnimating=false,HDRAnimating=false,needUpdate=true,window=false,dolbyRecord=false,dolbyEnhance=false,cover=false]
07-12 11:38:39.684  2250  2379 D OplusSmartBrightnessController: add for debug Aod brightness set 1.0
07-12 11:38:39.833  2250  4202 D OplusFeatureAOD: key:2250 tmp:1
07-12 11:38:39.834  2250  4202 D DisplayManagerServiceExtImpl: request size(1,1),dpc=com.android.server.display.DisplayPowerController@eb90453 size(0,1),flags=0X200F,id(0,0,local:4630947194340276609), phase=1, enable=true, ready=false,prox=false policy=DOZE,dozeState=DOZE_SUSPEND,screenBrightnessOverride=-1.000000,useAuto=true,lowPower=false,lowPowerFactor=1.000000
07-12 11:38:39.835  2250  2390 D VRR [OPlusRefreshRateService]: handleScreenStateChange state: 4
07-12 11:38:39.837  2250  2379 D BackLightStat: setScreenState: state changed:DOZE->DOZE_SUSPEND
07-12 11:38:39.839  2250  2379 D OplusSmartBrightnessController: add for debug Aod brightness set 1.0
07-12 11:38:39.840  2250  3271 D DisplayPowerState[0]: Updating screen state: id=0, state=DOZE_SUSPEND, backlight=1.0, sdrBacklight=1.0
07-12 11:38:39.840  2250  2250 W AccessibilityManagerService:  wait for adding window timeout: 1406
07-12 11:38:39.840  2250  3271 D OplusSmartBrightnessController: requestDisplayState isFirstDisplay=true state=4 globalDisplayState=0x7
07-12 11:38:39.840  2250  3271 D LocalDisplayAdapter: setDisplayState(id=4630947194340276609 isFirstDisplay=true state changed:DOZE->DOZE_SUSPEND) t-Name=PhotonicModulator
07-12 11:38:39.840  2250  2305 I DisplayDeviceRepository: Display device changed state: "", DOZE_SUSPEND
07-12 11:38:39.842  2250  2305 D DisplayManagerServiceExtImpl: scheduleTraversalLocked intraversal=false
07-12 11:38:39.842  2250  2305 I DisplayManagerServiceExtImpl: handle logical display changed logicalDisplay=id=0,phase=1,stack=0,content=true,displayInfo{stack=0,type=1,id=0,uId=local:4630947194340276609,state=DOZE_SUSPEND,pkg=null}
07-12 11:38:39.842  2250  2305 D DisplayPowerController[0]: screen state changed reported, id = 0, state = 4
07-12 11:38:39.842  2250  2305 D DisplayManagerService: Delivering display event: displayId=0, event=2
07-12 11:38:39.843  2250  3066 D OplusDisplayStateMonitor: screenState: STATE_DOZE_SUSPEND  last screenState: STATE_DOZE
07-12 11:38:39.843  2250  3066 D OplusDisplayStateMonitor: DisplayDozeTime:2033498603
07-12 11:38:39.843  2250  2250 I WallpaperManagerServiceExt: removeDisplayData. displayId = 0
07-12 11:38:39.843  2250  2250 D OAppNetControlService: Screens all off
07-12 11:38:39.844  2250  2305 D DisplayManagerService: MSG_REQUEST_TRAVERSAL pendingCompleted=false
07-12 11:38:39.845  2250  2303 D OplusVFXScreenEffectFeature: notifySFCompatWindowStateChange entered false
07-12 11:38:39.845  2250  3066 D OplusDisplayStateMonitor: DisplayDozeSuspendTime:2033499123
07-12 11:38:39.846  2250  3066 D OplusDisplayStateMonitor: Display doze suspend time delta: 520 / 67232 ratio:0.0017564662841134376
07-12 11:38:39.846  2250  2306 D DisplayManagerService: performTraversalInternal pendingTraversal
07-12 11:38:39.846  2250  2306 D DisplayDevice: setLayerStackLocked id=local:4630947194340276609 token=android.os.BinderProxy@abcc1ce stack=0->0
07-12 11:38:39.850  2250  2250 W AccessibilityManagerService:  wait for adding window timeout: 1402
07-12 11:38:39.878  2250  2379 D OplusSmartBrightnessController: add for debug Aod brightness set 1.0
07-12 11:38:39.978  2250  2379 D OplusPowerManagerHelper: handleMessage:113
07-12 11:38:39.978  2250  2379 D OplusPowerManagerHelper: processLightSensorEvent: lux1.0
07-12 11:38:39.979  2250  2379 D OplusDisplayPanelFeature: setDisplayPanelFeatureValue +++, ID:7, value:0
07-12 11:38:40.520  2250  3947 I ActivityManager: Process com.heytap.mcs.appservice (pid 28400) has died: vis IMPF
07-12 11:38:40.523 20678 20678 I ActivityThread: Removing dead content provider:android.content.ContentProviderProxy@1ac22c5
07-12 11:38:49.361  2250  2901 D OplusFeatureAOD: key:2250 tmp:2
07-12 11:38:49.361  2250  2390 D VRR [OPlusRefreshRateService]: handleScreenStateChange state: 3
07-12 11:38:49.361  2250  2901 D DisplayManagerServiceExtImpl: request size(1,1),dpc=com.android.server.display.DisplayPowerController@eb90453 size(0,1),flags=0X200F,id(0,0,local:4630947194340276609), phase=1, enable=true, ready=false,prox=false policy=DOZE,dozeState=DOZE,screenBrightnessOverride=-1.000000,useAuto=true,lowPower=false,lowPowerFactor=1.000000
07-12 11:38:49.363  2250  2379 D BackLightStat: setScreenState: state changed:DOZE_SUSPEND->DOZE
07-12 11:38:49.368  2250  2379 D OplusSmartBrightnessController: add for debug Aod brightness set 1.0
07-12 11:38:49.368  2250  3271 D DisplayPowerState[0]: Updating screen state: id=0, state=DOZE, backlight=1.0, sdrBacklight=1.0
07-12 11:38:49.369  2250  3271 D OplusSmartBrightnessController: requestDisplayState isFirstDisplay=true state=3 globalDisplayState=0x7
07-12 11:38:49.369  2250  3271 D LocalDisplayAdapter: setDisplayState(id=4630947194340276609 isFirstDisplay=true state changed:DOZE_SUSPEND->DOZE) t-Name=PhotonicModulator
07-12 11:38:49.369  2250  2305 I DisplayDeviceRepository: Display device changed state: "", DOZE
07-12 11:38:49.370  2250  2305 D DisplayManagerServiceExtImpl: scheduleTraversalLocked intraversal=false
07-12 11:38:49.370  2250  2305 I DisplayManagerServiceExtImpl: handle logical display changed logicalDisplay=id=0,phase=1,stack=0,content=true,displayInfo{stack=0,type=1,id=0,uId=local:4630947194340276609,state=DOZE,pkg=null}
07-12 11:38:49.370  2250  2305 D DisplayPowerController[0]: screen state changed reported, id = 0, state = 3
07-12 11:38:49.370  2250  2305 D DisplayManagerService: Delivering display event: displayId=0, event=2
07-12 11:38:49.371  2250  3066 D OplusDisplayStateMonitor: screenState: STATE_DOZE  last screenState: STATE_DOZE_SUSPEND
07-12 11:38:49.371  2250  3066 D OplusDisplayStateMonitor: DisplayDozeTime:2033508651
07-12 11:38:49.371  2250  3066 D OplusDisplayStateMonitor: Last DisplayDozeSuspendTime:2033499123
07-12 11:38:49.371  2250  3066 D OplusDisplayStateMonitor: Display doze suspend time delta: 9528 / 76757 ratio:0.0020048123122227
07-12 11:38:49.372  2250  2250 I WallpaperManagerServiceExt: removeDisplayData. displayId = 0
07-12 11:38:49.372  2250  2305 D DisplayManagerService: MSG_REQUEST_TRAVERSAL pendingCompleted=false
07-12 11:38:49.372  2250  2303 D OplusVFXScreenEffectFeature: notifySFCompatWindowStateChange entered false
07-12 11:38:49.373  2250  2250 D OAppNetControlService: Screens all off
07-12 11:38:49.373  2250  2306 D DisplayManagerService: performTraversalInternal pendingTraversal
07-12 11:38:49.374  2250  2306 D DisplayDevice: setLayerStackLocked id=local:4630947194340276609 token=android.os.BinderProxy@abcc1ce stack=0->0
07-12 11:38:49.375  2250  2379 D OplusSmartBrightnessController: add for debug Aod brightness set 1.0
07-12 11:38:50.399  3436  3702 D FingerprintManager: Cancel fingerprint authentication requested for: 487
07-12 11:38:50.401  2250  3577 E OplusCustomizeRestrictionManagerService: isBiometricDisabled start
07-12 11:38:50.401  2250  3577 D Fingerprint21: cancelAuthentication, sensorId: 0
07-12 11:38:50.402  2250  3236 D BiometricScheduler/Fingerprint21: cancelAuthenticationOrDetection, requestId: 487
07-12 11:38:50.402  2250  3236 D BiometricScheduler/Fingerprint21: Cancelling auth/detect op: {[1255] com.android.server.biometrics.sensors.fingerprint.hidl.FingerprintAuthenticationClient, proto=3, owner=com.android.systemui, cookie=0, requestId=487, userId=0}, State: 2
07-12 11:38:50.402  2250  3236 D BiometricSchedulerOperation: [Cancelling] Current client: {[1255] com.android.server.biometrics.sensors.fingerprint.hidl.FingerprintAuthenticationClient, proto=3, owner=com.android.systemui, cookie=0, requestId=487, userId=0}
07-12 11:38:50.402  2250  3236 D Biometrics/Fingerprint21/UdfpsHelperExtImpl: preHideUdfpsOverlay sensor:0
07-12 11:38:50.402  2250  3236 D VRR [OPlusExternalRefreshRateManager]: setStatus with: 0
07-12 11:38:50.402  2250  3236 D VRR [OPlusExternalRefreshRateManager]: setStatus from 1 to 0
07-12 11:38:50.402  2250  3236 D VRR [OPlusSurfaceFlingerController]:  setMiscExclusiveMode : -1
07-12 11:38:50.403  2250  3236 D VRR [OPlusExternalRefreshRateManager]: setTouchIdleKeepHight enable: false
07-12 11:38:50.403  2250  2390 D VRR [OPlusSurfaceFlingerController]:  setTouchIdle : TouchIdleBean{mEnable=true, mHwEnable=false, mSwEnable=true, mAdfrEnable=false, mAmbientEnable=false, mTimeOut=4000, mContentThreshold=-1, mContentGapMs=500, mBrightnessLimit=200, mNitLimit=-1, mPwmBrightnessLimit=-1, mPwmNitLimit=-1, mBrightnessLimitMax=2147483647, mNitLimiMax=2147483647, mExitHbmNitThreshold=2147483647, mLowestRate=60, mSpecialFps=-1, mBlackList=[], mReadingWhiteList=[], mSpecialTimeOutMap={}, mSpecialContentGap={}, mSwWhiteMap={}, mSwNegligibleOverlay=[], mHwDisablePanel=[], mDefectPanel=[], mAdfrToHwList=[], mAdfrFoldToHW=-1, mLockRateNitThresholds=[]}
07-12 11:38:50.409  2250  3577 V WindowManager: Relayout Window{ad52812 u0 OnScreenFingerprintIcon}: viewVisibility=8, oldvis=0, req=1440x1440
07-12 11:38:50.410  2250  3577 I WindowManager: Window{ad52812 u0 OnScreenFingerprintIcon} state from HAS_DRAWN to NO_SURFACE; reason: destroySurface
07-12 11:38:50.413  2250  3236 D Fingerprint21: handleError, client: FingerprintAuthenticationClient, error: 5, vendorCode: 0
07-12 11:38:50.413  2250  3236 D Biometrics/AcquisitionClient: onErrorInternal code: 5, finish: true
07-12 11:38:50.413  2250  3236 V BiometricLogger: Error! Modality: 1, User: 0, IsCrypto: false, Action: 2, Client: 1, Error: 5, VendorCode: 0, Latency: -1
07-12 11:38:50.413  2250  3236 W BiometricFrameworkStatsLogger: found a negative latency : -1
07-12 11:38:50.413  2250  3236 D BiometricStateCallback: Client finished, state updated to 0, client {[1255] com.android.server.biometrics.sensors.fingerprint.hidl.FingerprintAuthenticationClient, proto=3, owner=com.android.systemui, cookie=0, requestId=487, userId=0}
07-12 11:38:50.414  2250  3236 D BiometricSchedulerOperation: [Finished / destroy]: {[1255] com.android.server.biometrics.sensors.fingerprint.hidl.FingerprintAuthenticationClient, proto=3, owner=com.android.systemui, cookie=0, requestId=487, userId=0}
07-12 11:38:50.414  2250  3236 V BiometricLogger: capturing ambient light using: [disabled]
07-12 11:38:50.414  2250  3236 V BiometricCoexCoordinator: no haptic shouldUsuallyVibrate: false, hapticSuppressedByCoex: false
07-12 11:38:50.414  2250  3236 D Biometrics/Fingerprint21/UdfpsHelperExtImpl: preHideUdfpsOverlay sensor:0
07-12 11:38:50.414  2250  3236 D VRR [OPlusExternalRefreshRateManager]: setStatus with: 0
07-12 11:38:50.414  2250  3236 D BiometricScheduler/Fingerprint21: [Finishing] {[1255] com.android.server.biometrics.sensors.fingerprint.hidl.FingerprintAuthenticationClient, proto=3, owner=com.android.systemui, cookie=0, requestId=487, userId=0}, success: false
