07-12 11:38:50.414  2250  3236 D BiometricCoexCoordinator: removeAuthenticationClient(Udfps), client: {[1255] com.android.server.biometrics.sensors.fingerprint.hidl.FingerprintAuthenticationClient, proto=3, owner=com.android.systemui, cookie=0, requestId=487, userId=0}
07-12 11:38:50.414  2250  3236 D GestureAvailabilityTracker: Notifying gesture availability, active=true
07-12 11:38:50.414  2250  3236 D BiometricScheduler/Fingerprint21: No operations, returning to idle
07-12 11:38:50.419  2250  3577 V WindowManager: Relayout Window{f0c333f u0 OnScreenFingerprintPressedIcon}: viewVisibility=8, oldvis=0, req=303x303
07-12 11:38:50.419  2250  3577 I WindowManager: Window{f0c333f u0 OnScreenFingerprintPressedIcon} state from HAS_DRAWN to NO_SURFACE; reason: destroySurface
07-12 11:38:50.427  2250  3577 E OplusCustomizeRestrictionManagerService: getUnlockByFingerprintPolicies fail, return default value.
07-12 11:38:50.604  2250  2250 D VRR [OPlusExternalRefreshRateManager]: setStatus with: 0
07-12 11:38:50.605  2250  2250 D RefreshRate: keepHighRefreshRate status=0: votes=PRIORITY_WINDOW_REQUEST -> Vote{mRefreshRate=120.0, mMinRefreshRate=120.0};
07-12 11:38:50.901  2250  3577 D OplusFeatureAOD: key:2250 tmp:0
07-12 11:38:50.902  2250  2379 D DisplayPowerState[0]: setColorFadeLevel: level=0.0
07-12 11:38:50.902  2250  2379 D DpcExtImpl[0]: RECORD: Animation finished when screen is off
07-12 11:38:50.902  2250  2379 D DpcExtImpl[0]: [onGoToSleepFinish]
07-12 11:38:50.902  2250  3577 D DisplayManagerServiceExtImpl: request size(1,1),dpc=com.android.server.display.DisplayPowerController@eb90453 size(0,1),flags=0X200F,id(0,0,local:4630947194340276609), phase=1, enable=true, ready=false,prox=false policy=DOZE,dozeState=OFF,screenBrightnessOverride=-1.000000,useAuto=true,lowPower=false,lowPowerFactor=1.000000
07-12 11:38:50.902  2250  2379 E OplusCustomizeRestrictionManagerService: isBiometricDisabled start
07-12 11:38:50.905  2250  2379 D OplusSmartBrightnessController: add for debug Aod brightness set 1.0
07-12 11:38:50.905  2250  2379 D DisplayPowerState[0]: updateRunnable run fadeLevle=0.0 state=DOZE brightness changed:4.0->1.0
07-12 11:38:50.906  2250  2390 D VRR [OPlusRefreshRateService]: handleScreenStateChange state: 1
07-12 11:38:50.907  2250  2379 D BackLightStat: setScreenState: state changed:DOZE->OFF
07-12 11:38:50.907  2250  2379 D DisplayPowerController[0]: Brightness [-1.0] reason changing to: 'screen_off', previous reason: 'doze_default'. id=local:4630947194340276609
07-12 11:38:50.908  2250  2379 I DisplayPowerController[0]: BrightnessEvent: disp=0, brt=-1.0, rcmdBrt=NaN, preBrt=NaN, lux=0.0, preLux=0.0, hbmMax=1.0, hbmMode=off, thrmMax=1.0, flags=, reason=screen_off
07-12 11:38:50.908  2250  2379 D DisplayPowerState[0]: updateRunnable run fadeLevle=0.0 state=OFF brightness changed:4.0->-1.0
07-12 11:38:50.908  2250  3271 D DisplayPowerState[0]: Updating screen state: id=0, state=OFF, backlight=-1.0, sdrBacklight=-1.0
07-12 11:38:50.909  2250  2305 I DisplayDeviceRepository: Display device changed state: "", OFF
07-12 11:38:50.910  2250  2305 D DisplayManagerServiceExtImpl: scheduleTraversalLocked intraversal=false
07-12 11:38:50.910  2250  2305 I DisplayManagerServiceExtImpl: handle logical display changed logicalDisplay=id=0,phase=1,stack=0,content=true,displayInfo{stack=0,type=1,id=0,uId=local:4630947194340276609,state=OFF,pkg=null}
07-12 11:38:50.911  2250  2305 D DisplayPowerController[0]: screen state changed reported, id = 0, state = 1
07-12 11:38:50.911  2250  2305 D DisplayManagerService: Delivering display event: displayId=0, event=2
07-12 11:38:50.913  2250  2305 D DisplayManagerService: MSG_REQUEST_TRAVERSAL pendingCompleted=false
07-12 11:38:50.914  2250  3066 D OplusDisplayStateMonitor: screenState: STATE_OFF  last screenState: STATE_DOZE
07-12 11:38:50.914  2250  3066 D OplusDisplayStateMonitor: screen state off for power save
07-12 11:38:50.914  2250  2250 I WallpaperManagerServiceExt: removeDisplayData. displayId = 0
07-12 11:38:50.914  2250  2250 D OAppNetControlService: Screens all off
07-12 11:38:50.914  2250  3271 D OplusFeatureDCBacklight: notifySfRepaintEverything begin mCurrentDCMode:1brightness=-1threshold=260
07-12 11:38:50.914  2250  3271 D OplusFeatureDCBacklight: notifySfRepaintEverything end
07-12 11:38:50.915  2250  3271 D OplusSmartBrightnessController: requestDisplayState isFirstDisplay=true state=1 globalDisplayState=0x0
07-12 11:38:50.915  2250  3271 D LocalDisplayAdapter: setDisplayState(id=4630947194340276609 isFirstDisplay=true state changed:DOZE->OFF) t-Name=PhotonicModulator
07-12 11:38:50.916  2250  2303 D OplusVFXScreenEffectFeature: notifySFCompatWindowStateChange entered false
07-12 11:38:50.920  2250  2306 D DisplayManagerService: performTraversalInternal pendingTraversal
07-12 11:38:50.920  2250  2306 D DisplayDevice: setLayerStackLocked id=local:4630947194340276609 token=android.os.BinderProxy@abcc1ce stack=0->-1
07-12 11:38:50.921  2250  2305 I VRR [OPlusRefreshRateManager]: hasADFRFeature return false
07-12 11:38:50.921  2250  2305 I DisplayManagerService: Comparing display specs: baseModeId=2 allowGroupSwitching=false primaryRefreshRateRange=[0 120] appRequestRefreshRateRange=[0 120] vrrPolicy=POLICY_DEFAULT, existing: baseModeId=2 allowGroupSwitching=false primaryRefreshRateRange=[0 120] appRequestRefreshRateRange=[0 120] vrrPolicy=POLICY_DEFAULT
07-12 11:38:51.203  2250  3271 D OplusPowerManagerHelper: setDozeLightSensorEnabled:false
07-12 11:38:51.203  2250  3271 D OplusDisplayPanelFeature: getDisplayPanelFeatureValue +++, featureID:20
07-12 11:38:51.204  2250  3271 D OplusDisplayPanelFeature: getDisplayPanelFeatureValue, ret = 0
07-12 11:38:51.204  2250  3271 I OplusDisplayPanelFeature: [0]
07-12 11:38:51.205  2250  3271 D OplusDisplayPanelFeature: getDisplayPanelFeatureValue ---, result = [0]
07-12 11:38:51.205  2250  3271 D OplusSilentRebootManager: silence flags file value is :0
07-12 11:38:51.205  2250  2379 D DisplayPowerState[0]: updateRunnable run fadeLevle=0.0 state=OFF brightness changed:4.0->-1.0
07-12 11:38:51.238  2250  2305 W AccessibilityWindowsPopulator: The displayInfo of this displayId (0) called back from the surface fligner is null
07-12 11:40:34.327  2250  3790 D OplusBroadcastSendController: isNeedSkipBatteryBroadcast: skip time out , not skip this battery broadcast
07-12 11:40:34.328  2250  2250 D OplusBrJobSchedulerService: in restriction white list com.oplus.battery action: android.intent.action.BATTERY_CHANGED
07-12 11:40:34.328  2250  2250 D OplusBrJobSchedulerService: in restriction white list com.oplus.battery action: android.intent.action.BATTERY_CHANGED
07-12 11:40:34.328  2250  2250 D OplusBrJobSchedulerService: in restriction white list com.oplus.battery action: android.intent.action.BATTERY_CHANGED
07-12 11:40:34.329  2250  2250 D OplusBrJobSchedulerService: in restriction white list com.oplus.location action: android.intent.action.BATTERY_CHANGED
07-12 11:40:44.340  2250  2901 E OplusCustomizeRestrictionManagerService: isBiometricDisabled start
07-12 11:40:44.340  2250  4292 E OplusCustomizeRestrictionManagerService: isBiometricDisabled start
07-12 11:40:44.416  2250  2380 D AlarmAlignment: findFirstElapsedTimeWakeupNonStandalone:  nowElapsed = 2033623696
07-12 11:40:44.417  2250  2380 D AlarmAlignment: reAlignAlarms
07-12 11:40:44.417  2250  2380 D AlarmAlignment: alignWithSys: is not RequestedElapsed alarm alignElapsed=Alarm{4f87ec3 type 2 origWhen 2033908633 whenElapsed 2033922643 com.heytap.mcs} uid 1000 whenElapsed 2033922643 windowLength 10000 maxWhenElapsed 2033922643 repeatInterval 0 action com.heytap.mcs.action component null flags 0x8, APP_STANDBY_POLICY=2033623637, DEVICE_IDLE_POLICY=2033623637, ATTERY_SAVER_POLICY=0
07-12 11:40:44.417  2250  2380 D AlarmAlignment: alignWithSys: is not RequestedElapsed alarm alignElapsed=Alarm{23f9340 type 3 origWhen 2033657047 whenElapsed 2033922643 com.oplus.metis} uid 10021 whenElapsed 2033922643 windowLength 225000 maxWhenElapsed 2033922643 repeatInterval 300000 action null component ComponentInfo{com.oplus.metis/com.oplus.contextaware.sort.SortAlarmReceiver} flags 0x8, APP_STANDBY_POLICY=2033623594, DEVICE_IDLE_POLICY=2033623593, ATTERY_SAVER_POLICY=2033623594
07-12 11:40:44.417  2250  2380 D AlarmAlignment: alignWithSys: is not RequestedElapsed alarm alignElapsed=Alarm{9b20b38 type 3 origWhen 2033623634 whenElapsed 2033922643 com.oplus.metis} uid 10021 whenElapsed 2033922643 windowLength 225000 maxWhenElapsed 2033922643 repeatInterval 0 action com.oplus.action.TIMER_ALARM_TASK component null flags 0x8, APP_STANDBY_POLICY=2033323653, DEVICE_IDLE_POLICY=2033323653, ATTERY_SAVER_POLICY=2033323653
07-12 11:40:44.417  2250  2380 D AlarmAlignment: alignWithSys: is not RequestedElapsed alarm alignElapsed=Alarm{76f6279 type 3 origWhen 2033897671 whenElapsed 2033922643 com.oplus.nhs} uid 1001 whenElapsed 2033922643 windowLength 225000 maxWhenElapsed 2033922643 repeatInterval 300000 action oplus.intent.action.INTERNAL_LOOP_UPDATE_ACTIVITYINFO_ALARM component ComponentInfo{com.oplus.nhs/com.oplus.nhs.pwr.ModemAci.ModemAciAlarmReceiver} flags 0x8, APP_STANDBY_POLICY=2033623592, DEVICE_IDLE_POLICY=2033623592, ATTERY_SAVER_POLICY=0
07-12 11:40:44.417  2250  2380 D AlarmAlignment: alignWithSys: is not RequestedElapsed alarm alignElapsed=Alarm{d03fbbe type 3 origWhen 2034058998 whenElapsed 2034222643 android} uid 1000 whenElapsed 2034222643 windowLength 1350000 maxWhenElapsed 2034222643 repeatInterval 1800000 action com.android.server.action.NETWORK_STATS_POLL component null flags 0x8, APP_STANDBY_POLICY=2032423601, DEVICE_IDLE_POLICY=2032423601, ATTERY_SAVER_POLICY=0
07-12 11:40:44.417  2250  2380 D AlarmAlignment: alignWithSys: is not RequestedElapsed alarm alignElapsed=Alarm{58a0711 type 0 origWhen 1720756199368 whenElapsed 2034222643 com.heytap.mcs} uid 1000 whenElapsed 2034222643 windowLength 10000 maxWhenElapsed 2034222643 repeatInterval 0 action com.heytap.mcs.action component null flags 0x8, APP_STANDBY_POLICY=2033323656, DEVICE_IDLE_POLICY=2033323654, ATTERY_SAVER_POLICY=0
07-12 11:40:44.422 20678 21035 W ContextImpl: Calling a method in the system process without a qualified user: android.app.ContextImpl.bindService:1970 android.content.ContextWrapper.bindService:863 com.heytap.mcs.biz.message.j.d:7 com.heytap.mcs.biz.message.j.i:3 com.heytap.mcs.biz.message.j.p:1 
07-12 11:40:44.427  2250  4475 D CompatibilityChangeReporter: Compat change id reported: 135634846; UID 1000; state: DISABLED
07-12 11:40:44.427  2250  4475 D CompatibilityChangeReporter: Compat change id reported: 177438394; UID 1000; state: DISABLED
07-12 11:40:44.427  2250  4475 D CompatibilityChangeReporter: Compat change id reported: 135772972; UID 1000; state: DISABLED
07-12 11:40:44.428  2250  4475 D CompatibilityChangeReporter: Compat change id reported: 135754954; UID 1000; state: ENABLED
07-12 11:40:44.453  2250  2324 I ActivityManager: Start proc 29261:com.heytap.mcs.biz.message/1000 for service {com.heytap.mcs/com.heytap.mcs.biz.message.MessageDealService}
07-12 11:41:06.771  2250  4475 W ActivityManager: Slow operation: 257ms so far, now at attachApplicationLocked: immediately after bindApplication
07-12 11:41:06.771  2250  4475 I Quality : Slow operation: /attachApplicationLocked: immediately after bindApplication/ 257
07-12 11:41:06.772  2250  4475 W ActivityManager: Slow operation: 258ms so far, now at attachApplicationLocked: after updateLruProcessLocked
07-12 11:41:06.772  2250  4475 I Quality : Slow operation: /attachApplicationLocked: after updateLruProcessLocked/ 258
07-12 11:41:06.777  2250  4475 W ActivityManager: Slow operation: 263ms so far, now at attachApplicationLocked: after mServices.attachApplicationLocked
07-12 11:41:06.777  2250  4475 I Quality : Slow operation: /attachApplicationLocked: after mServices.attachApplicationLocked/ 263
07-12 11:41:06.779 29261 29261 I Quality : SlowBinder: <pre-initialized> to android.app.IActivityManager cost= 265 code= 19
07-12 11:41:06.784  2250  3833 E OplusCustomizeRestrictionManagerService: isBiometricDisabled start
07-12 11:41:06.785  2250  3833 E OplusCustomizeRestrictionManagerService: isBiometricDisabled start
07-12 11:41:06.786  2250  3833 E OplusCustomizeRestrictionManagerService: isBiometricDisabled start
07-12 11:41:06.786  2250  3833 D LockSettingsService: [getStrongAuthForUser]  userId = 0
07-12 11:41:06.786  2250  3833 D BiometricUtils: isEncrypted: false isLockdown: false
07-12 11:41:06.786  2250  3236 D BiometricScheduler/Fingerprint21: [Added] {[1256] com.android.server.biometrics.sensors.fingerprint.hidl.FingerprintUpdateActiveUserClient, proto=1, owner=android, cookie=0, requestId=-1, userId=0}, new queue size: 1
07-12 11:41:06.786  2250  3236 D BiometricScheduler/Fingerprint21: [Polled] {[1256] com.android.server.biometrics.sensors.fingerprint.hidl.FingerprintUpdateActiveUserClient, proto=1, owner=android, cookie=0, requestId=-1, userId=0}, State: 0
07-12 11:41:06.786  2250  3236 D BiometricScheduler/Fingerprint21: [Started] {[1256] com.android.server.biometrics.sensors.fingerprint.hidl.FingerprintUpdateActiveUserClient, proto=1, owner=android, cookie=0, requestId=-1, userId=0}
07-12 11:41:06.786  2250  3236 D FingerprintUpdateActiveUserClient: Already user: com.android.server.biometrics.sensors.fingerprint.hidl.Fingerprint21$$ExternalSyntheticLambda1@933f404, returning
07-12 11:41:06.786  2250  3236 D BiometricSchedulerOperation: [Finished / destroy]: {[1256] com.android.server.biometrics.sensors.fingerprint.hidl.FingerprintUpdateActiveUserClient, proto=1, owner=android, cookie=0, requestId=-1, userId=0}
07-12 11:41:06.786  2250  3236 V BiometricSchedulerOperation: started: {[1256] com.android.server.biometrics.sensors.fingerprint.hidl.FingerprintUpdateActiveUserClient, proto=1, owner=android, cookie=0, requestId=-1, userId=0}, State: 5
07-12 11:41:06.787  2250  3236 D BiometricScheduler/Fingerprint21: [Added] {[1257] com.android.server.biometrics.sensors.fingerprint.hidl.FingerprintAuthenticationClient, proto=3, owner=com.android.systemui, cookie=0, requestId=488, userId=0}, new queue size: 1
07-12 11:41:06.787  2250  3236 V BiometricScheduler/Fingerprint21: Not idle, current operation: {[1256] com.android.server.biometrics.sensors.fingerprint.hidl.FingerprintUpdateActiveUserClient, proto=1, owner=android, cookie=0, requestId=-1, userId=0}, State: 5
07-12 11:41:06.787  2250  3236 D BiometricScheduler/Fingerprint21: [Finishing] {[1256] com.android.server.biometrics.sensors.fingerprint.hidl.FingerprintUpdateActiveUserClient, proto=1, owner=android, cookie=0, requestId=-1, userId=0}, success: true
07-12 11:41:06.787  2250  3236 D BiometricScheduler/Fingerprint21: [Polled] {[1257] com.android.server.biometrics.sensors.fingerprint.hidl.FingerprintAuthenticationClient, proto=3, owner=com.android.systemui, cookie=0, requestId=488, userId=0}, State: 0
07-12 11:41:06.787  2250  3236 D GestureAvailabilityTracker: Notifying gesture availability, active=false
07-12 11:41:06.787  2250  3236 D BiometricScheduler/Fingerprint21: [Started] {[1257] com.android.server.biometrics.sensors.fingerprint.hidl.FingerprintAuthenticationClient, proto=3, owner=com.android.systemui, cookie=0, requestId=488, userId=0}
07-12 11:41:06.787  2250  3236 D BiometricCoexCoordinator: addAuthenticationClient(Udfps), client: {[1257] com.android.server.biometrics.sensors.fingerprint.hidl.FingerprintAuthenticationClient, proto=3, owner=com.android.systemui, cookie=0, requestId=488, userId=0}
07-12 11:41:06.788  2250  3236 D BiometricStateCallback: State updated from 0 to 2, client {[1257] com.android.server.biometrics.sensors.fingerprint.hidl.FingerprintAuthenticationClient, proto=3, owner=com.android.systemui, cookie=0, requestId=488, userId=0}
07-12 11:41:06.788  2250  3236 D Biometrics/AuthenticationClient: Requesting auth for com.android.systemui
07-12 11:41:06.788  2250  3236 D Biometrics/Fingerprint21/UdfpsHelperExtImpl: preShowUdfpsOverlay sensor:0 reason:4
07-12 11:41:06.788  2250  3236 D VRR [OPlusExternalRefreshRateManager]: setStatus with: 1
07-12 11:41:06.788  2250  3236 D VRR [OPlusExternalRefreshRateManager]: setStatus from 0 to 1
07-12 11:41:06.788  2250  3236 D VRR [OPlusExternalRefreshRateManager]: keep max rate is: 120.00001
07-12 11:41:06.788  2250  3236 D VRR [OPlusSurfaceFlingerController]:  setMiscExclusiveMode : 120
07-12 11:41:06.789  2250  3236 D VRR [OPlusExternalRefreshRateManager]: setTouchIdleKeepHight enable: true
07-12 11:41:06.789  2250  2390 D VRR [OPlusSurfaceFlingerController]:  setTouchIdle : TouchIdleBean{mEnable=true, mHwEnable=false, mSwEnable=true, mAdfrEnable=false, mAmbientEnable=false, mTimeOut=4000, mContentThreshold=-1, mContentGapMs=500, mBrightnessLimit=200, mNitLimit=-1, mPwmBrightnessLimit=-1, mPwmNitLimit=-1, mBrightnessLimitMax=2147483647, mNitLimiMax=2147483647, mExitHbmNitThreshold=2147483647, mLowestRate=60, mSpecialFps=-1, mBlackList=[], mReadingWhiteList=[], mSpecialTimeOutMap={}, mSpecialContentGap={}, mSwWhiteMap={}, mSwNegligibleOverlay=[], mHwDisablePanel=[], mDefectPanel=[], mAdfrToHwList=[], mAdfrFoldToHW=-1, mLockRateNitThresholds=[]}
07-12 11:41:06.790  2250  3236 D RefreshRate: keepHighRefreshRate status=1: votes=PRIORITY_FOD_SHOW -> Vote{mRefreshRate=120.0, mMinRefreshRate=120.0};PRIORITY_WINDOW_REQUEST -> Vote{mRefreshRate=120.0, mMinRefreshRate=120.0};
07-12 11:41:06.791  2250  3236 D OplusUserManagerServiceEnhance: getMultiSystemUserId  res = -10000
07-12 11:41:06.798  2250  2901 E OplusCustomizeRestrictionManagerService: getUnlockByFingerprintPolicies fail, return default value.
07-12 11:41:06.801  2250  2901 E OplusCustomizeRestrictionManagerService: getUnlockByFingerprintPolicies fail, return default value.
07-12 11:41:06.801  2250  2901 D OplusFeatureAOD: key:2250 tmp:2
07-12 11:41:06.802  2250  5524 E OplusCustomizeRestrictionManagerService: getUnlockByFingerprintPolicies fail, return default value.
07-12 11:41:06.802  2250  2901 D DisplayManagerServiceExtImpl: request size(1,1),dpc=com.android.server.display.DisplayPowerController@eb90453 size(0,1),flags=0X200F,id(0,0,local:4630947194340276609), phase=1, enable=true, ready=false,prox=false policy=DOZE,dozeState=DOZE,screenBrightnessOverride=-1.000000,useAuto=true,lowPower=false,lowPowerFactor=1.000000
07-12 11:41:06.802  2250  2390 D VRR [OPlusRefreshRateService]: handleScreenStateChange state: 3
07-12 11:41:06.804  2250  2379 D BackLightStat: setScreenState: state changed:OFF->DOZE
07-12 11:41:06.804  2250  2379 D DisplayPowerState[0]: setColorFadeLevel: level=1.0
07-12 11:41:06.805  2250  2379 D DisplayPowerController[0]: Brightness [0.0] reason changing to: 'doze_default', previous reason: 'screen_off'. id=local:4630947194340276609
07-12 11:41:06.805  2250  2379 I DisplayPowerController[0]: BrightnessEvent: disp=0, brt=0.0, rcmdBrt=NaN, preBrt=NaN, lux=0.0, preLux=0.0, hbmMax=1.0, hbmMode=off, thrmMax=1.0, flags=, reason=doze_default
07-12 11:41:06.807  2250  2379 D OplusSmartBrightnessController: add for debug Aod brightness set 1.0
07-12 11:41:06.807  2250  3271 D DisplayPowerState[0]: Updating screen state: id=0, state=DOZE, backlight=1.0, sdrBacklight=1.0
07-12 11:41:06.811  2250  3271 D OplusSmartBrightnessController: requestDisplayState isFirstDisplay=true state=3 globalDisplayState=0x3
07-12 11:41:06.811  2250  3271 D LocalDisplayAdapter: setDisplayState(id=4630947194340276609 isFirstDisplay=true state changed:OFF->DOZE) t-Name=PhotonicModulator
07-12 11:41:06.811  2250  2305 I DisplayDeviceRepository: Display device changed state: "", DOZE
07-12 11:41:06.813  2250  2305 D DisplayManagerServiceExtImpl: scheduleTraversalLocked intraversal=false
07-12 11:41:06.813  2250  2305 I DisplayManagerServiceExtImpl: handle logical display changed logicalDisplay=id=0,phase=1,stack=0,content=true,displayInfo{stack=0,type=1,id=0,uId=local:4630947194340276609,state=DOZE,pkg=null}
07-12 11:41:06.813  2250  2305 D DisplayPowerController[0]: screen state changed reported, id = 0, state = 3
07-12 11:41:06.813  2250  2305 D DisplayManagerService: Delivering display event: displayId=0, event=2
07-12 11:41:06.814  2250  2250 I WallpaperManagerServiceExt: removeDisplayData. displayId = 0
07-12 11:41:06.814  2250  2250 D OAppNetControlService: Screens all off
07-12 11:41:06.814  2250  3066 D OplusDisplayStateMonitor: screenState: STATE_DOZE  last screenState: STATE_OFF
07-12 11:41:06.814  2250  3066 D OplusDisplayStateMonitor: DisplayDozeTime:2033646094
07-12 11:41:06.814  2250  3066 D OplusDisplayStateMonitor: Last DisplayDozeSuspendTime:2033499123
07-12 11:41:06.814  2250  3066 D OplusDisplayStateMonitor: Display doze suspend time delta: 146971 / 78300 ratio:0.0020377983751277626
07-12 11:41:06.815  2250  2380 D OplusPowerManagerHelper: setDozeLightSensorEnabled:true
07-12 11:41:06.817  2250  2303 D OplusVFXScreenEffectFeature: notifySFCompatWindowStateChange entered false
07-12 11:41:06.820  2250  2306 D DisplayManagerService: performTraversalInternal pendingTraversal
07-12 11:41:06.820  2250  2306 D DisplayDevice: setLayerStackLocked id=local:4630947194340276609 token=android.os.BinderProxy@abcc1ce stack=-1->0
07-12 11:41:06.820  2250  2305 D DisplayManagerService: MSG_REQUEST_TRAVERSAL pendingCompleted=false
07-12 11:41:06.824  2250  5524 V WindowManager: Relayout Window{ad52812 u0 OnScreenFingerprintIcon}: viewVisibility=0, oldvis=8, req=1440x1440
07-12 11:41:06.824  2250  5524 I WindowManager: Window{ad52812 u0 OnScreenFingerprintIcon} state from NO_SURFACE to DRAW_PENDING; reason: resetDrawState
07-12 11:41:06.827  2250  3236 V BiometricSchedulerOperation: started: {[1257] com.android.server.biometrics.sensors.fingerprint.hidl.FingerprintAuthenticationClient, proto=3, owner=com.android.systemui, cookie=0, requestId=488, userId=0}, State: 2
07-12 11:41:06.827  2250  3236 V BiometricLogger: Acquired! Modality: 1, User: 0, IsCrypto: false, Action: 2, Client: 1, AcquiredInfo: 6, VendorCode: 101
07-12 11:41:06.828  2250  3236 V Biometrics/AcquisitionClient: Acquired: 6 101, shouldSend: true
07-12 11:41:06.830  2250  2305 I VRR [OPlusRefreshRateManager]: hasADFRFeature return false
07-12 11:41:06.830  2250  2305 I DisplayManagerService: Comparing display specs: baseModeId=2 allowGroupSwitching=false primaryRefreshRateRange=[0 120] appRequestRefreshRateRange=[0 120] vrrPolicy=POLICY_DEFAULT, existing: baseModeId=2 allowGroupSwitching=false primaryRefreshRateRange=[0 120] appRequestRefreshRateRange=[0 120] vrrPolicy=POLICY_DEFAULT
07-12 11:41:06.834  2250  5524 W AccessibilityWindowsPopulator: The displayInfo of this displayId (0) called back from the surface fligner is null
07-12 11:41:06.839  2250  2901 V WindowManager: Relayout Window{f0c333f u0 OnScreenFingerprintPressedIcon}: viewVisibility=0, oldvis=8, req=303x303
07-12 11:41:06.839  2250  2901 I WindowManager: Window{f0c333f u0 OnScreenFingerprintPressedIcon} state from NO_SURFACE to DRAW_PENDING; reason: resetDrawState
07-12 11:41:06.850  2250  5524 W AccessibilityWindowsPopulator: The displayInfo of this displayId (0) called back from the surface fligner is null
07-12 11:41:06.851  3436  3436 W FingerprintManager: Invalid acquired message: 6, 101
07-12 11:41:06.855  2250  5524 I WindowManager: Window{f0c333f u0 OnScreenFingerprintPressedIcon} state from DRAW_PENDING to COMMIT_DRAW_PENDING; reason: finishDrawingLocked
07-12 11:41:06.855  2250  5524 D WindowManager: finishDrawingLocked forceApplyNow=false,2,Window{f0c333f u0 OnScreenFingerprintPressedIcon}
07-12 11:41:06.856  2250  2306 I WindowManager: Window{f0c333f u0 OnScreenFingerprintPressedIcon} state from COMMIT_DRAW_PENDING to READY_TO_SHOW; reason: commitFinishDrawingLocked
07-12 11:41:06.856  2250  2306 I WindowManager: Window{f0c333f u0 OnScreenFingerprintPressedIcon} state from READY_TO_SHOW to HAS_DRAWN; reason: performShowLocked
07-12 11:41:06.857  2250  5524 I WindowManager: Window{ad52812 u0 OnScreenFingerprintIcon} state from DRAW_PENDING to COMMIT_DRAW_PENDING; reason: finishDrawingLocked
07-12 11:41:06.857  2250  5524 D WindowManager: finishDrawingLocked forceApplyNow=false,2,Window{ad52812 u0 OnScreenFingerprintIcon}
07-12 11:41:06.858  2250  2306 I WindowManager: Window{ad52812 u0 OnScreenFingerprintIcon} state from COMMIT_DRAW_PENDING to READY_TO_SHOW; reason: commitFinishDrawingLocked
07-12 11:41:06.858  2250  2306 I WindowManager: Window{ad52812 u0 OnScreenFingerprintIcon} state from READY_TO_SHOW to HAS_DRAWN; reason: performShowLocked
07-12 11:41:06.871 29261 29281 W ContextImpl: Calling a method in the system process without a qualified user: android.app.ContextImpl.startService:1877 android.content.ContextWrapper.startService:827 com.heytap.mcs.biz.message.k.b:8 com.heytap.mcs.biz.message.k.e:6 z2.a.a:6 
07-12 11:41:06.921  2250  5681 I ActivityManager: Process com.heytap.mcs.biz.message (pid 29261) has died: vis IMPF
07-12 11:41:06.975  2250  2379 D OplusPowerManagerHelper: light event lux:1.0
07-12 11:41:07.070  2250  2333 V BatteryExternalStatsWorker: WiFi energy data was reset, new WiFi energy data is WifiActivityEnergyInfo{ mTimeSinceBootMillis=2033646350 mStackState=3 mControllerTxDurationMillis=0 mControllerRxDurationMillis=0 mControllerScanDurationMillis=0 mControllerIdleDurationMillis=0 mControllerEnergyUsedMicroJoules=0 }
07-12 11:41:07.138  2250  3271 D OplusFeatureDCBacklight: notifySfRepaintEverything begin mCurrentDCMode:1brightness=1threshold=260
07-12 11:41:07.139  2250  3271 D OplusFeatureDCBacklight: notifySfRepaintEverything end
07-12 11:41:07.139  2250  3271 D OplusSmartBrightnessController: brightness color = 1, brightness nit = 2.6987486,id:4630947194340276609 provider=true,verbose[auto=true,dragging=false,lowAnimating=false,HDRAnimating=false,needUpdate=true,window=false,dolbyRecord=false,dolbyEnhance=false,cover=false]
07-12 11:41:07.140  2250  2379 D OplusSmartBrightnessController: add for debug Aod brightness set 1.0
07-12 11:41:07.328  2250  5524 D OplusFeatureAOD: key:2250 tmp:1
07-12 11:41:07.328  2250  5524 D DisplayManagerServiceExtImpl: request size(1,1),dpc=com.android.server.display.DisplayPowerController@eb90453 size(0,1),flags=0X200F,id(0,0,local:4630947194340276609), phase=1, enable=true, ready=false,prox=false policy=DOZE,dozeState=DOZE_SUSPEND,screenBrightnessOverride=-1.000000,useAuto=true,lowPower=false,lowPowerFactor=1.000000
07-12 11:41:07.328  2250  2390 D VRR [OPlusRefreshRateService]: handleScreenStateChange state: 4
07-12 11:41:07.331  2250  2379 D BackLightStat: setScreenState: state changed:DOZE->DOZE_SUSPEND
07-12 11:41:07.331  2250  2379 D OplusSmartBrightnessController: add for debug Aod brightness set 1.0
07-12 11:41:07.332  2250  3271 D DisplayPowerState[0]: Updating screen state: id=0, state=DOZE_SUSPEND, backlight=1.0, sdrBacklight=1.0
07-12 11:41:07.332  2250  3271 D OplusSmartBrightnessController: requestDisplayState isFirstDisplay=true state=4 globalDisplayState=0x7
07-12 11:41:07.332  2250  3271 D LocalDisplayAdapter: setDisplayState(id=4630947194340276609 isFirstDisplay=true state changed:DOZE->DOZE_SUSPEND) t-Name=PhotonicModulator
07-12 11:41:07.333  2250  2305 I DisplayDeviceRepository: Display device changed state: "", DOZE_SUSPEND
07-12 11:41:07.334  2250  2250 W AccessibilityManagerService:  wait for adding window timeout: 1406
07-12 11:41:07.336  2250  2305 D DisplayManagerServiceExtImpl: scheduleTraversalLocked intraversal=false
07-12 11:41:07.336  2250  2305 I DisplayManagerServiceExtImpl: handle logical display changed logicalDisplay=id=0,phase=1,stack=0,content=true,displayInfo{stack=0,type=1,id=0,uId=local:4630947194340276609,state=DOZE_SUSPEND,pkg=null}
07-12 11:41:07.336  2250  2305 D DisplayPowerController[0]: screen state changed reported, id = 0, state = 4
07-12 11:41:07.336  2250  2305 D DisplayManagerService: Delivering display event: displayId=0, event=2
07-12 11:41:07.337  2250  3066 D OplusDisplayStateMonitor: screenState: STATE_DOZE_SUSPEND  last screenState: STATE_DOZE
07-12 11:41:07.337  2250  3066 D OplusDisplayStateMonitor: DisplayDozeTime:2033646094
07-12 11:41:07.337  2250  3066 D OplusDisplayStateMonitor: DisplayDozeSuspendTime:2033646617
07-12 11:41:07.337  2250  2250 I WallpaperManagerServiceExt: removeDisplayData. displayId = 0
07-12 11:41:07.337  2250  3066 D OplusDisplayStateMonitor: Display doze suspend time delta: 523 / 78822 ratio:0.0020513558292981093
07-12 11:41:07.338  2250  2250 D OAppNetControlService: Screens all off
07-12 11:41:07.340  2250  2303 D OplusVFXScreenEffectFeature: notifySFCompatWindowStateChange entered false
07-12 11:41:07.341  2250  2305 D DisplayManagerService: MSG_REQUEST_TRAVERSAL pendingCompleted=false
07-12 11:41:07.343  2250  2306 D DisplayManagerService: performTraversalInternal pendingTraversal
07-12 11:41:07.343  2250  2306 D DisplayDevice: setLayerStackLocked id=local:4630947194340276609 token=android.os.BinderProxy@abcc1ce stack=0->0
07-12 11:41:07.350  2250  2250 W AccessibilityManagerService:  wait for adding window timeout: 1402
07-12 11:41:07.357  2250  2379 D OplusSmartBrightnessController: add for debug Aod brightness set 1.0
07-12 11:41:07.476  2250  2379 D OplusPowerManagerHelper: handleMessage:113
07-12 11:41:07.476  2250  2379 D OplusPowerManagerHelper: processLightSensorEvent: lux1.0
07-12 11:41:07.477  2250  2379 D OplusDisplayPanelFeature: setDisplayPanelFeatureValue +++, ID:7, value:0
07-12 11:41:09.415  2250  2250 D OplusBrJobSchedulerService: in restriction white list com.oplus.battery action: android.intent.action.BATTERY_CHANGED
07-12 11:41:09.415  2250  2250 D OplusBrJobSchedulerService: in restriction white list com.oplus.battery action: android.intent.action.BATTERY_CHANGED
07-12 11:41:09.415  2250  2250 D OplusBrJobSchedulerService: in restriction white list com.oplus.battery action: android.intent.action.BATTERY_CHANGED
07-12 11:41:09.415  2250  2250 D OplusBrJobSchedulerService: in restriction white list com.oplus.location action: android.intent.action.BATTERY_CHANGED
07-12 11:41:09.435  2250 25822 D CompatibilityChangeReporter: Compat change id reported: 171306433; UID 1000; state: ENABLED
07-12 11:41:09.435  2250 25822 D CompatibilityChangeReporter: Compat change id reported: 218533173; UID 1000; state: ENABLED
07-12 11:41:09.449  2250  4475 E OplusCustomizeRestrictionManagerService: isBiometricDisabled start
07-12 11:41:09.450  2250  4202 E OplusCustomizeRestrictionManagerService: isBiometricDisabled start
07-12 11:41:09.481  2250  3165 D OplusBrJobSchedulerService: in restriction white list com.oplus.battery action: android.net.wifi.STATE_CHANGE
07-12 11:41:09.481  2250  3165 D OplusBrJobSchedulerService: in restriction white list com.oplus.battery action: android.net.wifi.STATE_CHANGE
07-12 11:41:17.902  2250  4475 D OplusFeatureAOD: key:2250 tmp:2
07-12 11:41:17.902  2250  4475 D DisplayManagerServiceExtImpl: request size(1,1),dpc=com.android.server.display.DisplayPowerController@eb90453 size(0,1),flags=0X200F,id(0,0,local:4630947194340276609), phase=1, enable=true, ready=false,prox=false policy=DOZE,dozeState=DOZE,screenBrightnessOverride=-1.000000,useAuto=true,lowPower=false,lowPowerFactor=1.000000
07-12 11:41:17.904  2250  2390 D VRR [OPlusRefreshRateService]: handleScreenStateChange state: 3
07-12 11:41:17.906  2250  2379 D BackLightStat: setScreenState: state changed:DOZE_SUSPEND->DOZE
07-12 11:41:17.906  2250  2379 D OplusSmartBrightnessController: add for debug Aod brightness set 1.0
07-12 11:41:17.906  2250  3271 D DisplayPowerState[0]: Updating screen state: id=0, state=DOZE, backlight=1.0, sdrBacklight=1.0
07-12 11:41:17.907  2250  3271 D OplusSmartBrightnessController: requestDisplayState isFirstDisplay=true state=3 globalDisplayState=0x7
07-12 11:41:17.907  2250  3271 D LocalDisplayAdapter: setDisplayState(id=4630947194340276609 isFirstDisplay=true state changed:DOZE_SUSPEND->DOZE) t-Name=PhotonicModulator
07-12 11:41:17.908  2250  2305 I DisplayDeviceRepository: Display device changed state: "", DOZE
07-12 11:41:17.910  2250  2379 D OplusSmartBrightnessController: add for debug Aod brightness set 1.0
07-12 11:41:17.914  2250  2305 D DisplayManagerServiceExtImpl: scheduleTraversalLocked intraversal=false
07-12 11:41:17.914  2250  2305 I DisplayManagerServiceExtImpl: handle logical display changed logicalDisplay=id=0,phase=1,stack=0,content=true,displayInfo{stack=0,type=1,id=0,uId=local:4630947194340276609,state=DOZE,pkg=null}
07-12 11:41:17.914  2250  2305 D DisplayPowerController[0]: screen state changed reported, id = 0, state = 3
07-12 11:41:17.914  2250  2305 D DisplayManagerService: Delivering display event: displayId=0, event=2
07-12 11:41:17.915  2250  3066 D OplusDisplayStateMonitor: screenState: STATE_DOZE  last screenState: STATE_DOZE_SUSPEND
07-12 11:41:17.917  2250  2250 I WallpaperManagerServiceExt: removeDisplayData. displayId = 0
07-12 11:41:17.917  2250  2250 D OAppNetControlService: Screens all off
07-12 11:41:17.917  2250  2305 D DisplayManagerService: MSG_REQUEST_TRAVERSAL pendingCompleted=false
07-12 11:41:17.919  2250  3066 D OplusDisplayStateMonitor: DisplayDozeTime:2033657199
07-12 11:41:17.919  2250  3066 D OplusDisplayStateMonitor: Last DisplayDozeSuspendTime:2033646617
07-12 11:41:17.919  2250  3066 D OplusDisplayStateMonitor: Display doze suspend time delta: 10582 / 89404 ratio:0.0023261135542738797
07-12 11:41:17.919  2250  2303 D OplusVFXScreenEffectFeature: notifySFCompatWindowStateChange entered false
07-12 11:41:17.920  2250  2306 D DisplayManagerService: performTraversalInternal pendingTraversal
07-12 11:41:17.920  2250  2306 D DisplayDevice: setLayerStackLocked id=local:4630947194340276609 token=android.os.BinderProxy@abcc1ce stack=0->0
07-12 11:41:18.938  3436  3702 D FingerprintManager: Cancel fingerprint authentication requested for: 488
07-12 11:41:18.938  2250  5524 E OplusCustomizeRestrictionManagerService: isBiometricDisabled start
07-12 11:41:18.939  2250  5524 D Fingerprint21: cancelAuthentication, sensorId: 0
07-12 11:41:18.939  2250  3236 D BiometricScheduler/Fingerprint21: cancelAuthenticationOrDetection, requestId: 488
07-12 11:41:18.939  2250  3236 D BiometricScheduler/Fingerprint21: Cancelling auth/detect op: {[1257] com.android.server.biometrics.sensors.fingerprint.hidl.FingerprintAuthenticationClient, proto=3, owner=com.android.systemui, cookie=0, requestId=488, userId=0}, State: 2
07-12 11:41:18.939  2250  3236 D BiometricSchedulerOperation: [Cancelling] Current client: {[1257] com.android.server.biometrics.sensors.fingerprint.hidl.FingerprintAuthenticationClient, proto=3, owner=com.android.systemui, cookie=0, requestId=488, userId=0}
07-12 11:41:18.940  2250  3236 D Biometrics/Fingerprint21/UdfpsHelperExtImpl: preHideUdfpsOverlay sensor:0
07-12 11:41:18.940  2250  3236 D VRR [OPlusExternalRefreshRateManager]: setStatus with: 0
07-12 11:41:18.940  2250  3236 D VRR [OPlusExternalRefreshRateManager]: setStatus from 1 to 0
07-12 11:41:18.940  2250  3236 D VRR [OPlusSurfaceFlingerController]:  setMiscExclusiveMode : -1
07-12 11:41:18.940  2250  3236 D VRR [OPlusExternalRefreshRateManager]: setTouchIdleKeepHight enable: false
07-12 11:41:18.941  2250  2390 D VRR [OPlusSurfaceFlingerController]:  setTouchIdle : TouchIdleBean{mEnable=true, mHwEnable=false, mSwEnable=true, mAdfrEnable=false, mAmbientEnable=false, mTimeOut=4000, mContentThreshold=-1, mContentGapMs=500, mBrightnessLimit=200, mNitLimit=-1, mPwmBrightnessLimit=-1, mPwmNitLimit=-1, mBrightnessLimitMax=2147483647, mNitLimiMax=2147483647, mExitHbmNitThreshold=2147483647, mLowestRate=60, mSpecialFps=-1, mBlackList=[], mReadingWhiteList=[], mSpecialTimeOutMap={}, mSpecialContentGap={}, mSwWhiteMap={}, mSwNegligibleOverlay=[], mHwDisablePanel=[], mDefectPanel=[], mAdfrToHwList=[], mAdfrFoldToHW=-1, mLockRateNitThresholds=[]}
07-12 11:41:18.952  2250  4475 V WindowManager: Relayout Window{ad52812 u0 OnScreenFingerprintIcon}: viewVisibility=8, oldvis=0, req=1440x1440
07-12 11:41:18.952  2250  3236 D Fingerprint21: handleError, client: FingerprintAuthenticationClient, error: 5, vendorCode: 0
07-12 11:41:18.952  2250  3236 D Biometrics/AcquisitionClient: onErrorInternal code: 5, finish: true
07-12 11:41:18.952  2250  3236 V BiometricLogger: Error! Modality: 1, User: 0, IsCrypto: false, Action: 2, Client: 1, Error: 5, VendorCode: 0, Latency: -1
07-12 11:41:18.952  2250  3236 W BiometricFrameworkStatsLogger: found a negative latency : -1
07-12 11:41:18.953  2250  3236 D BiometricStateCallback: Client finished, state updated to 0, client {[1257] com.android.server.biometrics.sensors.fingerprint.hidl.FingerprintAuthenticationClient, proto=3, owner=com.android.systemui, cookie=0, requestId=488, userId=0}
07-12 11:41:18.953  2250  3236 D BiometricSchedulerOperation: [Finished / destroy]: {[1257] com.android.server.biometrics.sensors.fingerprint.hidl.FingerprintAuthenticationClient, proto=3, owner=com.android.systemui, cookie=0, requestId=488, userId=0}
07-12 11:41:18.953  2250  3236 V BiometricLogger: capturing ambient light using: [disabled]
07-12 11:41:18.953  2250  4475 I WindowManager: Window{ad52812 u0 OnScreenFingerprintIcon} state from HAS_DRAWN to NO_SURFACE; reason: destroySurface
07-12 11:41:18.953  2250  3236 V BiometricCoexCoordinator: no haptic shouldUsuallyVibrate: false, hapticSuppressedByCoex: false
07-12 11:41:18.953  2250  3236 D Biometrics/Fingerprint21/UdfpsHelperExtImpl: preHideUdfpsOverlay sensor:0
07-12 11:41:18.953  2250  3236 D VRR [OPlusExternalRefreshRateManager]: setStatus with: 0
07-12 11:41:18.953  2250  3236 D BiometricScheduler/Fingerprint21: [Finishing] {[1257] com.android.server.biometrics.sensors.fingerprint.hidl.FingerprintAuthenticationClient, proto=3, owner=com.android.systemui, cookie=0, requestId=488, userId=0}, success: false
07-12 11:41:18.954  2250  3236 D BiometricCoexCoordinator: removeAuthenticationClient(Udfps), client: {[1257] com.android.server.biometrics.sensors.fingerprint.hidl.FingerprintAuthenticationClient, proto=3, owner=com.android.systemui, cookie=0, requestId=488, userId=0}
07-12 11:41:18.954  2250  3236 D GestureAvailabilityTracker: Notifying gesture availability, active=true
07-12 11:41:18.954  2250  3236 D BiometricScheduler/Fingerprint21: No operations, returning to idle
07-12 11:41:18.963  2250  4475 V WindowManager: Relayout Window{f0c333f u0 OnScreenFingerprintPressedIcon}: viewVisibility=8, oldvis=0, req=303x303
07-12 11:41:18.963  2250  4475 I WindowManager: Window{f0c333f u0 OnScreenFingerprintPressedIcon} state from HAS_DRAWN to NO_SURFACE; reason: destroySurface
07-12 11:41:18.969  2250  4475 E OplusCustomizeRestrictionManagerService: getUnlockByFingerprintPolicies fail, return default value.
07-12 11:41:19.142  2250  2250 D VRR [OPlusExternalRefreshRateManager]: setStatus with: 0
07-12 11:41:19.142  2250  2250 D RefreshRate: keepHighRefreshRate status=0: votes=PRIORITY_WINDOW_REQUEST -> Vote{mRefreshRate=120.0, mMinRefreshRate=120.0};
07-12 11:41:19.440  2250  4475 D OplusFeatureAOD: key:2250 tmp:0
07-12 11:41:19.441  2250  2379 D DisplayPowerState[0]: setColorFadeLevel: level=0.0
07-12 11:41:19.441  2250  4475 D DisplayManagerServiceExtImpl: request size(1,1),dpc=com.android.server.display.DisplayPowerController@eb90453 size(0,1),flags=0X200F,id(0,0,local:4630947194340276609), phase=1, enable=true, ready=false,prox=false policy=DOZE,dozeState=OFF,screenBrightnessOverride=-1.000000,useAuto=true,lowPower=false,lowPowerFactor=1.000000
07-12 11:41:19.442  2250  2379 D DpcExtImpl[0]: RECORD: Animation finished when screen is off
07-12 11:41:19.442  2250  2379 D DpcExtImpl[0]: [onGoToSleepFinish]
07-12 11:41:19.442  2250  2379 E OplusCustomizeRestrictionManagerService: isBiometricDisabled start
07-12 11:41:19.445  2250  2379 D OplusSmartBrightnessController: add for debug Aod brightness set 1.0
07-12 11:41:19.445  2250  2379 D DisplayPowerState[0]: updateRunnable run fadeLevle=0.0 state=DOZE brightness changed:4.0->1.0
07-12 11:41:19.446  2250  2390 D VRR [OPlusRefreshRateService]: handleScreenStateChange state: 1
07-12 11:41:19.448  2250  2379 D BackLightStat: setScreenState: state changed:DOZE->OFF
07-12 11:41:19.448  2250  2379 D DisplayPowerController[0]: Brightness [-1.0] reason changing to: 'screen_off', previous reason: 'doze_default'. id=local:4630947194340276609
07-12 11:41:19.448  2250  2379 I DisplayPowerController[0]: BrightnessEvent: disp=0, brt=-1.0, rcmdBrt=NaN, preBrt=NaN, lux=0.0, preLux=0.0, hbmMax=1.0, hbmMode=off, thrmMax=1.0, flags=, reason=screen_off
07-12 11:41:19.449  2250  2379 D DisplayPowerState[0]: updateRunnable run fadeLevle=0.0 state=OFF brightness changed:4.0->-1.0
07-12 11:41:19.449  2250  3271 D DisplayPowerState[0]: Updating screen state: id=0, state=OFF, backlight=-1.0, sdrBacklight=-1.0
07-12 11:41:19.450  2250  2305 I DisplayDeviceRepository: Display device changed state: "", OFF
07-12 11:41:19.452  2250  2305 D DisplayManagerServiceExtImpl: scheduleTraversalLocked intraversal=false
07-12 11:41:19.452  2250  2305 I DisplayManagerServiceExtImpl: handle logical display changed logicalDisplay=id=0,phase=1,stack=0,content=true,displayInfo{stack=0,type=1,id=0,uId=local:4630947194340276609,state=OFF,pkg=null}
07-12 11:41:19.452  2250  2305 D DisplayPowerController[0]: screen state changed reported, id = 0, state = 1
07-12 11:41:19.453  2250  2305 D DisplayManagerService: Delivering display event: displayId=0, event=2
07-12 11:41:19.454  2250  3066 D OplusDisplayStateMonitor: screenState: STATE_OFF  last screenState: STATE_DOZE
07-12 11:41:19.454  2250  3066 D OplusDisplayStateMonitor: screen state off for power save
07-12 11:41:19.454  2250  2250 I WallpaperManagerServiceExt: removeDisplayData. displayId = 0
07-12 11:41:19.455  2250  3271 D OplusFeatureDCBacklight: notifySfRepaintEverything begin mCurrentDCMode:1brightness=-1threshold=260
07-12 11:41:19.455  2250  3271 D OplusFeatureDCBacklight: notifySfRepaintEverything end
07-12 11:41:19.455  2250  2250 D OAppNetControlService: Screens all off
07-12 11:41:19.455  2250  3271 D OplusSmartBrightnessController: requestDisplayState isFirstDisplay=true state=1 globalDisplayState=0x0
07-12 11:41:19.455  2250  3271 D LocalDisplayAdapter: setDisplayState(id=4630947194340276609 isFirstDisplay=true state changed:DOZE->OFF) t-Name=PhotonicModulator
07-12 11:41:19.457  2250  2303 D OplusVFXScreenEffectFeature: notifySFCompatWindowStateChange entered false
07-12 11:41:19.458  2250  2305 D DisplayManagerService: MSG_REQUEST_TRAVERSAL pendingCompleted=false
07-12 11:41:19.459  2250  2306 D DisplayManagerService: performTraversalInternal pendingTraversal
07-12 11:41:19.459  2250  2306 D DisplayDevice: setLayerStackLocked id=local:4630947194340276609 token=android.os.BinderProxy@abcc1ce stack=0->-1
07-12 11:41:19.462  2250  2305 I VRR [OPlusRefreshRateManager]: hasADFRFeature return false
07-12 11:41:19.463  2250  2305 I DisplayManagerService: Comparing display specs: baseModeId=2 allowGroupSwitching=false primaryRefreshRateRange=[0 120] appRequestRefreshRateRange=[0 120] vrrPolicy=POLICY_DEFAULT, existing: baseModeId=2 allowGroupSwitching=false primaryRefreshRateRange=[0 120] appRequestRefreshRateRange=[0 120] vrrPolicy=POLICY_DEFAULT
07-12 11:41:19.713  2250  3271 D OplusPowerManagerHelper: setDozeLightSensorEnabled:false
07-12 11:41:19.713  2250  3271 D OplusDisplayPanelFeature: getDisplayPanelFeatureValue +++, featureID:20
07-12 11:41:19.714  2250  3271 D OplusDisplayPanelFeature: getDisplayPanelFeatureValue, ret = 0
07-12 11:41:19.714  2250  3271 I OplusDisplayPanelFeature: [0]
07-12 11:41:19.714  2250  3271 D OplusDisplayPanelFeature: getDisplayPanelFeatureValue ---, result = [0]
07-12 11:41:19.714  2250  3271 D OplusSilentRebootManager: silence flags file value is :0
07-12 11:41:19.715  2250  2379 D DisplayPowerState[0]: updateRunnable run fadeLevle=0.0 state=OFF brightness changed:4.0->-1.0
07-12 11:41:19.747  2250  2305 W AccessibilityWindowsPopulator: The displayInfo of this displayId (0) called back from the surface fligner is null
07-12 11:41:57.189  2250  2901 E OplusCustomizeRestrictionManagerService: isBiometricDisabled start
07-12 11:41:57.189  2250  2901 E OplusCustomizeRestrictionManagerService: isBiometricDisabled start
07-12 11:41:57.190  2250  3834 E OplusCustomizeRestrictionManagerService: isBiometricDisabled start
07-12 11:41:57.190  2250  3834 D LockSettingsService: [getStrongAuthForUser]  userId = 0
07-12 11:41:57.191  2250  3834 D BiometricUtils: isEncrypted: false isLockdown: false
07-12 11:41:57.191  2250  3236 D BiometricScheduler/Fingerprint21: [Added] {[1258] com.android.server.biometrics.sensors.fingerprint.hidl.FingerprintUpdateActiveUserClient, proto=1, owner=android, cookie=0, requestId=-1, userId=0}, new queue size: 1
07-12 11:41:57.191  2250  3236 D BiometricScheduler/Fingerprint21: [Polled] {[1258] com.android.server.biometrics.sensors.fingerprint.hidl.FingerprintUpdateActiveUserClient, proto=1, owner=android, cookie=0, requestId=-1, userId=0}, State: 0
07-12 11:41:57.191  2250  3236 D BiometricScheduler/Fingerprint21: [Started] {[1258] com.android.server.biometrics.sensors.fingerprint.hidl.FingerprintUpdateActiveUserClient, proto=1, owner=android, cookie=0, requestId=-1, userId=0}
07-12 11:41:57.191  2250  3236 D FingerprintUpdateActiveUserClient: Already user: com.android.server.biometrics.sensors.fingerprint.hidl.Fingerprint21$$ExternalSyntheticLambda1@7b10e94, returning
07-12 11:41:57.191  2250  3236 D BiometricSchedulerOperation: [Finished / destroy]: {[1258] com.android.server.biometrics.sensors.fingerprint.hidl.FingerprintUpdateActiveUserClient, proto=1, owner=android, cookie=0, requestId=-1, userId=0}
07-12 11:41:57.191  2250  3236 V BiometricSchedulerOperation: started: {[1258] com.android.server.biometrics.sensors.fingerprint.hidl.FingerprintUpdateActiveUserClient, proto=1, owner=android, cookie=0, requestId=-1, userId=0}, State: 5
07-12 11:41:57.192  2250  3236 D BiometricScheduler/Fingerprint21: [Added] {[1259] com.android.server.biometrics.sensors.fingerprint.hidl.FingerprintAuthenticationClient, proto=3, owner=com.android.systemui, cookie=0, requestId=489, userId=0}, new queue size: 1
07-12 11:41:57.193  2250  3236 V BiometricScheduler/Fingerprint21: Not idle, current operation: {[1258] com.android.server.biometrics.sensors.fingerprint.hidl.FingerprintUpdateActiveUserClient, proto=1, owner=android, cookie=0, requestId=-1, userId=0}, State: 5
07-12 11:41:57.193  2250  3236 D BiometricScheduler/Fingerprint21: [Finishing] {[1258] com.android.server.biometrics.sensors.fingerprint.hidl.FingerprintUpdateActiveUserClient, proto=1, owner=android, cookie=0, requestId=-1, userId=0}, success: true
07-12 11:41:57.193  2250  3236 D BiometricScheduler/Fingerprint21: [Polled] {[1259] com.android.server.biometrics.sensors.fingerprint.hidl.FingerprintAuthenticationClient, proto=3, owner=com.android.systemui, cookie=0, requestId=489, userId=0}, State: 0
07-12 11:41:57.193  2250  3236 D GestureAvailabilityTracker: Notifying gesture availability, active=false
07-12 11:41:57.193  2250  3236 D BiometricScheduler/Fingerprint21: [Started] {[1259] com.android.server.biometrics.sensors.fingerprint.hidl.FingerprintAuthenticationClient, proto=3, owner=com.android.systemui, cookie=0, requestId=489, userId=0}
07-12 11:41:57.193  2250  3236 D BiometricCoexCoordinator: addAuthenticationClient(Udfps), client: {[1259] com.android.server.biometrics.sensors.fingerprint.hidl.FingerprintAuthenticationClient, proto=3, owner=com.android.systemui, cookie=0, requestId=489, userId=0}
07-12 11:41:57.193  2250  3236 D BiometricStateCallback: State updated from 0 to 2, client {[1259] com.android.server.biometrics.sensors.fingerprint.hidl.FingerprintAuthenticationClient, proto=3, owner=com.android.systemui, cookie=0, requestId=489, userId=0}
07-12 11:41:57.193  2250  3236 D Biometrics/AuthenticationClient: Requesting auth for com.android.systemui
07-12 11:41:57.193  2250  3236 D Biometrics/Fingerprint21/UdfpsHelperExtImpl: preShowUdfpsOverlay sensor:0 reason:4
07-12 11:41:57.193  2250  3236 D VRR [OPlusExternalRefreshRateManager]: setStatus with: 1
07-12 11:41:57.193  2250  3236 D VRR [OPlusExternalRefreshRateManager]: setStatus from 0 to 1
07-12 11:41:57.193  2250  3236 D VRR [OPlusExternalRefreshRateManager]: keep max rate is: 120.00001
07-12 11:41:57.193  2250  3236 D VRR [OPlusSurfaceFlingerController]:  setMiscExclusiveMode : 120
07-12 11:41:57.194  2250  3236 D VRR [OPlusExternalRefreshRateManager]: setTouchIdleKeepHight enable: true
07-12 11:41:57.194  2250  2390 D VRR [OPlusSurfaceFlingerController]:  setTouchIdle : TouchIdleBean{mEnable=true, mHwEnable=false, mSwEnable=true, mAdfrEnable=false, mAmbientEnable=false, mTimeOut=4000, mContentThreshold=-1, mContentGapMs=500, mBrightnessLimit=200, mNitLimit=-1, mPwmBrightnessLimit=-1, mPwmNitLimit=-1, mBrightnessLimitMax=2147483647, mNitLimiMax=2147483647, mExitHbmNitThreshold=2147483647, mLowestRate=60, mSpecialFps=-1, mBlackList=[], mReadingWhiteList=[], mSpecialTimeOutMap={}, mSpecialContentGap={}, mSwWhiteMap={}, mSwNegligibleOverlay=[], mHwDisablePanel=[], mDefectPanel=[], mAdfrToHwList=[], mAdfrFoldToHW=-1, mLockRateNitThresholds=[]}
07-12 11:41:57.197  2250  3236 D RefreshRate: keepHighRefreshRate status=1: votes=PRIORITY_FOD_SHOW -> Vote{mRefreshRate=120.0, mMinRefreshRate=120.0};PRIORITY_WINDOW_REQUEST -> Vote{mRefreshRate=120.0, mMinRefreshRate=120.0};
07-12 11:41:57.199  2250  3236 D OplusUserManagerServiceEnhance: getMultiSystemUserId  res = -10000
07-12 11:41:57.205  2250  5895 E OplusCustomizeRestrictionManagerService: getUnlockByFingerprintPolicies fail, return default value.
07-12 11:41:57.207  2250  3834 E OplusCustomizeRestrictionManagerService: getUnlockByFingerprintPolicies fail, return default value.
07-12 11:41:57.208  2250  5895 E OplusCustomizeRestrictionManagerService: getUnlockByFingerprintPolicies fail, return default value.
07-12 11:41:57.209  2250  3834 D OplusFeatureAOD: key:2250 tmp:2
