07-12 11:24:29.650  2250  2390 D VRR [OPlusSurfaceFlingerController]:  setTouchIdle : TouchIdleBean{mEnable=true, mHwEnable=false, mSwEnable=true, mAdfrEnable=false, mAmbientEnable=false, mTimeOut=4000, mContentThreshold=-1, mContentGapMs=500, mBrightnessLimit=200, mNitLimit=-1, mPwmBrightnessLimit=-1, mPwmNitLimit=-1, mBrightnessLimitMax=2147483647, mNitLimiMax=2147483647, mExitHbmNitThreshold=2147483647, mLowestRate=60, mSpecialFps=-1, mBlackList=[], mReadingWhiteList=[], mSpecialTimeOutMap={}, mSpecialContentGap={}, mSwWhiteMap={}, mSwNegligibleOverlay=[], mHwDisablePanel=[], mDefectPanel=[], mAdfrToHwList=[], mAdfrFoldToHW=-1, mLockRateNitThresholds=[]}
07-12 11:24:29.662  2250  3236 D Fingerprint21: handleError, client: FingerprintAuthenticationClient, error: 5, vendorCode: 0
07-12 11:24:29.662  2250  3236 D Biometrics/AcquisitionClient: onErrorInternal code: 5, finish: true
07-12 11:24:29.662  2250  3236 V BiometricLogger: Error! Modality: 1, User: 0, IsCrypto: false, Action: 2, Client: 1, Error: 5, VendorCode: 0, Latency: -1
07-12 11:24:29.662  2250  3236 W BiometricFrameworkStatsLogger: found a negative latency : -1
07-12 11:24:29.662  2250  3236 D BiometricStateCallback: Client finished, state updated to 0, client {[1249] com.android.server.biometrics.sensors.fingerprint.hidl.FingerprintAuthenticationClient, proto=3, owner=com.android.systemui, cookie=0, requestId=484, userId=0}
07-12 11:24:29.662  2250  3236 D BiometricSchedulerOperation: [Finished / destroy]: {[1249] com.android.server.biometrics.sensors.fingerprint.hidl.FingerprintAuthenticationClient, proto=3, owner=com.android.systemui, cookie=0, requestId=484, userId=0}
07-12 11:24:29.663  2250  3236 V BiometricLogger: capturing ambient light using: [disabled]
07-12 11:24:29.663  2250  3236 V BiometricCoexCoordinator: no haptic shouldUsuallyVibrate: false, hapticSuppressedByCoex: false
07-12 11:24:29.663  2250  8557 V WindowManager: Relayout Window{ad52812 u0 OnScreenFingerprintIcon}: viewVisibility=8, oldvis=0, req=1440x1440
07-12 11:24:29.663  2250  3236 D Biometrics/Fingerprint21/UdfpsHelperExtImpl: preHideUdfpsOverlay sensor:0
07-12 11:24:29.663  2250  3236 D VRR [OPlusExternalRefreshRateManager]: setStatus with: 0
07-12 11:24:29.663  2250  3236 D BiometricScheduler/Fingerprint21: [Finishing] {[1249] com.android.server.biometrics.sensors.fingerprint.hidl.FingerprintAuthenticationClient, proto=3, owner=com.android.systemui, cookie=0, requestId=484, userId=0}, success: false
07-12 11:24:29.663  2250  3236 D BiometricCoexCoordinator: removeAuthenticationClient(Udfps), client: {[1249] com.android.server.biometrics.sensors.fingerprint.hidl.FingerprintAuthenticationClient, proto=3, owner=com.android.systemui, cookie=0, requestId=484, userId=0}
07-12 11:24:29.663  2250  3236 D GestureAvailabilityTracker: Notifying gesture availability, active=true
07-12 11:24:29.663  2250  3236 D BiometricScheduler/Fingerprint21: No operations, returning to idle
07-12 11:24:29.664  2250  8557 I WindowManager: Window{ad52812 u0 OnScreenFingerprintIcon} state from HAS_DRAWN to NO_SURFACE; reason: destroySurface
07-12 11:24:29.677  2250  4292 V WindowManager: Relayout Window{f0c333f u0 OnScreenFingerprintPressedIcon}: viewVisibility=8, oldvis=0, req=303x303
07-12 11:24:29.677  2250  4292 I WindowManager: Window{f0c333f u0 OnScreenFingerprintPressedIcon} state from HAS_DRAWN to NO_SURFACE; reason: destroySurface
07-12 11:24:29.684  2250  8557 E OplusCustomizeRestrictionManagerService: getUnlockByFingerprintPolicies fail, return default value.
07-12 11:24:29.850  2250  2250 D VRR [OPlusExternalRefreshRateManager]: setStatus with: 0
07-12 11:24:29.851  2250  2250 D RefreshRate: keepHighRefreshRate status=0: votes=PRIORITY_WINDOW_REQUEST -> Vote{mRefreshRate=120.0, mMinRefreshRate=120.0};
07-12 11:24:30.150  2250  8557 D OplusFeatureAOD: key:2250 tmp:0
07-12 11:24:30.151  2250  8557 D DisplayManagerServiceExtImpl: request size(1,1),dpc=com.android.server.display.DisplayPowerController@eb90453 size(0,1),flags=0X200F,id(0,0,local:4630947194340276609), phase=1, enable=true, ready=false,prox=false policy=DOZE,dozeState=OFF,screenBrightnessOverride=-1.000000,useAuto=true,lowPower=false,lowPowerFactor=1.000000
07-12 11:24:30.156  2250  2379 D DisplayPowerState[0]: setColorFadeLevel: level=0.0
07-12 11:24:30.156  2250  2379 D DpcExtImpl[0]: RECORD: Animation finished when screen is off
07-12 11:24:30.156  2250  2379 D DpcExtImpl[0]: [onGoToSleepFinish]
07-12 11:24:30.169  2250  2379 E OplusCustomizeRestrictionManagerService: isBiometricDisabled start
07-12 11:24:30.170  2250  2379 D OplusSmartBrightnessController: add for debug Aod brightness set 1.0
07-12 11:24:30.170  2250  2379 D DisplayPowerState[0]: updateRunnable run fadeLevle=0.0 state=DOZE brightness changed:4.0->1.0
07-12 11:24:30.170  2250  2390 D VRR [OPlusRefreshRateService]: handleScreenStateChange state: 1
07-12 11:24:30.172  2250  2379 D BackLightStat: setScreenState: state changed:DOZE->OFF
07-12 11:24:30.173  2250  2379 D DisplayPowerController[0]: Brightness [-1.0] reason changing to: 'screen_off', previous reason: 'doze_default'. id=local:4630947194340276609
07-12 11:24:30.173  2250  2379 I DisplayPowerController[0]: BrightnessEvent: disp=0, brt=-1.0, rcmdBrt=NaN, preBrt=NaN, lux=0.0, preLux=0.0, hbmMax=1.0, hbmMode=off, thrmMax=1.0, flags=, reason=screen_off
07-12 11:24:30.173  2250  2379 D DisplayPowerState[0]: updateRunnable run fadeLevle=0.0 state=OFF brightness changed:4.0->-1.0
07-12 11:24:30.173  2250  3271 D DisplayPowerState[0]: Updating screen state: id=0, state=OFF, backlight=-1.0, sdrBacklight=-1.0
07-12 11:24:30.174  2250  2305 I DisplayDeviceRepository: Display device changed state: "", OFF
07-12 11:24:30.175  2250  2305 D DisplayManagerServiceExtImpl: scheduleTraversalLocked intraversal=false
07-12 11:24:30.175  2250  2305 I DisplayManagerServiceExtImpl: handle logical display changed logicalDisplay=id=0,phase=1,stack=0,content=true,displayInfo{stack=0,type=1,id=0,uId=local:4630947194340276609,state=OFF,pkg=null}
07-12 11:24:30.175  2250  2305 D DisplayPowerController[0]: screen state changed reported, id = 0, state = 1
07-12 11:24:30.175  2250  2305 D DisplayManagerService: Delivering display event: displayId=0, event=2
07-12 11:24:30.175  2250  2250 I WallpaperManagerServiceExt: removeDisplayData. displayId = 0
07-12 11:24:30.175  2250  2250 D OAppNetControlService: Screens all off
07-12 11:24:30.176  2250  3066 D OplusDisplayStateMonitor: screenState: STATE_OFF  last screenState: STATE_DOZE
07-12 11:24:30.176  2250  3066 D OplusDisplayStateMonitor: screen state off for power save
07-12 11:24:30.178  2250  2305 D DisplayManagerService: MSG_REQUEST_TRAVERSAL pendingCompleted=false
07-12 11:24:30.181  2250  2306 D DisplayManagerService: performTraversalInternal pendingTraversal
07-12 11:24:30.181  2250  2306 D DisplayDevice: setLayerStackLocked id=local:4630947194340276609 token=android.os.BinderProxy@abcc1ce stack=0->-1
07-12 11:24:30.182  2250  2305 I VRR [OPlusRefreshRateManager]: hasADFRFeature return false
07-12 11:24:30.182  2250  3271 D OplusFeatureDCBacklight: notifySfRepaintEverything begin mCurrentDCMode:1brightness=-1threshold=260
07-12 11:24:30.182  2250  3271 D OplusFeatureDCBacklight: notifySfRepaintEverything end
07-12 11:24:30.182  2250  2305 I DisplayManagerService: Comparing display specs: baseModeId=2 allowGroupSwitching=false primaryRefreshRateRange=[0 120] appRequestRefreshRateRange=[0 120] vrrPolicy=POLICY_DEFAULT, existing: baseModeId=2 allowGroupSwitching=false primaryRefreshRateRange=[0 120] appRequestRefreshRateRange=[0 120] vrrPolicy=POLICY_DEFAULT
07-12 11:24:30.183  2250  3271 D OplusSmartBrightnessController: requestDisplayState isFirstDisplay=true state=1 globalDisplayState=0x0
07-12 11:24:30.183  2250  3271 D LocalDisplayAdapter: setDisplayState(id=4630947194340276609 isFirstDisplay=true state changed:DOZE->OFF) t-Name=PhotonicModulator
07-12 11:24:30.185  2250  2303 D OplusVFXScreenEffectFeature: notifySFCompatWindowStateChange entered false
07-12 11:24:30.221  2250  2305 W AccessibilityWindowsPopulator: The displayInfo of this displayId (0) called back from the surface fligner is null
07-12 11:24:30.459  2250  3271 D OplusPowerManagerHelper: setDozeLightSensorEnabled:false
07-12 11:24:30.459  2250  3271 D OplusDisplayPanelFeature: getDisplayPanelFeatureValue +++, featureID:20
07-12 11:24:30.460  2250  3271 D OplusDisplayPanelFeature: getDisplayPanelFeatureValue, ret = 0
07-12 11:24:30.460  2250  3271 I OplusDisplayPanelFeature: [0]
07-12 11:24:30.460  2250  3271 D OplusDisplayPanelFeature: getDisplayPanelFeatureValue ---, result = [0]
07-12 11:24:30.460  2250  3271 D OplusSilentRebootManager: silence flags file value is :0
07-12 11:24:30.461  2250  2379 D DisplayPowerState[0]: updateRunnable run fadeLevle=0.0 state=OFF brightness changed:4.0->-1.0
07-12 11:24:30.496  2250  2305 W AccessibilityWindowsPopulator: The displayInfo of this displayId (0) called back from the surface fligner is null
07-12 11:25:44.339  2250  2278 E OplusCustomizeRestrictionManagerService: isBiometricDisabled start
07-12 11:25:44.339  2250  2901 E OplusCustomizeRestrictionManagerService: isBiometricDisabled start
07-12 11:30:33.330  2250  3790 D OplusBroadcastSendController: isNeedSkipBatteryBroadcast: skip time out , not skip this battery broadcast
07-12 11:30:33.331  2250  2250 D OplusBrJobSchedulerService: in restriction white list com.oplus.battery action: android.intent.action.BATTERY_CHANGED
07-12 11:30:33.331  2250  2250 D OplusBrJobSchedulerService: in restriction white list com.oplus.battery action: android.intent.action.BATTERY_CHANGED
07-12 11:30:33.331  2250  2250 D OplusBrJobSchedulerService: in restriction white list com.oplus.battery action: android.intent.action.BATTERY_CHANGED
07-12 11:30:33.331  2250  2250 D OplusBrJobSchedulerService: in restriction white list com.oplus.location action: android.intent.action.BATTERY_CHANGED
07-12 11:30:44.329  2250  4475 E OplusCustomizeRestrictionManagerService: isBiometricDisabled start
07-12 11:30:44.329  2250  3444 E OplusCustomizeRestrictionManagerService: isBiometricDisabled start
07-12 11:30:44.379  2250  2333 W BatteryExternalStatsWorker: error reading Bluetooth stats: 9
07-12 11:35:44.326  2250  2901 E OplusCustomizeRestrictionManagerService: isBiometricDisabled start
07-12 11:35:44.326  2250  3444 E OplusCustomizeRestrictionManagerService: isBiometricDisabled start
07-12 11:35:44.351  2250  2315 E DiscreteRegistry: Deleting file 1720150180009tl
07-12 11:35:44.362  2250  2380 D AlarmAlignment: findFirstElapsedTimeWakeupNonStandalone:  nowElapsed = 2033323643
07-12 11:35:44.367  2250  2380 D AlarmAlignment: reAlignAlarms
07-12 11:35:44.377 20678 20775 W ContextImpl: Calling a method in the system process without a qualified user: android.app.ContextImpl.bindService:1970 android.content.ContextWrapper.bindService:863 com.heytap.mcs.biz.statistics.agent.OBUSAgent.bindStatisticsApiService:9 com.heytap.mcs.biz.statistics.agent.OBUSAgent.upload:7 com.heytap.mcs.biz.statistics.agent.AgentManager.upload:3 
07-12 11:35:44.377  2250  3377 D CommSceneService: notify align tick changed state=1
07-12 11:35:44.378  2250  3377 D OSysNetControlService: handle comm scene=1006 state=1 phoneId=-1
07-12 11:35:44.378  2250  3377 D OSysNetControlService: condition id=1 delay not match!
07-12 11:35:44.378  2250  3377 D OSysNetControlService: condition id=2 state=false not match!
07-12 11:35:44.381  2250  3577 D CompatibilityChangeReporter: Compat change id reported: 135634846; UID 1000; state: DISABLED
07-12 11:35:44.382  2250  3577 D CompatibilityChangeReporter: Compat change id reported: 177438394; UID 1000; state: DISABLED
07-12 11:35:44.382  2250  3577 D CompatibilityChangeReporter: Compat change id reported: 135772972; UID 1000; state: DISABLED
07-12 11:35:44.382  2250  3577 D CompatibilityChangeReporter: Compat change id reported: 135754954; UID 1000; state: ENABLED
07-12 11:35:44.403  2250  2324 I ActivityManager: Start proc 29172:com.heytap.mcs.statistics/1000 for service {com.heytap.mcs/com.heytap.mcs.biz.statistics.service.StatisticsApiService}
07-12 11:35:44.404  2250  2324 W ContextImpl: Calling a method in the system process without a qualified user: android.app.ContextImpl.sendBroadcast:1193 com.android.server.am.OplusAppStartupConfig.sendAbnormalNotify:1554 com.android.server.am.OplusAppStartupConfig.notifyAbnormalInfo:1487 com.android.server.am.OplusAppStartupManager.handleStartAppInfo:5328 com.android.server.am.ProcessListExtImpl.hookHandleProcessStart:239 
07-12 11:35:44.421  2250  2380 D AlarmAlignment: findFirstElapsedTimeWakeupNonStandalone:  nowElapsed = 2033323701
07-12 11:35:44.423  2250  2380 D AlarmAlignment: reAlignAlarms
07-12 11:35:44.423  2250  2380 D AlarmAlignment: alignWithSys: is not RequestedElapsed alarm alignElapsed=Alarm{a599695 type 3 origWhen 2033597671 whenElapsed 2033622643 com.oplus.nhs} uid 1001 whenElapsed 2033622643 windowLength 225000 maxWhenElapsed 2033622643 repeatInterval 300000 action oplus.intent.action.INTERNAL_LOOP_UPDATE_ACTIVITYINFO_ALARM component ComponentInfo{com.oplus.nhs/com.oplus.nhs.pwr.ModemAci.ModemAciAlarmReceiver} flags 0x8, APP_STANDBY_POLICY=2033323596, DEVICE_IDLE_POLICY=2033323596, ATTERY_SAVER_POLICY=0
07-12 11:35:44.423  2250  2380 D AlarmAlignment: alignWithSys: is not RequestedElapsed alarm alignElapsed=Alarm{44b3aa type 3 origWhen 2033357047 whenElapsed 2033622643 com.oplus.metis} uid 10021 whenElapsed 2033622643 windowLength 225000 maxWhenElapsed 2033622643 repeatInterval 300000 action null component ComponentInfo{com.oplus.metis/com.oplus.contextaware.sort.SortAlarmReceiver} flags 0x8, APP_STANDBY_POLICY=2033323597, DEVICE_IDLE_POLICY=2033323597, ATTERY_SAVER_POLICY=2033323597
07-12 11:35:44.423  2250  2380 D AlarmAlignment: alignWithSys: is not RequestedElapsed alarm alignElapsed=Alarm{b7a7b9b type 2 origWhen 2033608649 whenElapsed 2033622643 com.heytap.mcs} uid 1000 whenElapsed 2033622643 windowLength 10000 maxWhenElapsed 2033622643 repeatInterval 0 action com.heytap.mcs.action component null flags 0x8, APP_STANDBY_POLICY=2033323656, DEVICE_IDLE_POLICY=2033323656, ATTERY_SAVER_POLICY=0
07-12 11:35:44.423  2250  2380 D AlarmAlignment: alignWithSys: is not RequestedElapsed alarm alignElapsed=Alarm{9b20b38 type 3 origWhen 2033623634 whenElapsed 2033922643 com.oplus.metis} uid 10021 whenElapsed 2033922643 windowLength 225000 maxWhenElapsed 2033922643 repeatInterval 0 action com.oplus.action.TIMER_ALARM_TASK component null flags 0x8, APP_STANDBY_POLICY=2033323653, DEVICE_IDLE_POLICY=2033323653, ATTERY_SAVER_POLICY=2033323653
07-12 11:35:44.424  2250  2380 D AlarmAlignment: alignWithSys: is not RequestedElapsed alarm alignElapsed=Alarm{58a0711 type 0 origWhen 1720756199368 whenElapsed 2034222643 com.heytap.mcs} uid 1000 whenElapsed 2034222643 windowLength 10000 maxWhenElapsed 2034222643 repeatInterval 0 action com.heytap.mcs.action component null flags 0x8, APP_STANDBY_POLICY=2033323656, DEVICE_IDLE_POLICY=2033323654, ATTERY_SAVER_POLICY=0
07-12 11:38:11.457 29172 29172 I Quality : SlowBinder: com.heytap.mcs.statistics to android.content.pm.IPackageManager cost= 253 code= 190
07-12 11:38:11.481  2250  4133 E OplusCustomizeRestrictionManagerService: isBiometricDisabled start
07-12 11:38:11.481  2250  4133 E OplusCustomizeRestrictionManagerService: isBiometricDisabled start
07-12 11:38:11.482  2250  4133 E OplusCustomizeRestrictionManagerService: isBiometricDisabled start
07-12 11:38:11.482  2250  4133 D LockSettingsService: [getStrongAuthForUser]  userId = 0
07-12 11:38:11.482  2250  4133 D BiometricUtils: isEncrypted: false isLockdown: false
07-12 11:38:11.483  2250  3236 D BiometricScheduler/Fingerprint21: [Added] {[1250] com.android.server.biometrics.sensors.fingerprint.hidl.FingerprintUpdateActiveUserClient, proto=1, owner=android, cookie=0, requestId=-1, userId=0}, new queue size: 1
07-12 11:38:11.483  2250  3236 D BiometricScheduler/Fingerprint21: [Polled] {[1250] com.android.server.biometrics.sensors.fingerprint.hidl.FingerprintUpdateActiveUserClient, proto=1, owner=android, cookie=0, requestId=-1, userId=0}, State: 0
07-12 11:38:11.483  2250  3236 D BiometricScheduler/Fingerprint21: [Started] {[1250] com.android.server.biometrics.sensors.fingerprint.hidl.FingerprintUpdateActiveUserClient, proto=1, owner=android, cookie=0, requestId=-1, userId=0}
07-12 11:38:11.483  2250  3236 D FingerprintUpdateActiveUserClient: Already user: com.android.server.biometrics.sensors.fingerprint.hidl.Fingerprint21$$ExternalSyntheticLambda1@ace4f05, returning
07-12 11:38:11.483  2250  3236 D BiometricSchedulerOperation: [Finished / destroy]: {[1250] com.android.server.biometrics.sensors.fingerprint.hidl.FingerprintUpdateActiveUserClient, proto=1, owner=android, cookie=0, requestId=-1, userId=0}
07-12 11:38:11.483  2250  3236 V BiometricSchedulerOperation: started: {[1250] com.android.server.biometrics.sensors.fingerprint.hidl.FingerprintUpdateActiveUserClient, proto=1, owner=android, cookie=0, requestId=-1, userId=0}, State: 5
07-12 11:38:11.483  2250  3236 D BiometricScheduler/Fingerprint21: [Added] {[1251] com.android.server.biometrics.sensors.fingerprint.hidl.FingerprintAuthenticationClient, proto=3, owner=com.android.systemui, cookie=0, requestId=485, userId=0}, new queue size: 1
07-12 11:38:11.483  2250  3236 V BiometricScheduler/Fingerprint21: Not idle, current operation: {[1250] com.android.server.biometrics.sensors.fingerprint.hidl.FingerprintUpdateActiveUserClient, proto=1, owner=android, cookie=0, requestId=-1, userId=0}, State: 5
07-12 11:38:11.484  2250  3236 D BiometricScheduler/Fingerprint21: [Finishing] {[1250] com.android.server.biometrics.sensors.fingerprint.hidl.FingerprintUpdateActiveUserClient, proto=1, owner=android, cookie=0, requestId=-1, userId=0}, success: true
07-12 11:38:11.484  2250  3236 D BiometricScheduler/Fingerprint21: [Polled] {[1251] com.android.server.biometrics.sensors.fingerprint.hidl.FingerprintAuthenticationClient, proto=3, owner=com.android.systemui, cookie=0, requestId=485, userId=0}, State: 0
07-12 11:38:11.484  2250  3236 D GestureAvailabilityTracker: Notifying gesture availability, active=false
07-12 11:38:11.484  2250  3236 D BiometricScheduler/Fingerprint21: [Started] {[1251] com.android.server.biometrics.sensors.fingerprint.hidl.FingerprintAuthenticationClient, proto=3, owner=com.android.systemui, cookie=0, requestId=485, userId=0}
07-12 11:38:11.484  2250  3236 D BiometricCoexCoordinator: addAuthenticationClient(Udfps), client: {[1251] com.android.server.biometrics.sensors.fingerprint.hidl.FingerprintAuthenticationClient, proto=3, owner=com.android.systemui, cookie=0, requestId=485, userId=0}
07-12 11:38:11.484  2250  3236 D BiometricStateCallback: State updated from 0 to 2, client {[1251] com.android.server.biometrics.sensors.fingerprint.hidl.FingerprintAuthenticationClient, proto=3, owner=com.android.systemui, cookie=0, requestId=485, userId=0}
07-12 11:38:11.484  2250  3236 D Biometrics/AuthenticationClient: Requesting auth for com.android.systemui
07-12 11:38:11.485  2250  3236 D Biometrics/Fingerprint21/UdfpsHelperExtImpl: preShowUdfpsOverlay sensor:0 reason:4
07-12 11:38:11.485  2250  3236 D VRR [OPlusExternalRefreshRateManager]: setStatus with: 1
07-12 11:38:11.485  2250  3236 D VRR [OPlusExternalRefreshRateManager]: setStatus from 0 to 1
07-12 11:38:11.485  2250  3236 D VRR [OPlusExternalRefreshRateManager]: keep max rate is: 120.00001
07-12 11:38:11.485  2250  3236 D VRR [OPlusSurfaceFlingerController]:  setMiscExclusiveMode : 120
07-12 11:38:11.489  2250  3236 D VRR [OPlusExternalRefreshRateManager]: setTouchIdleKeepHight enable: true
07-12 11:38:11.489  2250  2390 D VRR [OPlusSurfaceFlingerController]:  setTouchIdle : TouchIdleBean{mEnable=true, mHwEnable=false, mSwEnable=true, mAdfrEnable=false, mAmbientEnable=false, mTimeOut=4000, mContentThreshold=-1, mContentGapMs=500, mBrightnessLimit=200, mNitLimit=-1, mPwmBrightnessLimit=-1, mPwmNitLimit=-1, mBrightnessLimitMax=2147483647, mNitLimiMax=2147483647, mExitHbmNitThreshold=2147483647, mLowestRate=60, mSpecialFps=-1, mBlackList=[], mReadingWhiteList=[], mSpecialTimeOutMap={}, mSpecialContentGap={}, mSwWhiteMap={}, mSwNegligibleOverlay=[], mHwDisablePanel=[], mDefectPanel=[], mAdfrToHwList=[], mAdfrFoldToHW=-1, mLockRateNitThresholds=[]}
07-12 11:38:11.490  2250  3236 D RefreshRate: keepHighRefreshRate status=1: votes=PRIORITY_FOD_SHOW -> Vote{mRefreshRate=120.0, mMinRefreshRate=120.0};PRIORITY_WINDOW_REQUEST -> Vote{mRefreshRate=120.0, mMinRefreshRate=120.0};
07-12 11:38:11.492  2250  3236 D OplusUserManagerServiceEnhance: getMultiSystemUserId  res = -10000
07-12 11:38:11.495  2250  4133 E OplusCustomizeRestrictionManagerService: getUnlockByFingerprintPolicies fail, return default value.
07-12 11:38:11.496  2250  4133 E OplusCustomizeRestrictionManagerService: getUnlockByFingerprintPolicies fail, return default value.
07-12 11:38:11.496  2250  4202 E OplusCustomizeRestrictionManagerService: getUnlockByFingerprintPolicies fail, return default value.
07-12 11:38:11.497  2250  4202 D OplusFeatureAOD: key:2250 tmp:2
07-12 11:38:11.497  2250  4202 D DisplayManagerServiceExtImpl: request size(1,1),dpc=com.android.server.display.DisplayPowerController@eb90453 size(0,1),flags=0X200F,id(0,0,local:4630947194340276609), phase=1, enable=true, ready=false,prox=false policy=DOZE,dozeState=DOZE,screenBrightnessOverride=-1.000000,useAuto=true,lowPower=false,lowPowerFactor=1.000000
07-12 11:38:11.497  2250  2390 D VRR [OPlusRefreshRateService]: handleScreenStateChange state: 3
07-12 11:38:11.498  2250  2379 D BackLightStat: setScreenState: state changed:OFF->DOZE
07-12 11:38:11.498  2250  2379 D DisplayPowerState[0]: setColorFadeLevel: level=1.0
07-12 11:38:11.499  2250  2379 D DisplayPowerController[0]: Brightness [0.0] reason changing to: 'doze_default', previous reason: 'screen_off'. id=local:4630947194340276609
07-12 11:38:11.499  2250  2379 I DisplayPowerController[0]: BrightnessEvent: disp=0, brt=0.0, rcmdBrt=NaN, preBrt=NaN, lux=0.0, preLux=0.0, hbmMax=1.0, hbmMode=off, thrmMax=1.0, flags=, reason=doze_default
07-12 11:38:11.499  2250  2379 D OplusSmartBrightnessController: add for debug Aod brightness set 1.0
07-12 11:38:11.499  2250  3271 D DisplayPowerState[0]: Updating screen state: id=0, state=DOZE, backlight=1.0, sdrBacklight=1.0
07-12 11:38:11.499  2250  3271 D OplusSmartBrightnessController: requestDisplayState isFirstDisplay=true state=3 globalDisplayState=0x3
07-12 11:38:11.500  2250  3271 D LocalDisplayAdapter: setDisplayState(id=4630947194340276609 isFirstDisplay=true state changed:OFF->DOZE) t-Name=PhotonicModulator
07-12 11:38:11.500  2250  2305 I DisplayDeviceRepository: Display device changed state: "", DOZE
07-12 11:38:11.500  2250  2305 D DisplayManagerServiceExtImpl: scheduleTraversalLocked intraversal=false
07-12 11:38:11.501  2250  2305 I DisplayManagerServiceExtImpl: handle logical display changed logicalDisplay=id=0,phase=1,stack=0,content=true,displayInfo{stack=0,type=1,id=0,uId=local:4630947194340276609,state=DOZE,pkg=null}
07-12 11:38:11.501  2250  2305 D DisplayPowerController[0]: screen state changed reported, id = 0, state = 3
07-12 11:38:11.503  2250  2305 D DisplayManagerService: Delivering display event: displayId=0, event=2
07-12 11:38:11.504  2250  2305 D DisplayManagerService: MSG_REQUEST_TRAVERSAL pendingCompleted=false
07-12 11:38:11.508  2250  3066 D OplusDisplayStateMonitor: screenState: STATE_DOZE  last screenState: STATE_OFF
07-12 11:38:11.508  2250  3066 D OplusDisplayStateMonitor: DisplayDozeTime:2033470789
07-12 11:38:11.508  2250  3066 D OplusDisplayStateMonitor: Last DisplayDozeSuspendTime:2032641128
07-12 11:38:11.508  2250  3066 D OplusDisplayStateMonitor: Display doze suspend time delta: 829661 / 44174 ratio:0.001154920655089485
07-12 11:38:11.509  2250  2305 I VRR [OPlusRefreshRateManager]: hasADFRFeature return false
07-12 11:38:11.509  2250  2305 I DisplayManagerService: Comparing display specs: baseModeId=2 allowGroupSwitching=false primaryRefreshRateRange=[0 120] appRequestRefreshRateRange=[0 120] vrrPolicy=POLICY_DEFAULT, existing: baseModeId=2 allowGroupSwitching=false primaryRefreshRateRange=[0 120] appRequestRefreshRateRange=[0 120] vrrPolicy=POLICY_DEFAULT
07-12 11:38:11.509  2250  2250 I WallpaperManagerServiceExt: removeDisplayData. displayId = 0
07-12 11:38:11.509  2250  2250 D OAppNetControlService: Screens all off
07-12 11:38:11.511  2250  2303 D OplusVFXScreenEffectFeature: notifySFCompatWindowStateChange entered false
07-12 11:38:11.512  2250  2306 D DisplayManagerService: performTraversalInternal pendingTraversal
07-12 11:38:11.512  2250  2306 D DisplayDevice: setLayerStackLocked id=local:4630947194340276609 token=android.os.BinderProxy@abcc1ce stack=-1->0
07-12 11:38:11.513  2250  2380 D OplusPowerManagerHelper: setDozeLightSensorEnabled:true
07-12 11:38:11.522  2250  3236 V BiometricSchedulerOperation: started: {[1251] com.android.server.biometrics.sensors.fingerprint.hidl.FingerprintAuthenticationClient, proto=3, owner=com.android.systemui, cookie=0, requestId=485, userId=0}, State: 2
07-12 11:38:11.523  2250  3236 V BiometricLogger: Acquired! Modality: 1, User: 0, IsCrypto: false, Action: 2, Client: 1, AcquiredInfo: 6, VendorCode: 101
07-12 11:38:11.523  2250  3236 V Biometrics/AcquisitionClient: Acquired: 6 101, shouldSend: true
07-12 11:38:11.527  2250  2278 V WindowManager: Relayout Window{ad52812 u0 OnScreenFingerprintIcon}: viewVisibility=0, oldvis=8, req=1440x1440
07-12 11:38:11.527  2250  2278 I WindowManager: Window{ad52812 u0 OnScreenFingerprintIcon} state from NO_SURFACE to DRAW_PENDING; reason: resetDrawState
07-12 11:38:11.535  3436  3436 W FingerprintManager: Invalid acquired message: 6, 101
07-12 11:38:11.537  2250  3577 W AccessibilityWindowsPopulator: The displayInfo of this displayId (0) called back from the surface fligner is null
07-12 11:38:11.540  2250  2278 V WindowManager: Relayout Window{f0c333f u0 OnScreenFingerprintPressedIcon}: viewVisibility=0, oldvis=8, req=303x303
07-12 11:38:11.540  2250  2278 I WindowManager: Window{f0c333f u0 OnScreenFingerprintPressedIcon} state from NO_SURFACE to DRAW_PENDING; reason: resetDrawState
07-12 11:38:11.547  2250  2278 W AccessibilityWindowsPopulator: The displayInfo of this displayId (0) called back from the surface fligner is null
07-12 11:38:11.549 29172 29198 W ContextImpl: Calling a method in the system process without a qualified user: android.app.ContextImpl.bindService:1970 android.content.ContextWrapper.bindService:863 r6.c.a:9 r6.b.a:5 o5.b.i:5 
07-12 11:38:11.552  2250  2278 I WindowManager: Window{f0c333f u0 OnScreenFingerprintPressedIcon} state from DRAW_PENDING to COMMIT_DRAW_PENDING; reason: finishDrawingLocked
07-12 11:38:11.553  2250  2278 D WindowManager: finishDrawingLocked forceApplyNow=false,2,Window{f0c333f u0 OnScreenFingerprintPressedIcon}
07-12 11:38:11.553  2250  2306 I WindowManager: Window{f0c333f u0 OnScreenFingerprintPressedIcon} state from COMMIT_DRAW_PENDING to READY_TO_SHOW; reason: commitFinishDrawingLocked
07-12 11:38:11.553  2250  2306 I WindowManager: Window{f0c333f u0 OnScreenFingerprintPressedIcon} state from READY_TO_SHOW to HAS_DRAWN; reason: performShowLocked
07-12 11:38:11.554  2250  2901 I WindowManager: Window{ad52812 u0 OnScreenFingerprintIcon} state from DRAW_PENDING to COMMIT_DRAW_PENDING; reason: finishDrawingLocked
07-12 11:38:11.554  2250  2901 D WindowManager: finishDrawingLocked forceApplyNow=false,2,Window{ad52812 u0 OnScreenFingerprintIcon}
07-12 11:38:11.555  2250  2306 I WindowManager: Window{ad52812 u0 OnScreenFingerprintIcon} state from COMMIT_DRAW_PENDING to READY_TO_SHOW; reason: commitFinishDrawingLocked
07-12 11:38:11.555  2250  2306 I WindowManager: Window{ad52812 u0 OnScreenFingerprintIcon} state from READY_TO_SHOW to HAS_DRAWN; reason: performShowLocked
07-12 11:38:11.557  2250  2901 D StdIDManager: stdid call:com.heytap.mcs,1000,OUID,10358
07-12 11:38:11.661  2250  2379 D OplusPowerManagerHelper: light event lux:0.0
07-12 11:38:11.860  2250  3271 D OplusFeatureDCBacklight: notifySfRepaintEverything begin mCurrentDCMode:1brightness=1threshold=260
07-12 11:38:11.861  2250  3271 D OplusFeatureDCBacklight: notifySfRepaintEverything end
07-12 11:38:11.861  2250  3271 D OplusSmartBrightnessController: brightness color = 1, brightness nit = 2.6987486,id:4630947194340276609 provider=true,verbose[auto=true,dragging=false,lowAnimating=false,HDRAnimating=false,needUpdate=true,window=false,dolbyRecord=false,dolbyEnhance=false,cover=false]
07-12 11:38:11.863  2250  2379 D OplusSmartBrightnessController: add for debug Aod brightness set 1.0
07-12 11:38:12.029  2250  2278 D OplusFeatureAOD: key:2250 tmp:1
07-12 11:38:12.029  2250  2278 D DisplayManagerServiceExtImpl: request size(1,1),dpc=com.android.server.display.DisplayPowerController@eb90453 size(0,1),flags=0X200F,id(0,0,local:4630947194340276609), phase=1, enable=true, ready=false,prox=false policy=DOZE,dozeState=DOZE_SUSPEND,screenBrightnessOverride=-1.000000,useAuto=true,lowPower=false,lowPowerFactor=1.000000
07-12 11:38:12.030  2250  2390 D VRR [OPlusRefreshRateService]: handleScreenStateChange state: 4
07-12 11:38:12.034  2250  2379 D BackLightStat: setScreenState: state changed:DOZE->DOZE_SUSPEND
07-12 11:38:12.035  2250  2379 D OplusSmartBrightnessController: add for debug Aod brightness set 1.0
07-12 11:38:12.035  2250  3271 D DisplayPowerState[0]: Updating screen state: id=0, state=DOZE_SUSPEND, backlight=1.0, sdrBacklight=1.0
07-12 11:38:12.036  2250  3271 D OplusSmartBrightnessController: requestDisplayState isFirstDisplay=true state=4 globalDisplayState=0x7
07-12 11:38:12.036  2250  3271 D LocalDisplayAdapter: setDisplayState(id=4630947194340276609 isFirstDisplay=true state changed:DOZE->DOZE_SUSPEND) t-Name=PhotonicModulator
07-12 11:38:12.037  2250  2305 I DisplayDeviceRepository: Display device changed state: "", DOZE_SUSPEND
07-12 11:38:12.039  2250  2250 W AccessibilityManagerService:  wait for adding window timeout: 1406
07-12 11:38:12.039  2250  2305 D DisplayManagerServiceExtImpl: scheduleTraversalLocked intraversal=false
07-12 11:38:12.039  2250  2305 I DisplayManagerServiceExtImpl: handle logical display changed logicalDisplay=id=0,phase=1,stack=0,content=true,displayInfo{stack=0,type=1,id=0,uId=local:4630947194340276609,state=DOZE_SUSPEND,pkg=null}
07-12 11:38:12.039  2250  2305 D DisplayPowerController[0]: screen state changed reported, id = 0, state = 4
07-12 11:38:12.040  2250  2305 D DisplayManagerService: Delivering display event: displayId=0, event=2
07-12 11:38:12.040  2250  3066 D OplusDisplayStateMonitor: screenState: STATE_DOZE_SUSPEND  last screenState: STATE_DOZE
07-12 11:38:12.040  2250  3066 D OplusDisplayStateMonitor: DisplayDozeTime:2033470789
07-12 11:38:12.040  2250  3066 D OplusDisplayStateMonitor: DisplayDozeSuspendTime:2033471321
07-12 11:38:12.041  2250  3066 D OplusDisplayStateMonitor: Display doze suspend time delta: 532 / 44706 ratio:0.0011688134347504135
07-12 11:38:12.042  2250  2250 I WallpaperManagerServiceExt: removeDisplayData. displayId = 0
07-12 11:38:12.042  2250  2250 D OAppNetControlService: Screens all off
07-12 11:38:12.043  2250  2303 D OplusVFXScreenEffectFeature: notifySFCompatWindowStateChange entered false
07-12 11:38:12.045  2250  2306 D DisplayManagerService: performTraversalInternal pendingTraversal
07-12 11:38:12.045  2250  2306 D DisplayDevice: setLayerStackLocked id=local:4630947194340276609 token=android.os.BinderProxy@abcc1ce stack=0->0
07-12 11:38:12.045  2250  2305 D DisplayManagerService: MSG_REQUEST_TRAVERSAL pendingCompleted=false
07-12 11:38:12.048  2250  2250 W AccessibilityManagerService:  wait for adding window timeout: 1402
07-12 11:38:12.058  2250  2379 D OplusSmartBrightnessController: add for debug Aod brightness set 1.0
07-12 11:38:12.161  2250  2379 D OplusPowerManagerHelper: handleMessage:113
07-12 11:38:12.161  2250  2379 D OplusPowerManagerHelper: processLightSensorEvent: lux0.0
07-12 11:38:12.162  2250  2379 D OplusDisplayPanelFeature: setDisplayPanelFeatureValue +++, ID:7, value:1
07-12 11:38:20.974  2250  3834 D OplusFeatureAOD: key:2250 tmp:2
07-12 11:38:20.974  2250  2390 D VRR [OPlusRefreshRateService]: handleScreenStateChange state: 3
07-12 11:38:20.974  2250  3834 D DisplayManagerServiceExtImpl: request size(1,1),dpc=com.android.server.display.DisplayPowerController@eb90453 size(0,1),flags=0X200F,id(0,0,local:4630947194340276609), phase=1, enable=true, ready=false,prox=false policy=DOZE,dozeState=DOZE,screenBrightnessOverride=-1.000000,useAuto=true,lowPower=false,lowPowerFactor=1.000000
07-12 11:38:20.975  2250  2379 D BackLightStat: setScreenState: state changed:DOZE_SUSPEND->DOZE
07-12 11:38:20.976  2250  2379 D OplusSmartBrightnessController: add for debug Aod brightness set 1.0
07-12 11:38:20.976  2250  3271 D DisplayPowerState[0]: Updating screen state: id=0, state=DOZE, backlight=1.0, sdrBacklight=1.0
07-12 11:38:20.976  2250  3271 D OplusSmartBrightnessController: requestDisplayState isFirstDisplay=true state=3 globalDisplayState=0x7
07-12 11:38:20.976  2250  3271 D LocalDisplayAdapter: setDisplayState(id=4630947194340276609 isFirstDisplay=true state changed:DOZE_SUSPEND->DOZE) t-Name=PhotonicModulator
07-12 11:38:20.976  2250  2305 I DisplayDeviceRepository: Display device changed state: "", DOZE
07-12 11:38:20.978  2250  2305 D DisplayManagerServiceExtImpl: scheduleTraversalLocked intraversal=false
07-12 11:38:20.978  2250  2305 I DisplayManagerServiceExtImpl: handle logical display changed logicalDisplay=id=0,phase=1,stack=0,content=true,displayInfo{stack=0,type=1,id=0,uId=local:4630947194340276609,state=DOZE,pkg=null}
07-12 11:38:20.978  2250  2305 D DisplayPowerController[0]: screen state changed reported, id = 0, state = 3
07-12 11:38:20.978  2250  2305 D DisplayManagerService: Delivering display event: displayId=0, event=2
07-12 11:38:20.979  2250  2250 I WallpaperManagerServiceExt: removeDisplayData. displayId = 0
07-12 11:38:20.979  2250  2250 D OAppNetControlService: Screens all off
07-12 11:38:20.979  2250  3066 D OplusDisplayStateMonitor: screenState: STATE_DOZE  last screenState: STATE_DOZE_SUSPEND
07-12 11:38:20.979  2250  3066 D OplusDisplayStateMonitor: DisplayDozeTime:2033480259
07-12 11:38:20.979  2250  3066 D OplusDisplayStateMonitor: Last DisplayDozeSuspendTime:2033471321
07-12 11:38:20.979  2250  3066 D OplusDisplayStateMonitor: Display doze suspend time delta: 8938 / 53644 ratio:0.001402164802981652
07-12 11:38:20.982  2250  2305 D DisplayManagerService: MSG_REQUEST_TRAVERSAL pendingCompleted=false
07-12 11:38:20.983  2250  2303 D OplusVFXScreenEffectFeature: notifySFCompatWindowStateChange entered false
07-12 11:38:20.985  2250  2306 D DisplayManagerService: performTraversalInternal pendingTraversal
07-12 11:38:20.985  2250  2306 D DisplayDevice: setLayerStackLocked id=local:4630947194340276609 token=android.os.BinderProxy@abcc1ce stack=0->0
07-12 11:38:20.987  2250  2379 D OplusSmartBrightnessController: add for debug Aod brightness set 1.0
07-12 11:38:21.438 29172 29172 W ContextImpl: Calling a method in the system process without a qualified user: android.app.ContextImpl.startService:1877 android.content.ContextWrapper.startService:827 com.heytap.mcs.biz.statistics.StaticProcessTrackStatusManager.exitCurrentProcess:11 com.heytap.mcs.biz.statistics.StaticProcessTrackStatusManager$1.handleMessage:3 android.os.Handler.dispatchMessage:102 
07-12 11:38:21.501  2250  3946 I ActivityManager: Process com.heytap.mcs.statistics (pid 29172) has died: fg  SVC 
07-12 11:38:22.012  3436  3702 D FingerprintManager: Cancel fingerprint authentication requested for: 485
07-12 11:38:22.012  2250  4292 E OplusCustomizeRestrictionManagerService: isBiometricDisabled start
07-12 11:38:22.013  2250  4292 D Fingerprint21: cancelAuthentication, sensorId: 0
07-12 11:38:22.013  2250  3236 D BiometricScheduler/Fingerprint21: cancelAuthenticationOrDetection, requestId: 485
07-12 11:38:22.013  2250  3236 D BiometricScheduler/Fingerprint21: Cancelling auth/detect op: {[1251] com.android.server.biometrics.sensors.fingerprint.hidl.FingerprintAuthenticationClient, proto=3, owner=com.android.systemui, cookie=0, requestId=485, userId=0}, State: 2
07-12 11:38:22.013  2250  3236 D BiometricSchedulerOperation: [Cancelling] Current client: {[1251] com.android.server.biometrics.sensors.fingerprint.hidl.FingerprintAuthenticationClient, proto=3, owner=com.android.systemui, cookie=0, requestId=485, userId=0}
07-12 11:38:22.014  2250  3236 D Biometrics/Fingerprint21/UdfpsHelperExtImpl: preHideUdfpsOverlay sensor:0
07-12 11:38:22.014  2250  3236 D VRR [OPlusExternalRefreshRateManager]: setStatus with: 0
07-12 11:38:22.014  2250  3236 D VRR [OPlusExternalRefreshRateManager]: setStatus from 1 to 0
07-12 11:38:22.014  2250  3236 D VRR [OPlusSurfaceFlingerController]:  setMiscExclusiveMode : -1
07-12 11:38:22.014  2250  3236 D VRR [OPlusExternalRefreshRateManager]: setTouchIdleKeepHight enable: false
07-12 11:38:22.015  2250  2390 D VRR [OPlusSurfaceFlingerController]:  setTouchIdle : TouchIdleBean{mEnable=true, mHwEnable=false, mSwEnable=true, mAdfrEnable=false, mAmbientEnable=false, mTimeOut=4000, mContentThreshold=-1, mContentGapMs=500, mBrightnessLimit=200, mNitLimit=-1, mPwmBrightnessLimit=-1, mPwmNitLimit=-1, mBrightnessLimitMax=2147483647, mNitLimiMax=2147483647, mExitHbmNitThreshold=2147483647, mLowestRate=60, mSpecialFps=-1, mBlackList=[], mReadingWhiteList=[], mSpecialTimeOutMap={}, mSpecialContentGap={}, mSwWhiteMap={}, mSwNegligibleOverlay=[], mHwDisablePanel=[], mDefectPanel=[], mAdfrToHwList=[], mAdfrFoldToHW=-1, mLockRateNitThresholds=[]}
07-12 11:38:22.026  2250  4292 V WindowManager: Relayout Window{ad52812 u0 OnScreenFingerprintIcon}: viewVisibility=8, oldvis=0, req=1440x1440
07-12 11:38:22.027  2250  4292 I WindowManager: Window{ad52812 u0 OnScreenFingerprintIcon} state from HAS_DRAWN to NO_SURFACE; reason: destroySurface
07-12 11:38:22.028  2250  3236 D Fingerprint21: handleError, client: FingerprintAuthenticationClient, error: 5, vendorCode: 0
07-12 11:38:22.028  2250  3236 D Biometrics/AcquisitionClient: onErrorInternal code: 5, finish: true
07-12 11:38:22.028  2250  3236 V BiometricLogger: Error! Modality: 1, User: 0, IsCrypto: false, Action: 2, Client: 1, Error: 5, VendorCode: 0, Latency: -1
07-12 11:38:22.028  2250  3236 W BiometricFrameworkStatsLogger: found a negative latency : -1
07-12 11:38:22.028  2250  3236 D BiometricStateCallback: Client finished, state updated to 0, client {[1251] com.android.server.biometrics.sensors.fingerprint.hidl.FingerprintAuthenticationClient, proto=3, owner=com.android.systemui, cookie=0, requestId=485, userId=0}
07-12 11:38:22.028  2250  3236 D BiometricSchedulerOperation: [Finished / destroy]: {[1251] com.android.server.biometrics.sensors.fingerprint.hidl.FingerprintAuthenticationClient, proto=3, owner=com.android.systemui, cookie=0, requestId=485, userId=0}
07-12 11:38:22.028  2250  3236 V BiometricLogger: capturing ambient light using: [disabled]
07-12 11:38:22.028  2250  3236 V BiometricCoexCoordinator: no haptic shouldUsuallyVibrate: false, hapticSuppressedByCoex: false
07-12 11:38:22.028  2250  3236 D Biometrics/Fingerprint21/UdfpsHelperExtImpl: preHideUdfpsOverlay sensor:0
07-12 11:38:22.029  2250  3236 D VRR [OPlusExternalRefreshRateManager]: setStatus with: 0
07-12 11:38:22.034  2250  3236 D BiometricScheduler/Fingerprint21: [Finishing] {[1251] com.android.server.biometrics.sensors.fingerprint.hidl.FingerprintAuthenticationClient, proto=3, owner=com.android.systemui, cookie=0, requestId=485, userId=0}, success: false
07-12 11:38:22.034  2250  3236 D BiometricCoexCoordinator: removeAuthenticationClient(Udfps), client: {[1251] com.android.server.biometrics.sensors.fingerprint.hidl.FingerprintAuthenticationClient, proto=3, owner=com.android.systemui, cookie=0, requestId=485, userId=0}
07-12 11:38:22.034  2250  3236 D GestureAvailabilityTracker: Notifying gesture availability, active=true
07-12 11:38:22.034  2250  3236 D BiometricScheduler/Fingerprint21: No operations, returning to idle
07-12 11:38:22.037  2250  4475 V WindowManager: Relayout Window{f0c333f u0 OnScreenFingerprintPressedIcon}: viewVisibility=8, oldvis=0, req=303x303
07-12 11:38:22.038  2250  4475 I WindowManager: Window{f0c333f u0 OnScreenFingerprintPressedIcon} state from HAS_DRAWN to NO_SURFACE; reason: destroySurface
07-12 11:38:22.044  2250  4475 E OplusCustomizeRestrictionManagerService: getUnlockByFingerprintPolicies fail, return default value.
07-12 11:38:22.218  2250  2250 D VRR [OPlusExternalRefreshRateManager]: setStatus with: 0
07-12 11:38:22.219  2250  2250 D RefreshRate: keepHighRefreshRate status=0: votes=PRIORITY_WINDOW_REQUEST -> Vote{mRefreshRate=120.0, mMinRefreshRate=120.0};
07-12 11:38:22.517  2250  4475 D OplusFeatureAOD: key:2250 tmp:0
07-12 11:38:22.518  2250  2379 D DisplayPowerState[0]: setColorFadeLevel: level=0.0
07-12 11:38:22.518  2250  4475 D DisplayManagerServiceExtImpl: request size(1,1),dpc=com.android.server.display.DisplayPowerController@eb90453 size(0,1),flags=0X200F,id(0,0,local:4630947194340276609), phase=1, enable=true, ready=false,prox=false policy=DOZE,dozeState=OFF,screenBrightnessOverride=-1.000000,useAuto=true,lowPower=false,lowPowerFactor=1.000000
07-12 11:38:22.518  2250  2379 D DpcExtImpl[0]: RECORD: Animation finished when screen is off
07-12 11:38:22.518  2250  2379 D DpcExtImpl[0]: [onGoToSleepFinish]
07-12 11:38:22.519  2250  2379 E OplusCustomizeRestrictionManagerService: isBiometricDisabled start
07-12 11:38:22.522  2250  2379 D OplusSmartBrightnessController: add for debug Aod brightness set 1.0
07-12 11:38:22.522  2250  2379 D DisplayPowerState[0]: updateRunnable run fadeLevle=0.0 state=DOZE brightness changed:4.0->1.0
07-12 11:38:22.523  2250  2390 D VRR [OPlusRefreshRateService]: handleScreenStateChange state: 1
07-12 11:38:22.525  2250  2379 D BackLightStat: setScreenState: state changed:DOZE->OFF
07-12 11:38:22.525  2250  2379 D DisplayPowerController[0]: Brightness [-1.0] reason changing to: 'screen_off', previous reason: 'doze_default'. id=local:4630947194340276609
07-12 11:38:22.525  2250  2379 I DisplayPowerController[0]: BrightnessEvent: disp=0, brt=-1.0, rcmdBrt=NaN, preBrt=NaN, lux=0.0, preLux=0.0, hbmMax=1.0, hbmMode=off, thrmMax=1.0, flags=, reason=screen_off
07-12 11:38:22.526  2250  2379 D DisplayPowerState[0]: updateRunnable run fadeLevle=0.0 state=OFF brightness changed:4.0->-1.0
07-12 11:38:22.526  2250  3271 D DisplayPowerState[0]: Updating screen state: id=0, state=OFF, backlight=-1.0, sdrBacklight=-1.0
07-12 11:38:22.527  2250  2305 I DisplayDeviceRepository: Display device changed state: "", OFF
07-12 11:38:22.528  2250  2305 D DisplayManagerServiceExtImpl: scheduleTraversalLocked intraversal=false
07-12 11:38:22.528  2250  2305 I DisplayManagerServiceExtImpl: handle logical display changed logicalDisplay=id=0,phase=1,stack=0,content=true,displayInfo{stack=0,type=1,id=0,uId=local:4630947194340276609,state=OFF,pkg=null}
07-12 11:38:22.529  2250  2305 D DisplayPowerController[0]: screen state changed reported, id = 0, state = 1
07-12 11:38:22.529  2250  2305 D DisplayManagerService: Delivering display event: displayId=0, event=2
07-12 11:38:22.531  2250  3066 D OplusDisplayStateMonitor: screenState: STATE_OFF  last screenState: STATE_DOZE
07-12 11:38:22.531  2250  3066 D OplusDisplayStateMonitor: screen state off for power save
07-12 11:38:22.532  2250  2250 I WallpaperManagerServiceExt: removeDisplayData. displayId = 0
07-12 11:38:22.532  2250  2250 D OAppNetControlService: Screens all off
07-12 11:38:22.533  2250  2305 D DisplayManagerService: MSG_REQUEST_TRAVERSAL pendingCompleted=false
07-12 11:38:22.534  2250  3271 D OplusFeatureDCBacklight: notifySfRepaintEverything begin mCurrentDCMode:1brightness=-1threshold=260
07-12 11:38:22.534  2250  3271 D OplusFeatureDCBacklight: notifySfRepaintEverything end
07-12 11:38:22.535  2250  3271 D OplusSmartBrightnessController: requestDisplayState isFirstDisplay=true state=1 globalDisplayState=0x0
07-12 11:38:22.535  2250  3271 D LocalDisplayAdapter: setDisplayState(id=4630947194340276609 isFirstDisplay=true state changed:DOZE->OFF) t-Name=PhotonicModulator
07-12 11:38:22.540  2250  2303 D OplusVFXScreenEffectFeature: notifySFCompatWindowStateChange entered false
07-12 11:38:22.540  2250  2305 I VRR [OPlusRefreshRateManager]: hasADFRFeature return false
07-12 11:38:22.540  2250  2305 I DisplayManagerService: Comparing display specs: baseModeId=2 allowGroupSwitching=false primaryRefreshRateRange=[0 120] appRequestRefreshRateRange=[0 120] vrrPolicy=POLICY_DEFAULT, existing: baseModeId=2 allowGroupSwitching=false primaryRefreshRateRange=[0 120] appRequestRefreshRateRange=[0 120] vrrPolicy=POLICY_DEFAULT
07-12 11:38:22.541  2250  2306 D DisplayManagerService: performTraversalInternal pendingTraversal
07-12 11:38:22.541  2250  2306 D DisplayDevice: setLayerStackLocked id=local:4630947194340276609 token=android.os.BinderProxy@abcc1ce stack=0->-1
07-12 11:38:22.822  2250  3271 D OplusPowerManagerHelper: setDozeLightSensorEnabled:false
07-12 11:38:22.822  2250  3271 D OplusDisplayPanelFeature: getDisplayPanelFeatureValue +++, featureID:20
07-12 11:38:22.822  2250  3271 D OplusDisplayPanelFeature: getDisplayPanelFeatureValue, ret = 0
07-12 11:38:22.822  2250  3271 I OplusDisplayPanelFeature: [0]
07-12 11:38:22.822  2250  3271 D OplusDisplayPanelFeature: getDisplayPanelFeatureValue ---, result = [0]
07-12 11:38:22.822  2250  3271 D OplusSilentRebootManager: silence flags file value is :0
07-12 11:38:22.823  2250  2379 D DisplayPowerState[0]: updateRunnable run fadeLevle=0.0 state=OFF brightness changed:4.0->-1.0
07-12 11:38:22.856  2250  2305 W AccessibilityWindowsPopulator: The displayInfo of this displayId (0) called back from the surface fligner is null
07-12 11:38:23.501  2250  5895 E OplusCustomizeRestrictionManagerService: isBiometricDisabled start
07-12 11:38:23.501  2250  5895 E OplusCustomizeRestrictionManagerService: isBiometricDisabled start
07-12 11:38:23.503  2250  4292 E OplusCustomizeRestrictionManagerService: isBiometricDisabled start
07-12 11:38:23.503  2250  4292 D LockSettingsService: [getStrongAuthForUser]  userId = 0
07-12 11:38:23.503  2250  4292 D BiometricUtils: isEncrypted: false isLockdown: false
07-12 11:38:23.504  2250  3236 D BiometricScheduler/Fingerprint21: [Added] {[1252] com.android.server.biometrics.sensors.fingerprint.hidl.FingerprintUpdateActiveUserClient, proto=1, owner=android, cookie=0, requestId=-1, userId=0}, new queue size: 1
07-12 11:38:23.504  2250  3236 D BiometricScheduler/Fingerprint21: [Polled] {[1252] com.android.server.biometrics.sensors.fingerprint.hidl.FingerprintUpdateActiveUserClient, proto=1, owner=android, cookie=0, requestId=-1, userId=0}, State: 0
07-12 11:38:23.504  2250  3236 D BiometricScheduler/Fingerprint21: [Started] {[1252] com.android.server.biometrics.sensors.fingerprint.hidl.FingerprintUpdateActiveUserClient, proto=1, owner=android, cookie=0, requestId=-1, userId=0}
07-12 11:38:23.504  2250  3236 D FingerprintUpdateActiveUserClient: Already user: com.android.server.biometrics.sensors.fingerprint.hidl.Fingerprint21$$ExternalSyntheticLambda1@37dd6dc, returning
07-12 11:38:23.504  2250  3236 D BiometricSchedulerOperation: [Finished / destroy]: {[1252] com.android.server.biometrics.sensors.fingerprint.hidl.FingerprintUpdateActiveUserClient, proto=1, owner=android, cookie=0, requestId=-1, userId=0}
07-12 11:38:23.504  2250  3236 V BiometricSchedulerOperation: started: {[1252] com.android.server.biometrics.sensors.fingerprint.hidl.FingerprintUpdateActiveUserClient, proto=1, owner=android, cookie=0, requestId=-1, userId=0}, State: 5
07-12 11:38:23.505  2250  3236 D BiometricScheduler/Fingerprint21: [Added] {[1253] com.android.server.biometrics.sensors.fingerprint.hidl.FingerprintAuthenticationClient, proto=3, owner=com.android.systemui, cookie=0, requestId=486, userId=0}, new queue size: 1
07-12 11:38:23.505  2250  3236 V BiometricScheduler/Fingerprint21: Not idle, current operation: {[1252] com.android.server.biometrics.sensors.fingerprint.hidl.FingerprintUpdateActiveUserClient, proto=1, owner=android, cookie=0, requestId=-1, userId=0}, State: 5
07-12 11:38:23.506  2250  3236 D BiometricScheduler/Fingerprint21: [Finishing] {[1252] com.android.server.biometrics.sensors.fingerprint.hidl.FingerprintUpdateActiveUserClient, proto=1, owner=android, cookie=0, requestId=-1, userId=0}, success: true
07-12 11:38:23.506  2250  3236 D BiometricScheduler/Fingerprint21: [Polled] {[1253] com.android.server.biometrics.sensors.fingerprint.hidl.FingerprintAuthenticationClient, proto=3, owner=com.android.systemui, cookie=0, requestId=486, userId=0}, State: 0
07-12 11:38:23.506  2250  3236 D GestureAvailabilityTracker: Notifying gesture availability, active=false
07-12 11:38:23.506  2250  3236 D BiometricScheduler/Fingerprint21: [Started] {[1253] com.android.server.biometrics.sensors.fingerprint.hidl.FingerprintAuthenticationClient, proto=3, owner=com.android.systemui, cookie=0, requestId=486, userId=0}
07-12 11:38:23.506  2250  3236 D BiometricCoexCoordinator: addAuthenticationClient(Udfps), client: {[1253] com.android.server.biometrics.sensors.fingerprint.hidl.FingerprintAuthenticationClient, proto=3, owner=com.android.systemui, cookie=0, requestId=486, userId=0}
07-12 11:38:23.506  2250  3236 D BiometricStateCallback: State updated from 0 to 2, client {[1253] com.android.server.biometrics.sensors.fingerprint.hidl.FingerprintAuthenticationClient, proto=3, owner=com.android.systemui, cookie=0, requestId=486, userId=0}
07-12 11:38:23.506  2250  3236 D Biometrics/AuthenticationClient: Requesting auth for com.android.systemui
07-12 11:38:23.506  2250  3236 D Biometrics/Fingerprint21/UdfpsHelperExtImpl: preShowUdfpsOverlay sensor:0 reason:4
